testeval_orig_.js:20:1:20:13 : RC(testeval_orig_.js:18:9:18:11) = 2
testeval_orig_.js:24:1:24:13 : RC(testeval_orig_.js:18:9:18:11) = 1
[2,false,"FUNCTION",{"sourceFileId":1,"iid":153},2,[],29,{"sourceFileId":1,"iid":129},261,{"sourceFileId":0,"iid":0}]
[3,false,"PROTOTYPE",{"sourceFileId":1,"iid":153},2,[],-20,{"sourceFileId":0,"iid":-1},261,{"sourceFileId":0,"iid":0}]
[4,false,"OBJECT",{"sourceFileId":1,"iid":25},7,[],-20,{"sourceFileId":0,"iid":-1},261,{"sourceFileId":0,"iid":0}]
[5,false,"FUNCTION",{"sourceFileId":2,"iid":45},17,[],25,{"sourceFileId":1,"iid":113},261,{"sourceFileId":0,"iid":0}]
[6,false,"PROTOTYPE",{"sourceFileId":2,"iid":45},17,[],-20,{"sourceFileId":0,"iid":-1},261,{"sourceFileId":0,"iid":0}]
[7,false,"DOM",{"sourceFileId":0,"iid":-2},32,[],-20,{"sourceFileId":0,"iid":-1},261,{"sourceFileId":0,"iid":0}]
[8,false,"DOM",{"sourceFileId":0,"iid":-2},34,[],-20,{"sourceFileId":0,"iid":-1},261,{"sourceFileId":0,"iid":0}]
[117,false,"DOM",{"sourceFileId":0,"iid":-2},253,[],-20,{"sourceFileId":0,"iid":-1},261,{"sourceFileId":0,"iid":0}]
[120,false,"DOM",{"sourceFileId":0,"iid":-2},259,[],-20,{"sourceFileId":0,"iid":-1},261,{"sourceFileId":0,"iid":0}]
[119,false,"DOM",{"sourceFileId":0,"iid":-2},257,[],-20,{"sourceFileId":0,"iid":-1},261,{"sourceFileId":0,"iid":0}]
[118,false,"DOM",{"sourceFileId":0,"iid":-2},255,[],-20,{"sourceFileId":0,"iid":-1},261,{"sourceFileId":0,"iid":0}]
[116,false,"DOM",{"sourceFileId":0,"iid":-2},251,[],-20,{"sourceFileId":0,"iid":-1},261,{"sourceFileId":0,"iid":0}]
[9,false,"DOM",{"sourceFileId":0,"iid":-2},37,[],-20,{"sourceFileId":0,"iid":-1},261,{"sourceFileId":0,"iid":0}]
[115,false,"DOM",{"sourceFileId":0,"iid":-2},249,[],-20,{"sourceFileId":0,"iid":-1},261,{"sourceFileId":0,"iid":0}]
[114,false,"DOM",{"sourceFileId":0,"iid":-2},247,[],-20,{"sourceFileId":0,"iid":-1},261,{"sourceFileId":0,"iid":0}]
[113,false,"DOM",{"sourceFileId":0,"iid":-2},245,[],-20,{"sourceFileId":0,"iid":-1},261,{"sourceFileId":0,"iid":0}]
[112,false,"DOM",{"sourceFileId":0,"iid":-2},243,[],-20,{"sourceFileId":0,"iid":-1},261,{"sourceFileId":0,"iid":0}]
[110,false,"DOM",{"sourceFileId":0,"iid":-2},239,[],-20,{"sourceFileId":0,"iid":-1},261,{"sourceFileId":0,"iid":0}]
[111,false,"DOM",{"sourceFileId":0,"iid":-2},241,[],-20,{"sourceFileId":0,"iid":-1},261,{"sourceFileId":0,"iid":0}]
[109,false,"DOM",{"sourceFileId":0,"iid":-2},237,[],-20,{"sourceFileId":0,"iid":-1},261,{"sourceFileId":0,"iid":0}]
[108,false,"DOM",{"sourceFileId":0,"iid":-2},235,[],-20,{"sourceFileId":0,"iid":-1},261,{"sourceFileId":0,"iid":0}]
[107,false,"DOM",{"sourceFileId":0,"iid":-2},233,[],-20,{"sourceFileId":0,"iid":-1},261,{"sourceFileId":0,"iid":0}]
[106,false,"DOM",{"sourceFileId":0,"iid":-2},231,[],-20,{"sourceFileId":0,"iid":-1},261,{"sourceFileId":0,"iid":0}]
[105,false,"DOM",{"sourceFileId":0,"iid":-2},229,[],-20,{"sourceFileId":0,"iid":-1},261,{"sourceFileId":0,"iid":0}]
[104,false,"DOM",{"sourceFileId":0,"iid":-2},227,[],-20,{"sourceFileId":0,"iid":-1},261,{"sourceFileId":0,"iid":0}]
[103,false,"DOM",{"sourceFileId":0,"iid":-2},225,[],-20,{"sourceFileId":0,"iid":-1},261,{"sourceFileId":0,"iid":0}]
[102,false,"DOM",{"sourceFileId":0,"iid":-2},223,[],-20,{"sourceFileId":0,"iid":-1},261,{"sourceFileId":0,"iid":0}]
[101,false,"DOM",{"sourceFileId":0,"iid":-2},221,[],-20,{"sourceFileId":0,"iid":-1},261,{"sourceFileId":0,"iid":0}]
[100,false,"DOM",{"sourceFileId":0,"iid":-2},219,[],-20,{"sourceFileId":0,"iid":-1},261,{"sourceFileId":0,"iid":0}]
[99,false,"DOM",{"sourceFileId":0,"iid":-2},217,[],-20,{"sourceFileId":0,"iid":-1},261,{"sourceFileId":0,"iid":0}]
[98,false,"DOM",{"sourceFileId":0,"iid":-2},215,[],-20,{"sourceFileId":0,"iid":-1},261,{"sourceFileId":0,"iid":0}]
[97,false,"DOM",{"sourceFileId":0,"iid":-2},213,[],-20,{"sourceFileId":0,"iid":-1},261,{"sourceFileId":0,"iid":0}]
[96,false,"DOM",{"sourceFileId":0,"iid":-2},211,[],-20,{"sourceFileId":0,"iid":-1},261,{"sourceFileId":0,"iid":0}]
[95,false,"DOM",{"sourceFileId":0,"iid":-2},209,[],-20,{"sourceFileId":0,"iid":-1},261,{"sourceFileId":0,"iid":0}]
[94,false,"DOM",{"sourceFileId":0,"iid":-2},207,[],-20,{"sourceFileId":0,"iid":-1},261,{"sourceFileId":0,"iid":0}]
[93,false,"DOM",{"sourceFileId":0,"iid":-2},205,[],-20,{"sourceFileId":0,"iid":-1},261,{"sourceFileId":0,"iid":0}]
[92,false,"DOM",{"sourceFileId":0,"iid":-2},203,[],-20,{"sourceFileId":0,"iid":-1},261,{"sourceFileId":0,"iid":0}]
[91,false,"DOM",{"sourceFileId":0,"iid":-2},201,[],-20,{"sourceFileId":0,"iid":-1},261,{"sourceFileId":0,"iid":0}]
[90,false,"DOM",{"sourceFileId":0,"iid":-2},199,[],-20,{"sourceFileId":0,"iid":-1},261,{"sourceFileId":0,"iid":0}]
[89,false,"DOM",{"sourceFileId":0,"iid":-2},197,[],-20,{"sourceFileId":0,"iid":-1},261,{"sourceFileId":0,"iid":0}]
[88,false,"DOM",{"sourceFileId":0,"iid":-2},195,[],-20,{"sourceFileId":0,"iid":-1},261,{"sourceFileId":0,"iid":0}]
[87,false,"DOM",{"sourceFileId":0,"iid":-2},193,[],-20,{"sourceFileId":0,"iid":-1},261,{"sourceFileId":0,"iid":0}]
[86,false,"DOM",{"sourceFileId":0,"iid":-2},191,[],-20,{"sourceFileId":0,"iid":-1},261,{"sourceFileId":0,"iid":0}]
[85,false,"DOM",{"sourceFileId":0,"iid":-2},189,[],-20,{"sourceFileId":0,"iid":-1},261,{"sourceFileId":0,"iid":0}]
[84,false,"DOM",{"sourceFileId":0,"iid":-2},187,[],-20,{"sourceFileId":0,"iid":-1},261,{"sourceFileId":0,"iid":0}]
[83,false,"DOM",{"sourceFileId":0,"iid":-2},185,[],-20,{"sourceFileId":0,"iid":-1},261,{"sourceFileId":0,"iid":0}]
[82,false,"DOM",{"sourceFileId":0,"iid":-2},183,[],-20,{"sourceFileId":0,"iid":-1},261,{"sourceFileId":0,"iid":0}]
[81,false,"DOM",{"sourceFileId":0,"iid":-2},181,[],-20,{"sourceFileId":0,"iid":-1},261,{"sourceFileId":0,"iid":0}]
[80,false,"DOM",{"sourceFileId":0,"iid":-2},179,[],-20,{"sourceFileId":0,"iid":-1},261,{"sourceFileId":0,"iid":0}]
[79,false,"DOM",{"sourceFileId":0,"iid":-2},177,[],-20,{"sourceFileId":0,"iid":-1},261,{"sourceFileId":0,"iid":0}]
[78,false,"DOM",{"sourceFileId":0,"iid":-2},175,[],-20,{"sourceFileId":0,"iid":-1},261,{"sourceFileId":0,"iid":0}]
[77,false,"DOM",{"sourceFileId":0,"iid":-2},173,[],-20,{"sourceFileId":0,"iid":-1},261,{"sourceFileId":0,"iid":0}]
[76,false,"DOM",{"sourceFileId":0,"iid":-2},171,[],-20,{"sourceFileId":0,"iid":-1},261,{"sourceFileId":0,"iid":0}]
[75,false,"DOM",{"sourceFileId":0,"iid":-2},169,[],-20,{"sourceFileId":0,"iid":-1},261,{"sourceFileId":0,"iid":0}]
[74,false,"DOM",{"sourceFileId":0,"iid":-2},167,[],-20,{"sourceFileId":0,"iid":-1},261,{"sourceFileId":0,"iid":0}]
[73,false,"DOM",{"sourceFileId":0,"iid":-2},165,[],-20,{"sourceFileId":0,"iid":-1},261,{"sourceFileId":0,"iid":0}]
[72,false,"DOM",{"sourceFileId":0,"iid":-2},163,[],-20,{"sourceFileId":0,"iid":-1},261,{"sourceFileId":0,"iid":0}]
[71,false,"DOM",{"sourceFileId":0,"iid":-2},161,[],-20,{"sourceFileId":0,"iid":-1},261,{"sourceFileId":0,"iid":0}]
[70,false,"DOM",{"sourceFileId":0,"iid":-2},159,[],-20,{"sourceFileId":0,"iid":-1},261,{"sourceFileId":0,"iid":0}]
[69,false,"DOM",{"sourceFileId":0,"iid":-2},157,[],-20,{"sourceFileId":0,"iid":-1},261,{"sourceFileId":0,"iid":0}]
[68,false,"DOM",{"sourceFileId":0,"iid":-2},155,[],-20,{"sourceFileId":0,"iid":-1},261,{"sourceFileId":0,"iid":0}]
[67,false,"DOM",{"sourceFileId":0,"iid":-2},153,[],-20,{"sourceFileId":0,"iid":-1},261,{"sourceFileId":0,"iid":0}]
[66,false,"DOM",{"sourceFileId":0,"iid":-2},151,[],-20,{"sourceFileId":0,"iid":-1},261,{"sourceFileId":0,"iid":0}]
[65,false,"DOM",{"sourceFileId":0,"iid":-2},149,[],-20,{"sourceFileId":0,"iid":-1},261,{"sourceFileId":0,"iid":0}]
[64,false,"DOM",{"sourceFileId":0,"iid":-2},147,[],-20,{"sourceFileId":0,"iid":-1},261,{"sourceFileId":0,"iid":0}]
[63,false,"DOM",{"sourceFileId":0,"iid":-2},145,[],-20,{"sourceFileId":0,"iid":-1},261,{"sourceFileId":0,"iid":0}]
[62,false,"DOM",{"sourceFileId":0,"iid":-2},143,[],-20,{"sourceFileId":0,"iid":-1},261,{"sourceFileId":0,"iid":0}]
[61,false,"DOM",{"sourceFileId":0,"iid":-2},141,[],-20,{"sourceFileId":0,"iid":-1},261,{"sourceFileId":0,"iid":0}]
[60,false,"DOM",{"sourceFileId":0,"iid":-2},139,[],-20,{"sourceFileId":0,"iid":-1},261,{"sourceFileId":0,"iid":0}]
[59,false,"DOM",{"sourceFileId":0,"iid":-2},137,[],-20,{"sourceFileId":0,"iid":-1},261,{"sourceFileId":0,"iid":0}]
[58,false,"DOM",{"sourceFileId":0,"iid":-2},135,[],-20,{"sourceFileId":0,"iid":-1},261,{"sourceFileId":0,"iid":0}]
[57,false,"DOM",{"sourceFileId":0,"iid":-2},133,[],-20,{"sourceFileId":0,"iid":-1},261,{"sourceFileId":0,"iid":0}]
[56,false,"DOM",{"sourceFileId":0,"iid":-2},131,[],-20,{"sourceFileId":0,"iid":-1},261,{"sourceFileId":0,"iid":0}]
[55,false,"DOM",{"sourceFileId":0,"iid":-2},129,[],-20,{"sourceFileId":0,"iid":-1},261,{"sourceFileId":0,"iid":0}]
[54,false,"DOM",{"sourceFileId":0,"iid":-2},127,[],-20,{"sourceFileId":0,"iid":-1},261,{"sourceFileId":0,"iid":0}]
[53,false,"DOM",{"sourceFileId":0,"iid":-2},125,[],-20,{"sourceFileId":0,"iid":-1},261,{"sourceFileId":0,"iid":0}]
[52,false,"DOM",{"sourceFileId":0,"iid":-2},123,[],-20,{"sourceFileId":0,"iid":-1},261,{"sourceFileId":0,"iid":0}]
[51,false,"DOM",{"sourceFileId":0,"iid":-2},121,[],-20,{"sourceFileId":0,"iid":-1},261,{"sourceFileId":0,"iid":0}]
[50,false,"DOM",{"sourceFileId":0,"iid":-2},119,[],-20,{"sourceFileId":0,"iid":-1},261,{"sourceFileId":0,"iid":0}]
[49,false,"DOM",{"sourceFileId":0,"iid":-2},117,[],-20,{"sourceFileId":0,"iid":-1},261,{"sourceFileId":0,"iid":0}]
[48,false,"DOM",{"sourceFileId":0,"iid":-2},115,[],-20,{"sourceFileId":0,"iid":-1},261,{"sourceFileId":0,"iid":0}]
[47,false,"DOM",{"sourceFileId":0,"iid":-2},113,[],-20,{"sourceFileId":0,"iid":-1},261,{"sourceFileId":0,"iid":0}]
[46,false,"DOM",{"sourceFileId":0,"iid":-2},111,[],-20,{"sourceFileId":0,"iid":-1},261,{"sourceFileId":0,"iid":0}]
[45,false,"DOM",{"sourceFileId":0,"iid":-2},109,[],-20,{"sourceFileId":0,"iid":-1},261,{"sourceFileId":0,"iid":0}]
[44,false,"DOM",{"sourceFileId":0,"iid":-2},107,[],-20,{"sourceFileId":0,"iid":-1},261,{"sourceFileId":0,"iid":0}]
[43,false,"DOM",{"sourceFileId":0,"iid":-2},105,[],-20,{"sourceFileId":0,"iid":-1},261,{"sourceFileId":0,"iid":0}]
[42,false,"DOM",{"sourceFileId":0,"iid":-2},103,[],-20,{"sourceFileId":0,"iid":-1},261,{"sourceFileId":0,"iid":0}]
[41,false,"DOM",{"sourceFileId":0,"iid":-2},101,[],-20,{"sourceFileId":0,"iid":-1},261,{"sourceFileId":0,"iid":0}]
[40,false,"DOM",{"sourceFileId":0,"iid":-2},99,[],-20,{"sourceFileId":0,"iid":-1},261,{"sourceFileId":0,"iid":0}]
[39,false,"DOM",{"sourceFileId":0,"iid":-2},97,[],-20,{"sourceFileId":0,"iid":-1},261,{"sourceFileId":0,"iid":0}]
[38,false,"DOM",{"sourceFileId":0,"iid":-2},95,[],-20,{"sourceFileId":0,"iid":-1},261,{"sourceFileId":0,"iid":0}]
[37,false,"DOM",{"sourceFileId":0,"iid":-2},93,[],-20,{"sourceFileId":0,"iid":-1},261,{"sourceFileId":0,"iid":0}]
[36,false,"DOM",{"sourceFileId":0,"iid":-2},91,[],-20,{"sourceFileId":0,"iid":-1},261,{"sourceFileId":0,"iid":0}]
[35,false,"DOM",{"sourceFileId":0,"iid":-2},89,[],-20,{"sourceFileId":0,"iid":-1},261,{"sourceFileId":0,"iid":0}]
[34,false,"DOM",{"sourceFileId":0,"iid":-2},87,[],-20,{"sourceFileId":0,"iid":-1},261,{"sourceFileId":0,"iid":0}]
[33,false,"DOM",{"sourceFileId":0,"iid":-2},85,[],-20,{"sourceFileId":0,"iid":-1},261,{"sourceFileId":0,"iid":0}]
[32,false,"DOM",{"sourceFileId":0,"iid":-2},83,[],-20,{"sourceFileId":0,"iid":-1},261,{"sourceFileId":0,"iid":0}]
[31,false,"DOM",{"sourceFileId":0,"iid":-2},81,[],-20,{"sourceFileId":0,"iid":-1},261,{"sourceFileId":0,"iid":0}]
[30,false,"DOM",{"sourceFileId":0,"iid":-2},79,[],-20,{"sourceFileId":0,"iid":-1},261,{"sourceFileId":0,"iid":0}]
[29,false,"DOM",{"sourceFileId":0,"iid":-2},77,[],-20,{"sourceFileId":0,"iid":-1},261,{"sourceFileId":0,"iid":0}]
[28,false,"DOM",{"sourceFileId":0,"iid":-2},75,[],-20,{"sourceFileId":0,"iid":-1},261,{"sourceFileId":0,"iid":0}]
[27,false,"DOM",{"sourceFileId":0,"iid":-2},73,[],-20,{"sourceFileId":0,"iid":-1},261,{"sourceFileId":0,"iid":0}]
[26,false,"DOM",{"sourceFileId":0,"iid":-2},71,[],-20,{"sourceFileId":0,"iid":-1},261,{"sourceFileId":0,"iid":0}]
[25,false,"DOM",{"sourceFileId":0,"iid":-2},69,[],-20,{"sourceFileId":0,"iid":-1},261,{"sourceFileId":0,"iid":0}]
[24,false,"DOM",{"sourceFileId":0,"iid":-2},67,[],-20,{"sourceFileId":0,"iid":-1},261,{"sourceFileId":0,"iid":0}]
[23,false,"DOM",{"sourceFileId":0,"iid":-2},65,[],-20,{"sourceFileId":0,"iid":-1},261,{"sourceFileId":0,"iid":0}]
[22,false,"DOM",{"sourceFileId":0,"iid":-2},63,[],-20,{"sourceFileId":0,"iid":-1},261,{"sourceFileId":0,"iid":0}]
[21,false,"DOM",{"sourceFileId":0,"iid":-2},61,[],-20,{"sourceFileId":0,"iid":-1},261,{"sourceFileId":0,"iid":0}]
[20,false,"DOM",{"sourceFileId":0,"iid":-2},59,[],-20,{"sourceFileId":0,"iid":-1},261,{"sourceFileId":0,"iid":0}]
[19,false,"DOM",{"sourceFileId":0,"iid":-2},57,[],-20,{"sourceFileId":0,"iid":-1},261,{"sourceFileId":0,"iid":0}]
[18,false,"DOM",{"sourceFileId":0,"iid":-2},55,[],-20,{"sourceFileId":0,"iid":-1},261,{"sourceFileId":0,"iid":0}]
[17,false,"DOM",{"sourceFileId":0,"iid":-2},53,[],-20,{"sourceFileId":0,"iid":-1},261,{"sourceFileId":0,"iid":0}]
[16,false,"DOM",{"sourceFileId":0,"iid":-2},51,[],-20,{"sourceFileId":0,"iid":-1},261,{"sourceFileId":0,"iid":0}]
[15,false,"DOM",{"sourceFileId":0,"iid":-2},49,[],-20,{"sourceFileId":0,"iid":-1},261,{"sourceFileId":0,"iid":0}]
[14,false,"DOM",{"sourceFileId":0,"iid":-2},47,[],-20,{"sourceFileId":0,"iid":-1},261,{"sourceFileId":0,"iid":0}]
[13,false,"DOM",{"sourceFileId":0,"iid":-2},45,[],-20,{"sourceFileId":0,"iid":-1},261,{"sourceFileId":0,"iid":0}]
[12,false,"DOM",{"sourceFileId":0,"iid":-2},43,[],-20,{"sourceFileId":0,"iid":-1},261,{"sourceFileId":0,"iid":0}]
[11,false,"DOM",{"sourceFileId":0,"iid":-2},41,[],-20,{"sourceFileId":0,"iid":-1},261,{"sourceFileId":0,"iid":0}]
[10,false,"DOM",{"sourceFileId":0,"iid":-2},39,[],-20,{"sourceFileId":0,"iid":-1},261,{"sourceFileId":0,"iid":0}]