Id: 2     Alloc: code_orig_.js:19:2:44:2                  Time: 43         Loc: code_orig_.js:19:1:44:6
Id: 3     Alloc: code_orig_.js:19:2:44:2                  Time: 43         Loc: code_orig_.js:19:1:44:6
Id: 4     Alloc: code_orig_.js:20:20:20:35                Time: 173        Loc: end of program
Id: 5     Alloc: code_orig_.js:20:49:20:65                Time: 42         Loc: code_orig_.js:19:2:44:2
Id: 6     Alloc: code_orig_.js:21:15:42:10                Time: 41         Loc: code_orig_.js:21:15:42:12
Id: 7     Alloc: code_orig_.js:21:15:42:10                Time: 41         Loc: code_orig_.js:21:15:42:12
Id: 8     Alloc: code_orig_.js:40:13:41:14                Time: 40         Loc: code_orig_.js:21:15:42:10
Id: 9     Alloc: code_orig_.js:40:13:41:14                Time: 40         Loc: code_orig_.js:21:15:42:10
Id: 10    Alloc: code_orig_.js:22:26:23:14                Time: 40         Loc: code_orig_.js:21:15:42:10
Id: 11    Alloc: code_orig_.js:22:26:23:14                Time: 37         Loc: code_orig_.js:24:13:37:15
Id: 12    Alloc: code_orig_.js:25:23:26:18                Time: 40         Loc: code_orig_.js:21:15:42:10
Id: 13    Alloc: code_orig_.js:25:23:26:18                Time: 40         Loc: code_orig_.js:21:15:42:10
Id: 14    Alloc: code_orig_.js:27:23:28:18                Time: 40         Loc: code_orig_.js:21:15:42:10
Id: 15    Alloc: code_orig_.js:27:23:28:18                Time: 40         Loc: code_orig_.js:21:15:42:10
Id: 16    Alloc: code_orig_.js:29:26:30:18                Time: 40         Loc: code_orig_.js:21:15:42:10
Id: 17    Alloc: code_orig_.js:29:26:30:18                Time: 40         Loc: code_orig_.js:21:15:42:10
Id: 18    Alloc: code_orig_.js:31:22:32:18                Time: 40         Loc: code_orig_.js:21:15:42:10
Id: 19    Alloc: code_orig_.js:31:22:32:18                Time: 40         Loc: code_orig_.js:21:15:42:10
Id: 20    Alloc: code_orig_.js:33:28:34:18                Time: 40         Loc: code_orig_.js:21:15:42:10
Id: 21    Alloc: code_orig_.js:33:28:34:18                Time: 40         Loc: code_orig_.js:21:15:42:10
Id: 22    Alloc: code_orig_.js:35:23:36:18                Time: 40         Loc: code_orig_.js:21:15:42:10
Id: 23    Alloc: code_orig_.js:35:23:36:18                Time: 40         Loc: code_orig_.js:21:15:42:10
Id: 24    Alloc: code_orig_.js:24:32:37:14                Time: 40         Loc: code_orig_.js:21:15:42:10
Id: 25    Alloc: code_orig_.js:38:14:39:14                Time: 39         Loc: code_orig_.js:38:13:39:16
Id: 26    Alloc: code_orig_.js:38:14:39:14                Time: 39         Loc: code_orig_.js:38:13:39:16
Id: 27    Alloc: initial DOM                              Time: 173        Loc: end of program
Id: 28    Alloc: initial DOM                              Time: 173        Loc: end of program
Id: 29    Alloc: initial DOM                              Time: 173        Loc: end of program
Id: 30    Alloc: initial DOM                              Time: 173        Loc: end of program
Id: 31    Alloc: initial DOM                              Time: 173        Loc: end of program
Id: 32    Alloc: initial DOM                              Time: 173        Loc: end of program
Id: 33    Alloc: initial DOM                              Time: 173        Loc: end of program
Id: 34    Alloc: initial DOM                              Time: 173        Loc: end of program
Id: 35    Alloc: initial DOM                              Time: 173        Loc: end of program
Id: 36    Alloc: initial DOM                              Time: 173        Loc: end of program
Id: 37    Alloc: initial DOM                              Time: 173        Loc: end of program
Id: 38    Alloc: initial DOM                              Time: 173        Loc: end of program
Id: 39    Alloc: initial DOM                              Time: 173        Loc: end of program
Id: 40    Alloc: initial DOM                              Time: 173        Loc: end of program
Id: 41    Alloc: initial DOM                              Time: 173        Loc: end of program
Id: 42    Alloc: initial DOM                              Time: 173        Loc: end of program
Id: 43    Alloc: initial DOM                              Time: 173        Loc: end of program
Id: 44    Alloc: initial DOM                              Time: 173        Loc: end of program
Id: 45    Alloc: initial DOM                              Time: 173        Loc: end of program
Id: 46    Alloc: initial DOM                              Time: 173        Loc: end of program
Id: 47    Alloc: initial DOM                              Time: 173        Loc: end of program
Id: 48    Alloc: initial DOM                              Time: 173        Loc: end of program
Id: 49    Alloc: initial DOM                              Time: 173        Loc: end of program
Id: 50    Alloc: initial DOM                              Time: 173        Loc: end of program
Id: 51    Alloc: initial DOM                              Time: 173        Loc: end of program
Id: 52    Alloc: initial DOM                              Time: 173        Loc: end of program
Id: 53    Alloc: initial DOM                              Time: 173        Loc: end of program
Id: 54    Alloc: initial DOM                              Time: 173        Loc: end of program
Id: 55    Alloc: initial DOM                              Time: 173        Loc: end of program
Id: 56    Alloc: initial DOM                              Time: 173        Loc: end of program
Id: 57    Alloc: initial DOM                              Time: 173        Loc: end of program
Id: 58    Alloc: initial DOM                              Time: 173        Loc: end of program
Id: 59    Alloc: initial DOM                              Time: 173        Loc: end of program
Id: 60    Alloc: initial DOM                              Time: 173        Loc: end of program
Id: 61    Alloc: initial DOM                              Time: 173        Loc: end of program
Id: 62    Alloc: initial DOM                              Time: 173        Loc: end of program
Id: 63    Alloc: initial DOM                              Time: 173        Loc: end of program
Id: 64    Alloc: initial DOM                              Time: 173        Loc: end of program
Id: 65    Alloc: initial DOM                              Time: 173        Loc: end of program
Id: 66    Alloc: initial DOM                              Time: 173        Loc: end of program
Id: 67    Alloc: initial DOM                              Time: 173        Loc: end of program
Id: 68    Alloc: initial DOM                              Time: 173        Loc: end of program
Id: 69    Alloc: initial DOM                              Time: 173        Loc: end of program
Id: 70    Alloc: initial DOM                              Time: 173        Loc: end of program
Id: 71    Alloc: initial DOM                              Time: 173        Loc: end of program
Id: 72    Alloc: initial DOM                              Time: 173        Loc: end of program
Id: 73    Alloc: initial DOM                              Time: 173        Loc: end of program
Id: 74    Alloc: initial DOM                              Time: 173        Loc: end of program
Id: 75    Alloc: initial DOM                              Time: 173        Loc: end of program
Id: 76    Alloc: initial DOM                              Time: 173        Loc: end of program
Id: 77    Alloc: initial DOM                              Time: 173        Loc: end of program
Id: 78    Alloc: initial DOM                              Time: 173        Loc: end of program
Id: 79    Alloc: initial DOM                              Time: 173        Loc: end of program
Id: 80    Alloc: initial DOM                              Time: 173        Loc: end of program
Id: 81    Alloc: initial DOM                              Time: 173        Loc: end of program
Id: 82    Alloc: initial DOM                              Time: 173        Loc: end of program
Id: 83    Alloc: initial DOM                              Time: 173        Loc: end of program
Id: 84    Alloc: initial DOM                              Time: 173        Loc: end of program
Id: 85    Alloc: initial DOM                              Time: 173        Loc: end of program
Id: 86    Alloc: initial DOM                              Time: 173        Loc: end of program
Id: 87    Alloc: initial DOM                              Time: 173        Loc: end of program
Id: 88    Alloc: initial DOM                              Time: 173        Loc: end of program
Id: 89    Alloc: initial DOM                              Time: 173        Loc: end of program