[6,"FUNCTION","1:25",9,["1:65","1:201"],0,"unknown",20,"1:129"]
[7,"PROTOTYPE","1:25",9,["1:65","1:201"],0,"unknown",10,"1:41"]
[4,"FUNCTION","1:161",4,["1:201"],12,"1:65",21,"1:265"]
[5,"PROTOTYPE","1:161",4,["1:201"],0,"unknown",21,"1:265"]
[2,"FUNCTION","1:193",2,[],21,"1:201",22,"1:209"]
[3,"PROTOTYPE","1:193",2,[],0,"unknown",22,"1:209"]
[8,"DOM","0:-2",24,[],0,"unknown",217,"end of program"]
[9,"DOM","0:-2",26,[],0,"unknown",217,"end of program"]
[100,"DOM","0:-2",209,[],0,"unknown",217,"end of program"]
[103,"DOM","0:-2",215,[],0,"unknown",217,"end of program"]
[102,"DOM","0:-2",213,[],0,"unknown",217,"end of program"]
[101,"DOM","0:-2",211,[],0,"unknown",217,"end of program"]
[99,"DOM","0:-2",207,[],0,"unknown",217,"end of program"]
[10,"DOM","0:-2",29,[],0,"unknown",217,"end of program"]
[98,"DOM","0:-2",205,[],0,"unknown",217,"end of program"]
[97,"DOM","0:-2",203,[],0,"unknown",217,"end of program"]
[96,"DOM","0:-2",201,[],0,"unknown",217,"end of program"]
[95,"DOM","0:-2",199,[],0,"unknown",217,"end of program"]
[93,"DOM","0:-2",195,[],0,"unknown",217,"end of program"]
[94,"DOM","0:-2",197,[],0,"unknown",217,"end of program"]
[92,"DOM","0:-2",193,[],0,"unknown",217,"end of program"]
[91,"DOM","0:-2",191,[],0,"unknown",217,"end of program"]
[90,"DOM","0:-2",189,[],0,"unknown",217,"end of program"]
[89,"DOM","0:-2",187,[],0,"unknown",217,"end of program"]
[88,"DOM","0:-2",185,[],0,"unknown",217,"end of program"]
[87,"DOM","0:-2",183,[],0,"unknown",217,"end of program"]
[86,"DOM","0:-2",181,[],0,"unknown",217,"end of program"]
[85,"DOM","0:-2",179,[],0,"unknown",217,"end of program"]
[84,"DOM","0:-2",177,[],0,"unknown",217,"end of program"]
[83,"DOM","0:-2",175,[],0,"unknown",217,"end of program"]
[82,"DOM","0:-2",173,[],0,"unknown",217,"end of program"]
[81,"DOM","0:-2",171,[],0,"unknown",217,"end of program"]
[80,"DOM","0:-2",169,[],0,"unknown",217,"end of program"]
[79,"DOM","0:-2",167,[],0,"unknown",217,"end of program"]
[78,"DOM","0:-2",165,[],0,"unknown",217,"end of program"]
[77,"DOM","0:-2",163,[],0,"unknown",217,"end of program"]
[76,"DOM","0:-2",161,[],0,"unknown",217,"end of program"]
[75,"DOM","0:-2",159,[],0,"unknown",217,"end of program"]
[74,"DOM","0:-2",157,[],0,"unknown",217,"end of program"]
[73,"DOM","0:-2",155,[],0,"unknown",217,"end of program"]
[72,"DOM","0:-2",153,[],0,"unknown",217,"end of program"]
[71,"DOM","0:-2",151,[],0,"unknown",217,"end of program"]
[70,"DOM","0:-2",149,[],0,"unknown",217,"end of program"]
[69,"DOM","0:-2",147,[],0,"unknown",217,"end of program"]
[68,"DOM","0:-2",145,[],0,"unknown",217,"end of program"]
[67,"DOM","0:-2",143,[],0,"unknown",217,"end of program"]
[66,"DOM","0:-2",141,[],0,"unknown",217,"end of program"]
[65,"DOM","0:-2",139,[],0,"unknown",217,"end of program"]
[64,"DOM","0:-2",137,[],0,"unknown",217,"end of program"]
[63,"DOM","0:-2",135,[],0,"unknown",217,"end of program"]
[62,"DOM","0:-2",133,[],0,"unknown",217,"end of program"]
[61,"DOM","0:-2",131,[],0,"unknown",217,"end of program"]
[60,"DOM","0:-2",129,[],0,"unknown",217,"end of program"]
[59,"DOM","0:-2",127,[],0,"unknown",217,"end of program"]
[58,"DOM","0:-2",125,[],0,"unknown",217,"end of program"]
[57,"DOM","0:-2",123,[],0,"unknown",217,"end of program"]
[56,"DOM","0:-2",121,[],0,"unknown",217,"end of program"]
[55,"DOM","0:-2",119,[],0,"unknown",217,"end of program"]
[54,"DOM","0:-2",117,[],0,"unknown",217,"end of program"]
[53,"DOM","0:-2",115,[],0,"unknown",217,"end of program"]
[52,"DOM","0:-2",113,[],0,"unknown",217,"end of program"]
[51,"DOM","0:-2",111,[],0,"unknown",217,"end of program"]
[50,"DOM","0:-2",109,[],0,"unknown",217,"end of program"]
[49,"DOM","0:-2",107,[],0,"unknown",217,"end of program"]
[48,"DOM","0:-2",105,[],0,"unknown",217,"end of program"]
[47,"DOM","0:-2",103,[],0,"unknown",217,"end of program"]
[46,"DOM","0:-2",101,[],0,"unknown",217,"end of program"]
[45,"DOM","0:-2",99,[],0,"unknown",217,"end of program"]
[44,"DOM","0:-2",97,[],0,"unknown",217,"end of program"]
[43,"DOM","0:-2",95,[],0,"unknown",217,"end of program"]
[42,"DOM","0:-2",93,[],0,"unknown",217,"end of program"]
[41,"DOM","0:-2",91,[],0,"unknown",217,"end of program"]
[40,"DOM","0:-2",89,[],0,"unknown",217,"end of program"]
[39,"DOM","0:-2",87,[],0,"unknown",217,"end of program"]
[38,"DOM","0:-2",85,[],0,"unknown",217,"end of program"]
[37,"DOM","0:-2",83,[],0,"unknown",217,"end of program"]
[36,"DOM","0:-2",81,[],0,"unknown",217,"end of program"]
[35,"DOM","0:-2",79,[],0,"unknown",217,"end of program"]
[34,"DOM","0:-2",77,[],0,"unknown",217,"end of program"]
[33,"DOM","0:-2",75,[],0,"unknown",217,"end of program"]
[32,"DOM","0:-2",73,[],0,"unknown",217,"end of program"]
[31,"DOM","0:-2",71,[],0,"unknown",217,"end of program"]
[30,"DOM","0:-2",69,[],0,"unknown",217,"end of program"]
[29,"DOM","0:-2",67,[],0,"unknown",217,"end of program"]
[28,"DOM","0:-2",65,[],0,"unknown",217,"end of program"]
[27,"DOM","0:-2",63,[],0,"unknown",217,"end of program"]
[26,"DOM","0:-2",61,[],0,"unknown",217,"end of program"]
[25,"DOM","0:-2",59,[],0,"unknown",217,"end of program"]
[24,"DOM","0:-2",57,[],0,"unknown",217,"end of program"]
[23,"DOM","0:-2",55,[],0,"unknown",217,"end of program"]
[22,"DOM","0:-2",53,[],0,"unknown",217,"end of program"]
[21,"DOM","0:-2",51,[],0,"unknown",217,"end of program"]
[20,"DOM","0:-2",49,[],0,"unknown",217,"end of program"]
[19,"DOM","0:-2",47,[],0,"unknown",217,"end of program"]
[18,"DOM","0:-2",45,[],0,"unknown",217,"end of program"]
[17,"DOM","0:-2",43,[],0,"unknown",217,"end of program"]
[16,"DOM","0:-2",41,[],0,"unknown",217,"end of program"]
[15,"DOM","0:-2",39,[],0,"unknown",217,"end of program"]
[14,"DOM","0:-2",37,[],0,"unknown",217,"end of program"]
[13,"DOM","0:-2",35,[],0,"unknown",217,"end of program"]
[12,"DOM","0:-2",33,[],0,"unknown",217,"end of program"]
[11,"DOM","0:-2",31,[],0,"unknown",217,"end of program"]