Id: 2     Alloc: a_orig_.js:16:1:18:2                     Time: 114        Loc: end of program
Id: 3     Alloc: a_orig_.js:16:1:18:2                     Time: 114        Loc: end of program
Id: 4     Alloc: b_orig_.js:17:9:17:16                    Time: 114        Loc: end of program
Id: 5     Alloc: b_orig_.js:19:12:19:14                   Time: 114        Loc: end of program
Id: 6     Alloc: b_orig_.js:19:24:19:26                   Time: 114        Loc: end of program
Id: 7     Alloc: b_orig_.js:19:36:19:38                   Time: 114        Loc: end of program
Id: 8     Alloc: b_orig_.js:20:18:20:46                   Time: 59         Loc: b_orig_.js:20:9:20:48
Id: 9     Alloc: b_orig_.js:20:18:20:46                   Time: 59         Loc: b_orig_.js:20:9:20:48
Id: 10    Alloc: b_orig_.js:20:12:20:47                   Time: 114        Loc: end of program
Id: 11    Alloc: initial DOM                              Time: 114        Loc: end of program
Id: 12    Alloc: initial DOM                              Time: 114        Loc: end of program
Id: 13    Alloc: initial DOM                              Time: 114        Loc: end of program
Id: 14    Alloc: initial DOM                              Time: 114        Loc: end of program
Id: 15    Alloc: initial DOM                              Time: 114        Loc: end of program
Id: 16    Alloc: initial DOM                              Time: 114        Loc: end of program
Id: 17    Alloc: initial DOM                              Time: 114        Loc: end of program
Id: 18    Alloc: initial DOM                              Time: 114        Loc: end of program
Id: 19    Alloc: initial DOM                              Time: 114        Loc: end of program
Id: 20    Alloc: initial DOM                              Time: 114        Loc: end of program
Id: 21    Alloc: initial DOM                              Time: 114        Loc: end of program
Id: 22    Alloc: initial DOM                              Time: 114        Loc: end of program
Id: 23    Alloc: initial DOM                              Time: 114        Loc: end of program
Id: 24    Alloc: initial DOM                              Time: 114        Loc: end of program
Id: 25    Alloc: initial DOM                              Time: 114        Loc: end of program
Id: 26    Alloc: initial DOM                              Time: 114        Loc: end of program
Id: 27    Alloc: initial DOM                              Time: 114        Loc: end of program
Id: 28    Alloc: initial DOM                              Time: 114        Loc: end of program
Id: 29    Alloc: initial DOM                              Time: 114        Loc: end of program
Id: 30    Alloc: initial DOM                              Time: 114        Loc: end of program
Id: 31    Alloc: initial DOM                              Time: 114        Loc: end of program
Id: 32    Alloc: initial DOM                              Time: 114        Loc: end of program
Id: 33    Alloc: initial DOM                              Time: 114        Loc: end of program
Id: 34    Alloc: initial DOM                              Time: 114        Loc: end of program
Id: 35    Alloc: initial DOM                              Time: 114        Loc: end of program
Id: 36    Alloc: initial DOM                              Time: 114        Loc: end of program