[6,"OBJECT","lifetime-analysis/test/traces/htmlTest11/code_orig_.js:22:19:22:39",13,["lifetime-analysis/test/traces/htmlTest11/code_orig_.js:33:5:33:8","lifetime-analysis/test/traces/htmlTest11/code_orig_.js:19:1:34:5"],193,"lifetime-analysis/test/traces/htmlTest11/code_orig_.js:27:37:27:46",195,"lifetime-analysis/test/traces/htmlTest11/code_orig_.js:25:20:30:10"]
[9,"OBJECT","lifetime-analysis/test/traces/htmlTest11/code_orig_.js:31:9:31:42",20,["lifetime-analysis/test/traces/htmlTest11/code_orig_.js:33:5:33:8","lifetime-analysis/test/traces/htmlTest11/code_orig_.js:19:1:34:5"],20,"lifetime-analysis/test/traces/htmlTest11/code_orig_.js:31:9:31:42",23,"lifetime-analysis/test/traces/htmlTest11/code_orig_.js:21:13:32:6"]
[4,"FUNCTION","lifetime-analysis/test/traces/htmlTest11/code_orig_.js:21:13:32:6",8,["lifetime-analysis/test/traces/htmlTest11/code_orig_.js:19:1:34:5"],23,"lifetime-analysis/test/traces/htmlTest11/code_orig_.js:33:5:33:8",25,"lifetime-analysis/test/traces/htmlTest11/code_orig_.js:19:2:34:2"]
[5,"PROTOTYPE","lifetime-analysis/test/traces/htmlTest11/code_orig_.js:21:13:32:6",8,["lifetime-analysis/test/traces/htmlTest11/code_orig_.js:19:1:34:5"],8,"lifetime-analysis/test/traces/htmlTest11/code_orig_.js:21:13:32:6",25,"lifetime-analysis/test/traces/htmlTest11/code_orig_.js:19:2:34:2"]
[2,"FUNCTION","lifetime-analysis/test/traces/htmlTest11/code_orig_.js:19:2:34:2",4,[],25,"lifetime-analysis/test/traces/htmlTest11/code_orig_.js:19:1:34:5",26,"lifetime-analysis/test/traces/htmlTest11/code_orig_.js:19:1:34:6"]
[3,"PROTOTYPE","lifetime-analysis/test/traces/htmlTest11/code_orig_.js:19:2:34:2",4,[],4,"lifetime-analysis/test/traces/htmlTest11/code_orig_.js:19:2:34:2",26,"lifetime-analysis/test/traces/htmlTest11/code_orig_.js:19:1:34:6"]
[10,"DOM","initial DOM",28,[],28,"initial DOM",197,"end of program"]
[11,"DOM","initial DOM",30,[],197,"end of program",197,"end of program"]
[89,"DOM","initial DOM",187,[],197,"end of program",197,"end of program"]
[90,"DOM","initial DOM",189,[],197,"end of program",197,"end of program"]
[12,"DOM","initial DOM",33,[],197,"end of program",197,"end of program"]
[88,"DOM","initial DOM",185,[],197,"end of program",197,"end of program"]
[87,"DOM","initial DOM",183,[],197,"end of program",197,"end of program"]
[86,"DOM","initial DOM",181,[],197,"end of program",197,"end of program"]
[85,"DOM","initial DOM",179,[],197,"end of program",197,"end of program"]
[83,"DOM","initial DOM",175,[],197,"end of program",197,"end of program"]
[84,"DOM","initial DOM",177,[],197,"end of program",197,"end of program"]
[82,"DOM","initial DOM",173,[],197,"end of program",197,"end of program"]
[81,"DOM","initial DOM",171,[],197,"end of program",197,"end of program"]
[80,"DOM","initial DOM",169,[],197,"end of program",197,"end of program"]
[79,"DOM","initial DOM",167,[],197,"end of program",197,"end of program"]
[78,"DOM","initial DOM",165,[],197,"end of program",197,"end of program"]
[77,"DOM","initial DOM",163,[],197,"end of program",197,"end of program"]
[76,"DOM","initial DOM",161,[],197,"end of program",197,"end of program"]
[75,"DOM","initial DOM",159,[],197,"end of program",197,"end of program"]
[74,"DOM","initial DOM",157,[],197,"end of program",197,"end of program"]
[73,"DOM","initial DOM",155,[],197,"end of program",197,"end of program"]
[72,"DOM","initial DOM",153,[],197,"end of program",197,"end of program"]
[71,"DOM","initial DOM",151,[],197,"end of program",197,"end of program"]
[70,"DOM","initial DOM",149,[],197,"end of program",197,"end of program"]
[69,"DOM","initial DOM",147,[],197,"end of program",197,"end of program"]
[68,"DOM","initial DOM",145,[],197,"end of program",197,"end of program"]
[67,"DOM","initial DOM",143,[],197,"end of program",197,"end of program"]
[66,"DOM","initial DOM",141,[],197,"end of program",197,"end of program"]
[65,"DOM","initial DOM",139,[],197,"end of program",197,"end of program"]
[64,"DOM","initial DOM",137,[],197,"end of program",197,"end of program"]
[63,"DOM","initial DOM",135,[],197,"end of program",197,"end of program"]
[62,"DOM","initial DOM",133,[],197,"end of program",197,"end of program"]
[61,"DOM","initial DOM",131,[],197,"end of program",197,"end of program"]
[60,"DOM","initial DOM",129,[],197,"end of program",197,"end of program"]
[59,"DOM","initial DOM",127,[],197,"end of program",197,"end of program"]
[58,"DOM","initial DOM",125,[],197,"end of program",197,"end of program"]
[57,"DOM","initial DOM",123,[],197,"end of program",197,"end of program"]
[56,"DOM","initial DOM",121,[],197,"end of program",197,"end of program"]
[55,"DOM","initial DOM",119,[],197,"end of program",197,"end of program"]
[54,"DOM","initial DOM",117,[],197,"end of program",197,"end of program"]
[53,"DOM","initial DOM",115,[],197,"end of program",197,"end of program"]
[52,"DOM","initial DOM",113,[],197,"end of program",197,"end of program"]
[51,"DOM","initial DOM",111,[],197,"end of program",197,"end of program"]
[50,"DOM","initial DOM",109,[],197,"end of program",197,"end of program"]
[49,"DOM","initial DOM",107,[],197,"end of program",197,"end of program"]
[48,"DOM","initial DOM",105,[],197,"end of program",197,"end of program"]
[47,"DOM","initial DOM",103,[],197,"end of program",197,"end of program"]
[46,"DOM","initial DOM",101,[],197,"end of program",197,"end of program"]
[45,"DOM","initial DOM",99,[],197,"end of program",197,"end of program"]
[44,"DOM","initial DOM",97,[],197,"end of program",197,"end of program"]
[43,"DOM","initial DOM",95,[],197,"end of program",197,"end of program"]
[42,"DOM","initial DOM",93,[],197,"end of program",197,"end of program"]
[41,"DOM","initial DOM",91,[],197,"end of program",197,"end of program"]
[40,"DOM","initial DOM",89,[],197,"end of program",197,"end of program"]
[39,"DOM","initial DOM",87,[],197,"end of program",197,"end of program"]
[38,"DOM","initial DOM",85,[],197,"end of program",197,"end of program"]
[37,"DOM","initial DOM",83,[],197,"end of program",197,"end of program"]
[36,"DOM","initial DOM",81,[],197,"end of program",197,"end of program"]
[35,"DOM","initial DOM",79,[],197,"end of program",197,"end of program"]
[34,"DOM","initial DOM",77,[],197,"end of program",197,"end of program"]
[33,"DOM","initial DOM",75,[],197,"end of program",197,"end of program"]
[32,"DOM","initial DOM",73,[],197,"end of program",197,"end of program"]
[31,"DOM","initial DOM",71,[],197,"end of program",197,"end of program"]
[30,"DOM","initial DOM",69,[],197,"end of program",197,"end of program"]
[29,"DOM","initial DOM",67,[],197,"end of program",197,"end of program"]
[28,"DOM","initial DOM",65,[],197,"end of program",197,"end of program"]
[27,"DOM","initial DOM",63,[],197,"end of program",197,"end of program"]
[26,"DOM","initial DOM",61,[],197,"end of program",197,"end of program"]
[25,"DOM","initial DOM",59,[],197,"end of program",197,"end of program"]
[24,"DOM","initial DOM",57,[],197,"end of program",197,"end of program"]
[23,"DOM","initial DOM",55,[],197,"end of program",197,"end of program"]
[22,"DOM","initial DOM",53,[],197,"end of program",197,"end of program"]
[21,"DOM","initial DOM",51,[],197,"end of program",197,"end of program"]
[20,"DOM","initial DOM",49,[],197,"end of program",197,"end of program"]
[19,"DOM","initial DOM",47,[],197,"end of program",197,"end of program"]
[18,"DOM","initial DOM",45,[],197,"end of program",197,"end of program"]
[17,"DOM","initial DOM",43,[],197,"end of program",197,"end of program"]
[16,"DOM","initial DOM",41,[],197,"end of program",197,"end of program"]
[15,"DOM","initial DOM",39,[],197,"end of program",197,"end of program"]
[14,"DOM","initial DOM",37,[],197,"end of program",197,"end of program"]
[13,"DOM","initial DOM",35,[],197,"end of program",197,"end of program"]
[7,"FUNCTION","lifetime-analysis/test/traces/htmlTest11/code_orig_.js:25:20:30:10",16,["lifetime-analysis/test/traces/htmlTest11/code_orig_.js:33:5:33:8","lifetime-analysis/test/traces/htmlTest11/code_orig_.js:19:1:34:5"],192,"lifetime-analysis/test/traces/htmlTest11/code_orig_.js:25:20:30:10",196,"lifetime-analysis/test/traces/htmlTest11/code_orig_.js:25:20:30:10"]
[8,"PROTOTYPE","lifetime-analysis/test/traces/htmlTest11/code_orig_.js:25:20:30:10",16,["lifetime-analysis/test/traces/htmlTest11/code_orig_.js:33:5:33:8","lifetime-analysis/test/traces/htmlTest11/code_orig_.js:19:1:34:5"],16,"lifetime-analysis/test/traces/htmlTest11/code_orig_.js:25:20:30:10",196,"lifetime-analysis/test/traces/htmlTest11/code_orig_.js:25:20:30:10"]
last use
[3,4,"lifetime-analysis/test/traces/htmlTest11/code_orig_.js:19:2:34:2"]
[5,8,"lifetime-analysis/test/traces/htmlTest11/code_orig_.js:21:13:32:6"]
[8,16,"lifetime-analysis/test/traces/htmlTest11/code_orig_.js:25:20:30:10"]
[9,20,"lifetime-analysis/test/traces/htmlTest11/code_orig_.js:31:9:31:42"]
[4,23,"lifetime-analysis/test/traces/htmlTest11/code_orig_.js:33:5:33:8"]
[2,25,"lifetime-analysis/test/traces/htmlTest11/code_orig_.js:19:1:34:5"]
[10,28,"initial DOM"]
[7,192,"lifetime-analysis/test/traces/htmlTest11/code_orig_.js:25:20:30:10"]
[6,193,"lifetime-analysis/test/traces/htmlTest11/code_orig_.js:27:37:27:46"]
[11,197,"end of program"]
[12,197,"end of program"]
[13,197,"end of program"]
[14,197,"end of program"]
[15,197,"end of program"]
[16,197,"end of program"]
[17,197,"end of program"]
[18,197,"end of program"]
[19,197,"end of program"]
[20,197,"end of program"]
[21,197,"end of program"]
[22,197,"end of program"]
[23,197,"end of program"]
[24,197,"end of program"]
[25,197,"end of program"]
[26,197,"end of program"]
[27,197,"end of program"]
[28,197,"end of program"]
[29,197,"end of program"]
[30,197,"end of program"]
[31,197,"end of program"]
[32,197,"end of program"]
[33,197,"end of program"]
[34,197,"end of program"]
[35,197,"end of program"]
[36,197,"end of program"]
[37,197,"end of program"]
[38,197,"end of program"]
[39,197,"end of program"]
[40,197,"end of program"]
[41,197,"end of program"]
[42,197,"end of program"]
[43,197,"end of program"]
[44,197,"end of program"]
[45,197,"end of program"]
[46,197,"end of program"]
[47,197,"end of program"]
[48,197,"end of program"]
[49,197,"end of program"]
[50,197,"end of program"]
[51,197,"end of program"]
[52,197,"end of program"]
[53,197,"end of program"]
[54,197,"end of program"]
[55,197,"end of program"]
[56,197,"end of program"]
[57,197,"end of program"]
[58,197,"end of program"]
[59,197,"end of program"]
[60,197,"end of program"]
[61,197,"end of program"]
[62,197,"end of program"]
[63,197,"end of program"]
[64,197,"end of program"]
[65,197,"end of program"]
[66,197,"end of program"]
[67,197,"end of program"]
[68,197,"end of program"]
[69,197,"end of program"]
[70,197,"end of program"]
[71,197,"end of program"]
[72,197,"end of program"]
[73,197,"end of program"]
[74,197,"end of program"]
[75,197,"end of program"]
[76,197,"end of program"]
[77,197,"end of program"]
[78,197,"end of program"]
[79,197,"end of program"]
[80,197,"end of program"]
[81,197,"end of program"]
[82,197,"end of program"]
[83,197,"end of program"]
[84,197,"end of program"]
[85,197,"end of program"]
[86,197,"end of program"]
[87,197,"end of program"]
[88,197,"end of program"]
[89,197,"end of program"]
[90,197,"end of program"]
unreachable
[9,23,"lifetime-analysis/test/traces/htmlTest11/code_orig_.js:21:13:32:6"]
[5,25,"lifetime-analysis/test/traces/htmlTest11/code_orig_.js:19:2:34:2"]
[4,25,"lifetime-analysis/test/traces/htmlTest11/code_orig_.js:19:2:34:2"]
[3,26,"lifetime-analysis/test/traces/htmlTest11/code_orig_.js:19:1:34:6"]
[2,26,"lifetime-analysis/test/traces/htmlTest11/code_orig_.js:19:1:34:6"]
[6,195,"lifetime-analysis/test/traces/htmlTest11/code_orig_.js:25:20:30:10"]
[8,196,"lifetime-analysis/test/traces/htmlTest11/code_orig_.js:25:20:30:10"]
[7,196,"lifetime-analysis/test/traces/htmlTest11/code_orig_.js:25:20:30:10"]
[10,197,"end of program"]
[11,197,"end of program"]
[12,197,"end of program"]
[13,197,"end of program"]
[14,197,"end of program"]
[15,197,"end of program"]
[16,197,"end of program"]
[17,197,"end of program"]
[18,197,"end of program"]
[19,197,"end of program"]
[20,197,"end of program"]
[21,197,"end of program"]
[22,197,"end of program"]
[23,197,"end of program"]
[24,197,"end of program"]
[25,197,"end of program"]
[26,197,"end of program"]
[27,197,"end of program"]
[28,197,"end of program"]
[29,197,"end of program"]
[30,197,"end of program"]
[31,197,"end of program"]
[32,197,"end of program"]
[33,197,"end of program"]
[34,197,"end of program"]
[35,197,"end of program"]
[36,197,"end of program"]
[37,197,"end of program"]
[38,197,"end of program"]
[39,197,"end of program"]
[40,197,"end of program"]
[41,197,"end of program"]
[42,197,"end of program"]
[43,197,"end of program"]
[44,197,"end of program"]
[45,197,"end of program"]
[46,197,"end of program"]
[47,197,"end of program"]
[48,197,"end of program"]
[49,197,"end of program"]
[50,197,"end of program"]
[51,197,"end of program"]
[52,197,"end of program"]
[53,197,"end of program"]
[54,197,"end of program"]
[55,197,"end of program"]
[56,197,"end of program"]
[57,197,"end of program"]
[58,197,"end of program"]
[59,197,"end of program"]
[60,197,"end of program"]
[61,197,"end of program"]
[62,197,"end of program"]
[63,197,"end of program"]
[64,197,"end of program"]
[65,197,"end of program"]
[66,197,"end of program"]
[67,197,"end of program"]
[68,197,"end of program"]
[69,197,"end of program"]
[70,197,"end of program"]
[71,197,"end of program"]
[72,197,"end of program"]
[73,197,"end of program"]
[74,197,"end of program"]
[75,197,"end of program"]
[76,197,"end of program"]
[77,197,"end of program"]
[78,197,"end of program"]
[79,197,"end of program"]
[80,197,"end of program"]
[81,197,"end of program"]
[82,197,"end of program"]
[83,197,"end of program"]
[84,197,"end of program"]
[85,197,"end of program"]
[86,197,"end of program"]
[87,197,"end of program"]
[88,197,"end of program"]
[89,197,"end of program"]
[90,197,"end of program"]