testeval_orig_.js:20:1:20:13 : RC(testeval_orig_.js:18:9:18:11) = 2
testeval_orig_.js:24:1:24:13 : RC(testeval_orig_.js:18:9:18:11) = 1
{
  "functionTrace": [
    [
      0,
      13,
      1,
      9
    ],
    [
      1,
      14,
      1,
      201
    ],
    [
      0,
      22,
      2,
      29
    ],
    [
      1,
      25,
      2,
      85
    ],
    [
      0,
      28,
      1,
      9
    ],
    [
      1,
      29,
      1,
      201
    ]
  ],
  "objectInfo": {
    "eval:1:5:1:34": [
      {
        "objectId": 5,
        "creationTime": 17,
        "creationCallStack": [],
        "unreachableTime": 261,
        "unreachableSite": "end of program",
        "staleness": 236,
        "lastUseTime": 25,
        "lastUseSite": {
          "sourceFileId": 1,
          "iid": 113
        },
        "shallowSize": 2,
        "type": "FUNCTION"
      },
      {
        "objectId": 6,
        "creationTime": 17,
        "creationCallStack": [],
        "unreachableTime": 261,
        "unreachableSite": "end of program",
        "staleness": 244,
        "lastUseTime": "never used",
        "lastUseSite": "never used",
        "shallowSize": 1,
        "type": "PROTOTYPE"
      }
    ],
    "initial DOM": [
      {
        "objectId": 7,
        "creationTime": 32,
        "creationCallStack": [],
        "unreachableTime": 261,
        "unreachableSite": "end of program",
        "staleness": 229,
        "lastUseTime": "never used",
        "lastUseSite": "never used",
        "shallowSize": 2,
        "type": "DOM"
      },
      {
        "objectId": 8,
        "creationTime": 34,
        "creationCallStack": [],
        "unreachableTime": 261,
        "unreachableSite": "end of program",
        "staleness": 0,
        "lastUseTime": 261,
        "lastUseSite": "removed from DOM",
        "shallowSize": 4,
        "type": "DOM"
      },
      {
        "objectId": 9,
        "creationTime": 37,
        "creationCallStack": [],
        "unreachableTime": 261,
        "unreachableSite": "end of program",
        "staleness": 0,
        "lastUseTime": 261,
        "lastUseSite": "removed from DOM",
        "shallowSize": 106,
        "type": "DOM"
      },
      {
        "objectId": 10,
        "creationTime": 39,
        "creationCallStack": [],
        "unreachableTime": 261,
        "unreachableSite": "end of program",
        "staleness": 0,
        "lastUseTime": 261,
        "lastUseSite": "removed from DOM",
        "shallowSize": 1,
        "type": "DOM"
      },
      {
        "objectId": 11,
        "creationTime": 41,
        "creationCallStack": [],
        "unreachableTime": 261,
        "unreachableSite": "end of program",
        "staleness": 0,
        "lastUseTime": 261,
        "lastUseSite": "removed from DOM",
        "shallowSize": 1,
        "type": "DOM"
      },
      {
        "objectId": 12,
        "creationTime": 43,
        "creationCallStack": [],
        "unreachableTime": 261,
        "unreachableSite": "end of program",
        "staleness": 0,
        "lastUseTime": 261,
        "lastUseSite": "removed from DOM",
        "shallowSize": 1,
        "type": "DOM"
      },
      {
        "objectId": 13,
        "creationTime": 45,
        "creationCallStack": [],
        "unreachableTime": 261,
        "unreachableSite": "end of program",
        "staleness": 0,
        "lastUseTime": 261,
        "lastUseSite": "removed from DOM",
        "shallowSize": 1,
        "type": "DOM"
      },
      {
        "objectId": 14,
        "creationTime": 47,
        "creationCallStack": [],
        "unreachableTime": 261,
        "unreachableSite": "end of program",
        "staleness": 0,
        "lastUseTime": 261,
        "lastUseSite": "removed from DOM",
        "shallowSize": 1,
        "type": "DOM"
      },
      {
        "objectId": 15,
        "creationTime": 49,
        "creationCallStack": [],
        "unreachableTime": 261,
        "unreachableSite": "end of program",
        "staleness": 0,
        "lastUseTime": 261,
        "lastUseSite": "removed from DOM",
        "shallowSize": 1,
        "type": "DOM"
      },
      {
        "objectId": 16,
        "creationTime": 51,
        "creationCallStack": [],
        "unreachableTime": 261,
        "unreachableSite": "end of program",
        "staleness": 0,
        "lastUseTime": 261,
        "lastUseSite": "removed from DOM",
        "shallowSize": 1,
        "type": "DOM"
      },
      {
        "objectId": 17,
        "creationTime": 53,
        "creationCallStack": [],
        "unreachableTime": 261,
        "unreachableSite": "end of program",
        "staleness": 0,
        "lastUseTime": 261,
        "lastUseSite": "removed from DOM",
        "shallowSize": 1,
        "type": "DOM"
      },
      {
        "objectId": 18,
        "creationTime": 55,
        "creationCallStack": [],
        "unreachableTime": 261,
        "unreachableSite": "end of program",
        "staleness": 0,
        "lastUseTime": 261,
        "lastUseSite": "removed from DOM",
        "shallowSize": 1,
        "type": "DOM"
      },
      {
        "objectId": 19,
        "creationTime": 57,
        "creationCallStack": [],
        "unreachableTime": 261,
        "unreachableSite": "end of program",
        "staleness": 0,
        "lastUseTime": 261,
        "lastUseSite": "removed from DOM",
        "shallowSize": 1,
        "type": "DOM"
      },
      {
        "objectId": 20,
        "creationTime": 59,
        "creationCallStack": [],
        "unreachableTime": 261,
        "unreachableSite": "end of program",
        "staleness": 0,
        "lastUseTime": 261,
        "lastUseSite": "removed from DOM",
        "shallowSize": 1,
        "type": "DOM"
      },
      {
        "objectId": 21,
        "creationTime": 61,
        "creationCallStack": [],
        "unreachableTime": 261,
        "unreachableSite": "end of program",
        "staleness": 0,
        "lastUseTime": 261,
        "lastUseSite": "removed from DOM",
        "shallowSize": 1,
        "type": "DOM"
      },
      {
        "objectId": 22,
        "creationTime": 63,
        "creationCallStack": [],
        "unreachableTime": 261,
        "unreachableSite": "end of program",
        "staleness": 0,
        "lastUseTime": 261,
        "lastUseSite": "removed from DOM",
        "shallowSize": 1,
        "type": "DOM"
      },
      {
        "objectId": 23,
        "creationTime": 65,
        "creationCallStack": [],
        "unreachableTime": 261,
        "unreachableSite": "end of program",
        "staleness": 0,
        "lastUseTime": 261,
        "lastUseSite": "removed from DOM",
        "shallowSize": 1,
        "type": "DOM"
      },
      {
        "objectId": 24,
        "creationTime": 67,
        "creationCallStack": [],
        "unreachableTime": 261,
        "unreachableSite": "end of program",
        "staleness": 0,
        "lastUseTime": 261,
        "lastUseSite": "removed from DOM",
        "shallowSize": 1,
        "type": "DOM"
      },
      {
        "objectId": 25,
        "creationTime": 69,
        "creationCallStack": [],
        "unreachableTime": 261,
        "unreachableSite": "end of program",
        "staleness": 0,
        "lastUseTime": 261,
        "lastUseSite": "removed from DOM",
        "shallowSize": 1,
        "type": "DOM"
      },
      {
        "objectId": 26,
        "creationTime": 71,
        "creationCallStack": [],
        "unreachableTime": 261,
        "unreachableSite": "end of program",
        "staleness": 0,
        "lastUseTime": 261,
        "lastUseSite": "removed from DOM",
        "shallowSize": 1,
        "type": "DOM"
      },
      {
        "objectId": 27,
        "creationTime": 73,
        "creationCallStack": [],
        "unreachableTime": 261,
        "unreachableSite": "end of program",
        "staleness": 0,
        "lastUseTime": 261,
        "lastUseSite": "removed from DOM",
        "shallowSize": 1,
        "type": "DOM"
      },
      {
        "objectId": 28,
        "creationTime": 75,
        "creationCallStack": [],
        "unreachableTime": 261,
        "unreachableSite": "end of program",
        "staleness": 0,
        "lastUseTime": 261,
        "lastUseSite": "removed from DOM",
        "shallowSize": 1,
        "type": "DOM"
      },
      {
        "objectId": 29,
        "creationTime": 77,
        "creationCallStack": [],
        "unreachableTime": 261,
        "unreachableSite": "end of program",
        "staleness": 0,
        "lastUseTime": 261,
        "lastUseSite": "removed from DOM",
        "shallowSize": 1,
        "type": "DOM"
      },
      {
        "objectId": 30,
        "creationTime": 79,
        "creationCallStack": [],
        "unreachableTime": 261,
        "unreachableSite": "end of program",
        "staleness": 0,
        "lastUseTime": 261,
        "lastUseSite": "removed from DOM",
        "shallowSize": 1,
        "type": "DOM"
      },
      {
        "objectId": 31,
        "creationTime": 81,
        "creationCallStack": [],
        "unreachableTime": 261,
        "unreachableSite": "end of program",
        "staleness": 0,
        "lastUseTime": 261,
        "lastUseSite": "removed from DOM",
        "shallowSize": 1,
        "type": "DOM"
      },
      {
        "objectId": 32,
        "creationTime": 83,
        "creationCallStack": [],
        "unreachableTime": 261,
        "unreachableSite": "end of program",
        "staleness": 0,
        "lastUseTime": 261,
        "lastUseSite": "removed from DOM",
        "shallowSize": 1,
        "type": "DOM"
      },
      {
        "objectId": 33,
        "creationTime": 85,
        "creationCallStack": [],
        "unreachableTime": 261,
        "unreachableSite": "end of program",
        "staleness": 0,
        "lastUseTime": 261,
        "lastUseSite": "removed from DOM",
        "shallowSize": 1,
        "type": "DOM"
      },
      {
        "objectId": 34,
        "creationTime": 87,
        "creationCallStack": [],
        "unreachableTime": 261,
        "unreachableSite": "end of program",
        "staleness": 0,
        "lastUseTime": 261,
        "lastUseSite": "removed from DOM",
        "shallowSize": 1,
        "type": "DOM"
      },
      {
        "objectId": 35,
        "creationTime": 89,
        "creationCallStack": [],
        "unreachableTime": 261,
        "unreachableSite": "end of program",
        "staleness": 0,
        "lastUseTime": 261,
        "lastUseSite": "removed from DOM",
        "shallowSize": 1,
        "type": "DOM"
      },
      {
        "objectId": 36,
        "creationTime": 91,
        "creationCallStack": [],
        "unreachableTime": 261,
        "unreachableSite": "end of program",
        "staleness": 0,
        "lastUseTime": 261,
        "lastUseSite": "removed from DOM",
        "shallowSize": 1,
        "type": "DOM"
      },
      {
        "objectId": 37,
        "creationTime": 93,
        "creationCallStack": [],
        "unreachableTime": 261,
        "unreachableSite": "end of program",
        "staleness": 0,
        "lastUseTime": 261,
        "lastUseSite": "removed from DOM",
        "shallowSize": 1,
        "type": "DOM"
      },
      {
        "objectId": 38,
        "creationTime": 95,
        "creationCallStack": [],
        "unreachableTime": 261,
        "unreachableSite": "end of program",
        "staleness": 0,
        "lastUseTime": 261,
        "lastUseSite": "removed from DOM",
        "shallowSize": 1,
        "type": "DOM"
      },
      {
        "objectId": 39,
        "creationTime": 97,
        "creationCallStack": [],
        "unreachableTime": 261,
        "unreachableSite": "end of program",
        "staleness": 0,
        "lastUseTime": 261,
        "lastUseSite": "removed from DOM",
        "shallowSize": 1,
        "type": "DOM"
      },
      {
        "objectId": 40,
        "creationTime": 99,
        "creationCallStack": [],
        "unreachableTime": 261,
        "unreachableSite": "end of program",
        "staleness": 0,
        "lastUseTime": 261,
        "lastUseSite": "removed from DOM",
        "shallowSize": 1,
        "type": "DOM"
      },
      {
        "objectId": 41,
        "creationTime": 101,
        "creationCallStack": [],
        "unreachableTime": 261,
        "unreachableSite": "end of program",
        "staleness": 0,
        "lastUseTime": 261,
        "lastUseSite": "removed from DOM",
        "shallowSize": 1,
        "type": "DOM"
      },
      {
        "objectId": 42,
        "creationTime": 103,
        "creationCallStack": [],
        "unreachableTime": 261,
        "unreachableSite": "end of program",
        "staleness": 0,
        "lastUseTime": 261,
        "lastUseSite": "removed from DOM",
        "shallowSize": 1,
        "type": "DOM"
      },
      {
        "objectId": 43,
        "creationTime": 105,
        "creationCallStack": [],
        "unreachableTime": 261,
        "unreachableSite": "end of program",
        "staleness": 0,
        "lastUseTime": 261,
        "lastUseSite": "removed from DOM",
        "shallowSize": 1,
        "type": "DOM"
      },
      {
        "objectId": 44,
        "creationTime": 107,
        "creationCallStack": [],
        "unreachableTime": 261,
        "unreachableSite": "end of program",
        "staleness": 0,
        "lastUseTime": 261,
        "lastUseSite": "removed from DOM",
        "shallowSize": 1,
        "type": "DOM"
      },
      {
        "objectId": 45,
        "creationTime": 109,
        "creationCallStack": [],
        "unreachableTime": 261,
        "unreachableSite": "end of program",
        "staleness": 0,
        "lastUseTime": 261,
        "lastUseSite": "removed from DOM",
        "shallowSize": 1,
        "type": "DOM"
      },
      {
        "objectId": 46,
        "creationTime": 111,
        "creationCallStack": [],
        "unreachableTime": 261,
        "unreachableSite": "end of program",
        "staleness": 0,
        "lastUseTime": 261,
        "lastUseSite": "removed from DOM",
        "shallowSize": 1,
        "type": "DOM"
      },
      {
        "objectId": 47,
        "creationTime": 113,
        "creationCallStack": [],
        "unreachableTime": 261,
        "unreachableSite": "end of program",
        "staleness": 0,
        "lastUseTime": 261,
        "lastUseSite": "removed from DOM",
        "shallowSize": 1,
        "type": "DOM"
      },
      {
        "objectId": 48,
        "creationTime": 115,
        "creationCallStack": [],
        "unreachableTime": 261,
        "unreachableSite": "end of program",
        "staleness": 0,
        "lastUseTime": 261,
        "lastUseSite": "removed from DOM",
        "shallowSize": 1,
        "type": "DOM"
      },
      {
        "objectId": 49,
        "creationTime": 117,
        "creationCallStack": [],
        "unreachableTime": 261,
        "unreachableSite": "end of program",
        "staleness": 0,
        "lastUseTime": 261,
        "lastUseSite": "removed from DOM",
        "shallowSize": 1,
        "type": "DOM"
      },
      {
        "objectId": 50,
        "creationTime": 119,
        "creationCallStack": [],
        "unreachableTime": 261,
        "unreachableSite": "end of program",
        "staleness": 0,
        "lastUseTime": 261,
        "lastUseSite": "removed from DOM",
        "shallowSize": 1,
        "type": "DOM"
      },
      {
        "objectId": 51,
        "creationTime": 121,
        "creationCallStack": [],
        "unreachableTime": 261,
        "unreachableSite": "end of program",
        "staleness": 0,
        "lastUseTime": 261,
        "lastUseSite": "removed from DOM",
        "shallowSize": 1,
        "type": "DOM"
      },
      {
        "objectId": 52,
        "creationTime": 123,
        "creationCallStack": [],
        "unreachableTime": 261,
        "unreachableSite": "end of program",
        "staleness": 0,
        "lastUseTime": 261,
        "lastUseSite": "removed from DOM",
        "shallowSize": 1,
        "type": "DOM"
      },
      {
        "objectId": 53,
        "creationTime": 125,
        "creationCallStack": [],
        "unreachableTime": 261,
        "unreachableSite": "end of program",
        "staleness": 0,
        "lastUseTime": 261,
        "lastUseSite": "removed from DOM",
        "shallowSize": 1,
        "type": "DOM"
      },
      {
        "objectId": 54,
        "creationTime": 127,
        "creationCallStack": [],
        "unreachableTime": 261,
        "unreachableSite": "end of program",
        "staleness": 0,
        "lastUseTime": 261,
        "lastUseSite": "removed from DOM",
        "shallowSize": 1,
        "type": "DOM"
      },
      {
        "objectId": 55,
        "creationTime": 129,
        "creationCallStack": [],
        "unreachableTime": 261,
        "unreachableSite": "end of program",
        "staleness": 0,
        "lastUseTime": 261,
        "lastUseSite": "removed from DOM",
        "shallowSize": 1,
        "type": "DOM"
      },
      {
        "objectId": 56,
        "creationTime": 131,
        "creationCallStack": [],
        "unreachableTime": 261,
        "unreachableSite": "end of program",
        "staleness": 0,
        "lastUseTime": 261,
        "lastUseSite": "removed from DOM",
        "shallowSize": 1,
        "type": "DOM"
      },
      {
        "objectId": 57,
        "creationTime": 133,
        "creationCallStack": [],
        "unreachableTime": 261,
        "unreachableSite": "end of program",
        "staleness": 0,
        "lastUseTime": 261,
        "lastUseSite": "removed from DOM",
        "shallowSize": 1,
        "type": "DOM"
      },
      {
        "objectId": 58,
        "creationTime": 135,
        "creationCallStack": [],
        "unreachableTime": 261,
        "unreachableSite": "end of program",
        "staleness": 0,
        "lastUseTime": 261,
        "lastUseSite": "removed from DOM",
        "shallowSize": 1,
        "type": "DOM"
      },
      {
        "objectId": 59,
        "creationTime": 137,
        "creationCallStack": [],
        "unreachableTime": 261,
        "unreachableSite": "end of program",
        "staleness": 0,
        "lastUseTime": 261,
        "lastUseSite": "removed from DOM",
        "shallowSize": 1,
        "type": "DOM"
      },
      {
        "objectId": 60,
        "creationTime": 139,
        "creationCallStack": [],
        "unreachableTime": 261,
        "unreachableSite": "end of program",
        "staleness": 0,
        "lastUseTime": 261,
        "lastUseSite": "removed from DOM",
        "shallowSize": 1,
        "type": "DOM"
      },
      {
        "objectId": 61,
        "creationTime": 141,
        "creationCallStack": [],
        "unreachableTime": 261,
        "unreachableSite": "end of program",
        "staleness": 0,
        "lastUseTime": 261,
        "lastUseSite": "removed from DOM",
        "shallowSize": 1,
        "type": "DOM"
      },
      {
        "objectId": 62,
        "creationTime": 143,
        "creationCallStack": [],
        "unreachableTime": 261,
        "unreachableSite": "end of program",
        "staleness": 0,
        "lastUseTime": 261,
        "lastUseSite": "removed from DOM",
        "shallowSize": 1,
        "type": "DOM"
      },
      {
        "objectId": 63,
        "creationTime": 145,
        "creationCallStack": [],
        "unreachableTime": 261,
        "unreachableSite": "end of program",
        "staleness": 0,
        "lastUseTime": 261,
        "lastUseSite": "removed from DOM",
        "shallowSize": 1,
        "type": "DOM"
      },
      {
        "objectId": 64,
        "creationTime": 147,
        "creationCallStack": [],
        "unreachableTime": 261,
        "unreachableSite": "end of program",
        "staleness": 0,
        "lastUseTime": 261,
        "lastUseSite": "removed from DOM",
        "shallowSize": 1,
        "type": "DOM"
      },
      {
        "objectId": 65,
        "creationTime": 149,
        "creationCallStack": [],
        "unreachableTime": 261,
        "unreachableSite": "end of program",
        "staleness": 0,
        "lastUseTime": 261,
        "lastUseSite": "removed from DOM",
        "shallowSize": 1,
        "type": "DOM"
      },
      {
        "objectId": 66,
        "creationTime": 151,
        "creationCallStack": [],
        "unreachableTime": 261,
        "unreachableSite": "end of program",
        "staleness": 0,
        "lastUseTime": 261,
        "lastUseSite": "removed from DOM",
        "shallowSize": 1,
        "type": "DOM"
      },
      {
        "objectId": 67,
        "creationTime": 153,
        "creationCallStack": [],
        "unreachableTime": 261,
        "unreachableSite": "end of program",
        "staleness": 0,
        "lastUseTime": 261,
        "lastUseSite": "removed from DOM",
        "shallowSize": 1,
        "type": "DOM"
      },
      {
        "objectId": 68,
        "creationTime": 155,
        "creationCallStack": [],
        "unreachableTime": 261,
        "unreachableSite": "end of program",
        "staleness": 0,
        "lastUseTime": 261,
        "lastUseSite": "removed from DOM",
        "shallowSize": 1,
        "type": "DOM"
      },
      {
        "objectId": 69,
        "creationTime": 157,
        "creationCallStack": [],
        "unreachableTime": 261,
        "unreachableSite": "end of program",
        "staleness": 0,
        "lastUseTime": 261,
        "lastUseSite": "removed from DOM",
        "shallowSize": 1,
        "type": "DOM"
      },
      {
        "objectId": 70,
        "creationTime": 159,
        "creationCallStack": [],
        "unreachableTime": 261,
        "unreachableSite": "end of program",
        "staleness": 0,
        "lastUseTime": 261,
        "lastUseSite": "removed from DOM",
        "shallowSize": 1,
        "type": "DOM"
      },
      {
        "objectId": 71,
        "creationTime": 161,
        "creationCallStack": [],
        "unreachableTime": 261,
        "unreachableSite": "end of program",
        "staleness": 0,
        "lastUseTime": 261,
        "lastUseSite": "removed from DOM",
        "shallowSize": 1,
        "type": "DOM"
      },
      {
        "objectId": 72,
        "creationTime": 163,
        "creationCallStack": [],
        "unreachableTime": 261,
        "unreachableSite": "end of program",
        "staleness": 0,
        "lastUseTime": 261,
        "lastUseSite": "removed from DOM",
        "shallowSize": 1,
        "type": "DOM"
      },
      {
        "objectId": 73,
        "creationTime": 165,
        "creationCallStack": [],
        "unreachableTime": 261,
        "unreachableSite": "end of program",
        "staleness": 0,
        "lastUseTime": 261,
        "lastUseSite": "removed from DOM",
        "shallowSize": 1,
        "type": "DOM"
      },
      {
        "objectId": 74,
        "creationTime": 167,
        "creationCallStack": [],
        "unreachableTime": 261,
        "unreachableSite": "end of program",
        "staleness": 0,
        "lastUseTime": 261,
        "lastUseSite": "removed from DOM",
        "shallowSize": 1,
        "type": "DOM"
      },
      {
        "objectId": 75,
        "creationTime": 169,
        "creationCallStack": [],
        "unreachableTime": 261,
        "unreachableSite": "end of program",
        "staleness": 0,
        "lastUseTime": 261,
        "lastUseSite": "removed from DOM",
        "shallowSize": 1,
        "type": "DOM"
      },
      {
        "objectId": 76,
        "creationTime": 171,
        "creationCallStack": [],
        "unreachableTime": 261,
        "unreachableSite": "end of program",
        "staleness": 0,
        "lastUseTime": 261,
        "lastUseSite": "removed from DOM",
        "shallowSize": 1,
        "type": "DOM"
      },
      {
        "objectId": 77,
        "creationTime": 173,
        "creationCallStack": [],
        "unreachableTime": 261,
        "unreachableSite": "end of program",
        "staleness": 0,
        "lastUseTime": 261,
        "lastUseSite": "removed from DOM",
        "shallowSize": 1,
        "type": "DOM"
      },
      {
        "objectId": 78,
        "creationTime": 175,
        "creationCallStack": [],
        "unreachableTime": 261,
        "unreachableSite": "end of program",
        "staleness": 0,
        "lastUseTime": 261,
        "lastUseSite": "removed from DOM",
        "shallowSize": 1,
        "type": "DOM"
      },
      {
        "objectId": 79,
        "creationTime": 177,
        "creationCallStack": [],
        "unreachableTime": 261,
        "unreachableSite": "end of program",
        "staleness": 0,
        "lastUseTime": 261,
        "lastUseSite": "removed from DOM",
        "shallowSize": 1,
        "type": "DOM"
      },
      {
        "objectId": 80,
        "creationTime": 179,
        "creationCallStack": [],
        "unreachableTime": 261,
        "unreachableSite": "end of program",
        "staleness": 0,
        "lastUseTime": 261,
        "lastUseSite": "removed from DOM",
        "shallowSize": 1,
        "type": "DOM"
      },
      {
        "objectId": 81,
        "creationTime": 181,
        "creationCallStack": [],
        "unreachableTime": 261,
        "unreachableSite": "end of program",
        "staleness": 0,
        "lastUseTime": 261,
        "lastUseSite": "removed from DOM",
        "shallowSize": 1,
        "type": "DOM"
      },
      {
        "objectId": 82,
        "creationTime": 183,
        "creationCallStack": [],
        "unreachableTime": 261,
        "unreachableSite": "end of program",
        "staleness": 0,
        "lastUseTime": 261,
        "lastUseSite": "removed from DOM",
        "shallowSize": 1,
        "type": "DOM"
      },
      {
        "objectId": 83,
        "creationTime": 185,
        "creationCallStack": [],
        "unreachableTime": 261,
        "unreachableSite": "end of program",
        "staleness": 0,
        "lastUseTime": 261,
        "lastUseSite": "removed from DOM",
        "shallowSize": 1,
        "type": "DOM"
      },
      {
        "objectId": 84,
        "creationTime": 187,
        "creationCallStack": [],
        "unreachableTime": 261,
        "unreachableSite": "end of program",
        "staleness": 0,
        "lastUseTime": 261,
        "lastUseSite": "removed from DOM",
        "shallowSize": 1,
        "type": "DOM"
      },
      {
        "objectId": 85,
        "creationTime": 189,
        "creationCallStack": [],
        "unreachableTime": 261,
        "unreachableSite": "end of program",
        "staleness": 0,
        "lastUseTime": 261,
        "lastUseSite": "removed from DOM",
        "shallowSize": 1,
        "type": "DOM"
      },
      {
        "objectId": 86,
        "creationTime": 191,
        "creationCallStack": [],
        "unreachableTime": 261,
        "unreachableSite": "end of program",
        "staleness": 0,
        "lastUseTime": 261,
        "lastUseSite": "removed from DOM",
        "shallowSize": 1,
        "type": "DOM"
      },
      {
        "objectId": 87,
        "creationTime": 193,
        "creationCallStack": [],
        "unreachableTime": 261,
        "unreachableSite": "end of program",
        "staleness": 0,
        "lastUseTime": 261,
        "lastUseSite": "removed from DOM",
        "shallowSize": 1,
        "type": "DOM"
      },
      {
        "objectId": 88,
        "creationTime": 195,
        "creationCallStack": [],
        "unreachableTime": 261,
        "unreachableSite": "end of program",
        "staleness": 0,
        "lastUseTime": 261,
        "lastUseSite": "removed from DOM",
        "shallowSize": 1,
        "type": "DOM"
      },
      {
        "objectId": 89,
        "creationTime": 197,
        "creationCallStack": [],
        "unreachableTime": 261,
        "unreachableSite": "end of program",
        "staleness": 0,
        "lastUseTime": 261,
        "lastUseSite": "removed from DOM",
        "shallowSize": 1,
        "type": "DOM"
      },
      {
        "objectId": 90,
        "creationTime": 199,
        "creationCallStack": [],
        "unreachableTime": 261,
        "unreachableSite": "end of program",
        "staleness": 0,
        "lastUseTime": 261,
        "lastUseSite": "removed from DOM",
        "shallowSize": 1,
        "type": "DOM"
      },
      {
        "objectId": 91,
        "creationTime": 201,
        "creationCallStack": [],
        "unreachableTime": 261,
        "unreachableSite": "end of program",
        "staleness": 0,
        "lastUseTime": 261,
        "lastUseSite": "removed from DOM",
        "shallowSize": 1,
        "type": "DOM"
      },
      {
        "objectId": 92,
        "creationTime": 203,
        "creationCallStack": [],
        "unreachableTime": 261,
        "unreachableSite": "end of program",
        "staleness": 0,
        "lastUseTime": 261,
        "lastUseSite": "removed from DOM",
        "shallowSize": 1,
        "type": "DOM"
      },
      {
        "objectId": 93,
        "creationTime": 205,
        "creationCallStack": [],
        "unreachableTime": 261,
        "unreachableSite": "end of program",
        "staleness": 0,
        "lastUseTime": 261,
        "lastUseSite": "removed from DOM",
        "shallowSize": 1,
        "type": "DOM"
      },
      {
        "objectId": 94,
        "creationTime": 207,
        "creationCallStack": [],
        "unreachableTime": 261,
        "unreachableSite": "end of program",
        "staleness": 0,
        "lastUseTime": 261,
        "lastUseSite": "removed from DOM",
        "shallowSize": 1,
        "type": "DOM"
      },
      {
        "objectId": 95,
        "creationTime": 209,
        "creationCallStack": [],
        "unreachableTime": 261,
        "unreachableSite": "end of program",
        "staleness": 0,
        "lastUseTime": 261,
        "lastUseSite": "removed from DOM",
        "shallowSize": 1,
        "type": "DOM"
      },
      {
        "objectId": 96,
        "creationTime": 211,
        "creationCallStack": [],
        "unreachableTime": 261,
        "unreachableSite": "end of program",
        "staleness": 0,
        "lastUseTime": 261,
        "lastUseSite": "removed from DOM",
        "shallowSize": 1,
        "type": "DOM"
      },
      {
        "objectId": 97,
        "creationTime": 213,
        "creationCallStack": [],
        "unreachableTime": 261,
        "unreachableSite": "end of program",
        "staleness": 0,
        "lastUseTime": 261,
        "lastUseSite": "removed from DOM",
        "shallowSize": 1,
        "type": "DOM"
      },
      {
        "objectId": 98,
        "creationTime": 215,
        "creationCallStack": [],
        "unreachableTime": 261,
        "unreachableSite": "end of program",
        "staleness": 0,
        "lastUseTime": 261,
        "lastUseSite": "removed from DOM",
        "shallowSize": 1,
        "type": "DOM"
      },
      {
        "objectId": 99,
        "creationTime": 217,
        "creationCallStack": [],
        "unreachableTime": 261,
        "unreachableSite": "end of program",
        "staleness": 0,
        "lastUseTime": 261,
        "lastUseSite": "removed from DOM",
        "shallowSize": 1,
        "type": "DOM"
      },
      {
        "objectId": 100,
        "creationTime": 219,
        "creationCallStack": [],
        "unreachableTime": 261,
        "unreachableSite": "end of program",
        "staleness": 0,
        "lastUseTime": 261,
        "lastUseSite": "removed from DOM",
        "shallowSize": 1,
        "type": "DOM"
      },
      {
        "objectId": 101,
        "creationTime": 221,
        "creationCallStack": [],
        "unreachableTime": 261,
        "unreachableSite": "end of program",
        "staleness": 0,
        "lastUseTime": 261,
        "lastUseSite": "removed from DOM",
        "shallowSize": 1,
        "type": "DOM"
      },
      {
        "objectId": 102,
        "creationTime": 223,
        "creationCallStack": [],
        "unreachableTime": 261,
        "unreachableSite": "end of program",
        "staleness": 0,
        "lastUseTime": 261,
        "lastUseSite": "removed from DOM",
        "shallowSize": 1,
        "type": "DOM"
      },
      {
        "objectId": 103,
        "creationTime": 225,
        "creationCallStack": [],
        "unreachableTime": 261,
        "unreachableSite": "end of program",
        "staleness": 0,
        "lastUseTime": 261,
        "lastUseSite": "removed from DOM",
        "shallowSize": 1,
        "type": "DOM"
      },
      {
        "objectId": 104,
        "creationTime": 227,
        "creationCallStack": [],
        "unreachableTime": 261,
        "unreachableSite": "end of program",
        "staleness": 0,
        "lastUseTime": 261,
        "lastUseSite": "removed from DOM",
        "shallowSize": 1,
        "type": "DOM"
      },
      {
        "objectId": 105,
        "creationTime": 229,
        "creationCallStack": [],
        "unreachableTime": 261,
        "unreachableSite": "end of program",
        "staleness": 0,
        "lastUseTime": 261,
        "lastUseSite": "removed from DOM",
        "shallowSize": 1,
        "type": "DOM"
      },
      {
        "objectId": 106,
        "creationTime": 231,
        "creationCallStack": [],
        "unreachableTime": 261,
        "unreachableSite": "end of program",
        "staleness": 0,
        "lastUseTime": 261,
        "lastUseSite": "removed from DOM",
        "shallowSize": 1,
        "type": "DOM"
      },
      {
        "objectId": 107,
        "creationTime": 233,
        "creationCallStack": [],
        "unreachableTime": 261,
        "unreachableSite": "end of program",
        "staleness": 0,
        "lastUseTime": 261,
        "lastUseSite": "removed from DOM",
        "shallowSize": 1,
        "type": "DOM"
      },
      {
        "objectId": 108,
        "creationTime": 235,
        "creationCallStack": [],
        "unreachableTime": 261,
        "unreachableSite": "end of program",
        "staleness": 0,
        "lastUseTime": 261,
        "lastUseSite": "removed from DOM",
        "shallowSize": 1,
        "type": "DOM"
      },
      {
        "objectId": 109,
        "creationTime": 237,
        "creationCallStack": [],
        "unreachableTime": 261,
        "unreachableSite": "end of program",
        "staleness": 0,
        "lastUseTime": 261,
        "lastUseSite": "removed from DOM",
        "shallowSize": 1,
        "type": "DOM"
      },
      {
        "objectId": 110,
        "creationTime": 239,
        "creationCallStack": [],
        "unreachableTime": 261,
        "unreachableSite": "end of program",
        "staleness": 0,
        "lastUseTime": 261,
        "lastUseSite": "removed from DOM",
        "shallowSize": 2,
        "type": "DOM"
      },
      {
        "objectId": 111,
        "creationTime": 241,
        "creationCallStack": [],
        "unreachableTime": 261,
        "unreachableSite": "end of program",
        "staleness": 0,
        "lastUseTime": 261,
        "lastUseSite": "removed from DOM",
        "shallowSize": 1,
        "type": "DOM"
      },
      {
        "objectId": 112,
        "creationTime": 243,
        "creationCallStack": [],
        "unreachableTime": 261,
        "unreachableSite": "end of program",
        "staleness": 0,
        "lastUseTime": 261,
        "lastUseSite": "removed from DOM",
        "shallowSize": 1,
        "type": "DOM"
      },
      {
        "objectId": 113,
        "creationTime": 245,
        "creationCallStack": [],
        "unreachableTime": 261,
        "unreachableSite": "end of program",
        "staleness": 0,
        "lastUseTime": 261,
        "lastUseSite": "removed from DOM",
        "shallowSize": 1,
        "type": "DOM"
      },
      {
        "objectId": 114,
        "creationTime": 247,
        "creationCallStack": [],
        "unreachableTime": 261,
        "unreachableSite": "end of program",
        "staleness": 0,
        "lastUseTime": 261,
        "lastUseSite": "removed from DOM",
        "shallowSize": 1,
        "type": "DOM"
      },
      {
        "objectId": 115,
        "creationTime": 249,
        "creationCallStack": [],
        "unreachableTime": 261,
        "unreachableSite": "end of program",
        "staleness": 0,
        "lastUseTime": 261,
        "lastUseSite": "removed from DOM",
        "shallowSize": 1,
        "type": "DOM"
      },
      {
        "objectId": 116,
        "creationTime": 251,
        "creationCallStack": [],
        "unreachableTime": 261,
        "unreachableSite": "end of program",
        "staleness": 0,
        "lastUseTime": 261,
        "lastUseSite": "removed from DOM",
        "shallowSize": 1,
        "type": "DOM"
      },
      {
        "objectId": 117,
        "creationTime": 253,
        "creationCallStack": [],
        "unreachableTime": 261,
        "unreachableSite": "end of program",
        "staleness": 0,
        "lastUseTime": 261,
        "lastUseSite": "removed from DOM",
        "shallowSize": 4,
        "type": "DOM"
      },
      {
        "objectId": 118,
        "creationTime": 255,
        "creationCallStack": [],
        "unreachableTime": 261,
        "unreachableSite": "end of program",
        "staleness": 0,
        "lastUseTime": 261,
        "lastUseSite": "removed from DOM",
        "shallowSize": 1,
        "type": "DOM"
      },
      {
        "objectId": 119,
        "creationTime": 257,
        "creationCallStack": [],
        "unreachableTime": 261,
        "unreachableSite": "end of program",
        "staleness": 0,
        "lastUseTime": 261,
        "lastUseSite": "removed from DOM",
        "shallowSize": 1,
        "type": "DOM"
      },
      {
        "objectId": 120,
        "creationTime": 259,
        "creationCallStack": [],
        "unreachableTime": 261,
        "unreachableSite": "end of program",
        "staleness": 0,
        "lastUseTime": 261,
        "lastUseSite": "removed from DOM",
        "shallowSize": 1,
        "type": "DOM"
      }
    ],
    "testeval_orig_.js:16:1:16:24": [
      {
        "objectId": 2,
        "creationTime": 2,
        "creationCallStack": [],
        "unreachableTime": 261,
        "unreachableSite": "end of program",
        "staleness": 232,
        "lastUseTime": 29,
        "lastUseSite": {
          "sourceFileId": 1,
          "iid": 129
        },
        "shallowSize": 2,
        "type": "FUNCTION"
      },
      {
        "objectId": 3,
        "creationTime": 2,
        "creationCallStack": [],
        "unreachableTime": 261,
        "unreachableSite": "end of program",
        "staleness": 259,
        "lastUseTime": "never used",
        "lastUseSite": "never used",
        "shallowSize": 1,
        "type": "PROTOTYPE"
      }
    ],
    "testeval_orig_.js:18:9:18:11": [
      {
        "objectId": 4,
        "creationTime": 7,
        "creationCallStack": [],
        "unreachableTime": 261,
        "unreachableSite": "end of program",
        "staleness": 254,
        "lastUseTime": "never used",
        "lastUseSite": "never used",
        "shallowSize": 1,
        "type": "OBJECT"
      }
    ]
  }
}