{
  "functionTrace": [
    [
      0,
      3,
      1,
      137
    ],
    [
      0,
      7,
      1,
      81
    ],
    [
      1,
      12,
      1,
      225
    ],
    [
      1,
      14,
      1,
      241
    ]
  ],
  "objectInfo": {
    "code_orig_.js:16:2:22:2": [
      {
        "objectId": 2,
        "creationTime": 2,
        "creationCallStack": [],
        "unreachableTime": 15,
        "unreachableSite": "code_orig_.js:16:1:22:12",
        "staleness": 1,
        "lastUseTime": 14,
        "lastUseSite": {
          "sourceFileId": 1,
          "iid": 177
        },
        "shallowSize": 2,
        "type": "FUNCTION"
      },
      {
        "objectId": 3,
        "creationTime": 2,
        "creationCallStack": [],
        "unreachableTime": 15,
        "unreachableSite": "code_orig_.js:16:1:22:12",
        "staleness": 13,
        "lastUseTime": "never used",
        "lastUseSite": "never used",
        "shallowSize": 1,
        "type": "PROTOTYPE"
      }
    ],
    "code_orig_.js:17:18:21:6": [
      {
        "objectId": 4,
        "creationTime": 6,
        "creationCallStack": [
          {
            "sourceFileId": 1,
            "iid": 177
          }
        ],
        "unreachableTime": 13,
        "unreachableSite": "code_orig_.js:17:18:21:8",
        "staleness": 1,
        "lastUseTime": 12,
        "lastUseSite": {
          "sourceFileId": 1,
          "iid": 113
        },
        "shallowSize": 3,
        "type": "FUNCTION"
      },
      {
        "objectId": 5,
        "creationTime": 6,
        "creationCallStack": [
          {
            "sourceFileId": 1,
            "iid": 177
          }
        ],
        "unreachableTime": 13,
        "unreachableSite": "code_orig_.js:17:18:21:8",
        "staleness": 7,
        "lastUseTime": "never used",
        "lastUseSite": "never used",
        "shallowSize": 1,
        "type": "PROTOTYPE"
      }
    ],
    "code_orig_.js:18:22:20:10": [
      {
        "objectId": 6,
        "creationTime": 9,
        "creationCallStack": [
          {
            "sourceFileId": 1,
            "iid": 113
          },
          {
            "sourceFileId": 1,
            "iid": 177
          }
        ],
        "unreachableTime": 12,
        "unreachableSite": "code_orig_.js:17:18:21:6",
        "staleness": 3,
        "lastUseTime": "never used",
        "lastUseSite": "never used",
        "shallowSize": 2,
        "type": "FUNCTION"
      },
      {
        "objectId": 7,
        "creationTime": 9,
        "creationCallStack": [
          {
            "sourceFileId": 1,
            "iid": 113
          },
          {
            "sourceFileId": 1,
            "iid": 177
          }
        ],
        "unreachableTime": 12,
        "unreachableSite": "code_orig_.js:17:18:21:6",
        "staleness": 3,
        "lastUseTime": "never used",
        "lastUseSite": "never used",
        "shallowSize": 1,
        "type": "PROTOTYPE"
      }
    ],
    "initial DOM": [
      {
        "objectId": 8,
        "creationTime": 17,
        "creationCallStack": [],
        "unreachableTime": 174,
        "unreachableSite": "end of program",
        "staleness": 157,
        "lastUseTime": "never used",
        "lastUseSite": "never used",
        "shallowSize": 2,
        "type": "DOM"
      },
      {
        "objectId": 9,
        "creationTime": 19,
        "creationCallStack": [],
        "unreachableTime": 174,
        "unreachableSite": "end of program",
        "staleness": 0,
        "lastUseTime": 174,
        "lastUseSite": "removed from DOM",
        "shallowSize": 4,
        "type": "DOM"
      },
      {
        "objectId": 10,
        "creationTime": 22,
        "creationCallStack": [],
        "unreachableTime": 174,
        "unreachableSite": "end of program",
        "staleness": 0,
        "lastUseTime": 174,
        "lastUseSite": "removed from DOM",
        "shallowSize": 70,
        "type": "DOM"
      },
      {
        "objectId": 11,
        "creationTime": 24,
        "creationCallStack": [],
        "unreachableTime": 174,
        "unreachableSite": "end of program",
        "staleness": 0,
        "lastUseTime": 174,
        "lastUseSite": "removed from DOM",
        "shallowSize": 1,
        "type": "DOM"
      },
      {
        "objectId": 12,
        "creationTime": 26,
        "creationCallStack": [],
        "unreachableTime": 174,
        "unreachableSite": "end of program",
        "staleness": 0,
        "lastUseTime": 174,
        "lastUseSite": "removed from DOM",
        "shallowSize": 1,
        "type": "DOM"
      },
      {
        "objectId": 13,
        "creationTime": 28,
        "creationCallStack": [],
        "unreachableTime": 174,
        "unreachableSite": "end of program",
        "staleness": 0,
        "lastUseTime": 174,
        "lastUseSite": "removed from DOM",
        "shallowSize": 1,
        "type": "DOM"
      },
      {
        "objectId": 14,
        "creationTime": 30,
        "creationCallStack": [],
        "unreachableTime": 174,
        "unreachableSite": "end of program",
        "staleness": 0,
        "lastUseTime": 174,
        "lastUseSite": "removed from DOM",
        "shallowSize": 1,
        "type": "DOM"
      },
      {
        "objectId": 15,
        "creationTime": 32,
        "creationCallStack": [],
        "unreachableTime": 174,
        "unreachableSite": "end of program",
        "staleness": 0,
        "lastUseTime": 174,
        "lastUseSite": "removed from DOM",
        "shallowSize": 1,
        "type": "DOM"
      },
      {
        "objectId": 16,
        "creationTime": 34,
        "creationCallStack": [],
        "unreachableTime": 174,
        "unreachableSite": "end of program",
        "staleness": 0,
        "lastUseTime": 174,
        "lastUseSite": "removed from DOM",
        "shallowSize": 1,
        "type": "DOM"
      },
      {
        "objectId": 17,
        "creationTime": 36,
        "creationCallStack": [],
        "unreachableTime": 174,
        "unreachableSite": "end of program",
        "staleness": 0,
        "lastUseTime": 174,
        "lastUseSite": "removed from DOM",
        "shallowSize": 1,
        "type": "DOM"
      },
      {
        "objectId": 18,
        "creationTime": 38,
        "creationCallStack": [],
        "unreachableTime": 174,
        "unreachableSite": "end of program",
        "staleness": 0,
        "lastUseTime": 174,
        "lastUseSite": "removed from DOM",
        "shallowSize": 1,
        "type": "DOM"
      },
      {
        "objectId": 19,
        "creationTime": 40,
        "creationCallStack": [],
        "unreachableTime": 174,
        "unreachableSite": "end of program",
        "staleness": 0,
        "lastUseTime": 174,
        "lastUseSite": "removed from DOM",
        "shallowSize": 1,
        "type": "DOM"
      },
      {
        "objectId": 20,
        "creationTime": 42,
        "creationCallStack": [],
        "unreachableTime": 174,
        "unreachableSite": "end of program",
        "staleness": 0,
        "lastUseTime": 174,
        "lastUseSite": "removed from DOM",
        "shallowSize": 1,
        "type": "DOM"
      },
      {
        "objectId": 21,
        "creationTime": 44,
        "creationCallStack": [],
        "unreachableTime": 174,
        "unreachableSite": "end of program",
        "staleness": 0,
        "lastUseTime": 174,
        "lastUseSite": "removed from DOM",
        "shallowSize": 1,
        "type": "DOM"
      },
      {
        "objectId": 22,
        "creationTime": 46,
        "creationCallStack": [],
        "unreachableTime": 174,
        "unreachableSite": "end of program",
        "staleness": 0,
        "lastUseTime": 174,
        "lastUseSite": "removed from DOM",
        "shallowSize": 1,
        "type": "DOM"
      },
      {
        "objectId": 23,
        "creationTime": 48,
        "creationCallStack": [],
        "unreachableTime": 174,
        "unreachableSite": "end of program",
        "staleness": 0,
        "lastUseTime": 174,
        "lastUseSite": "removed from DOM",
        "shallowSize": 1,
        "type": "DOM"
      },
      {
        "objectId": 24,
        "creationTime": 50,
        "creationCallStack": [],
        "unreachableTime": 174,
        "unreachableSite": "end of program",
        "staleness": 0,
        "lastUseTime": 174,
        "lastUseSite": "removed from DOM",
        "shallowSize": 1,
        "type": "DOM"
      },
      {
        "objectId": 25,
        "creationTime": 52,
        "creationCallStack": [],
        "unreachableTime": 174,
        "unreachableSite": "end of program",
        "staleness": 0,
        "lastUseTime": 174,
        "lastUseSite": "removed from DOM",
        "shallowSize": 1,
        "type": "DOM"
      },
      {
        "objectId": 26,
        "creationTime": 54,
        "creationCallStack": [],
        "unreachableTime": 174,
        "unreachableSite": "end of program",
        "staleness": 0,
        "lastUseTime": 174,
        "lastUseSite": "removed from DOM",
        "shallowSize": 1,
        "type": "DOM"
      },
      {
        "objectId": 27,
        "creationTime": 56,
        "creationCallStack": [],
        "unreachableTime": 174,
        "unreachableSite": "end of program",
        "staleness": 0,
        "lastUseTime": 174,
        "lastUseSite": "removed from DOM",
        "shallowSize": 1,
        "type": "DOM"
      },
      {
        "objectId": 28,
        "creationTime": 58,
        "creationCallStack": [],
        "unreachableTime": 174,
        "unreachableSite": "end of program",
        "staleness": 0,
        "lastUseTime": 174,
        "lastUseSite": "removed from DOM",
        "shallowSize": 1,
        "type": "DOM"
      },
      {
        "objectId": 29,
        "creationTime": 60,
        "creationCallStack": [],
        "unreachableTime": 174,
        "unreachableSite": "end of program",
        "staleness": 0,
        "lastUseTime": 174,
        "lastUseSite": "removed from DOM",
        "shallowSize": 1,
        "type": "DOM"
      },
      {
        "objectId": 30,
        "creationTime": 62,
        "creationCallStack": [],
        "unreachableTime": 174,
        "unreachableSite": "end of program",
        "staleness": 0,
        "lastUseTime": 174,
        "lastUseSite": "removed from DOM",
        "shallowSize": 1,
        "type": "DOM"
      },
      {
        "objectId": 31,
        "creationTime": 64,
        "creationCallStack": [],
        "unreachableTime": 174,
        "unreachableSite": "end of program",
        "staleness": 0,
        "lastUseTime": 174,
        "lastUseSite": "removed from DOM",
        "shallowSize": 1,
        "type": "DOM"
      },
      {
        "objectId": 32,
        "creationTime": 66,
        "creationCallStack": [],
        "unreachableTime": 174,
        "unreachableSite": "end of program",
        "staleness": 0,
        "lastUseTime": 174,
        "lastUseSite": "removed from DOM",
        "shallowSize": 1,
        "type": "DOM"
      },
      {
        "objectId": 33,
        "creationTime": 68,
        "creationCallStack": [],
        "unreachableTime": 174,
        "unreachableSite": "end of program",
        "staleness": 0,
        "lastUseTime": 174,
        "lastUseSite": "removed from DOM",
        "shallowSize": 1,
        "type": "DOM"
      },
      {
        "objectId": 34,
        "creationTime": 70,
        "creationCallStack": [],
        "unreachableTime": 174,
        "unreachableSite": "end of program",
        "staleness": 0,
        "lastUseTime": 174,
        "lastUseSite": "removed from DOM",
        "shallowSize": 1,
        "type": "DOM"
      },
      {
        "objectId": 35,
        "creationTime": 72,
        "creationCallStack": [],
        "unreachableTime": 174,
        "unreachableSite": "end of program",
        "staleness": 0,
        "lastUseTime": 174,
        "lastUseSite": "removed from DOM",
        "shallowSize": 1,
        "type": "DOM"
      },
      {
        "objectId": 36,
        "creationTime": 74,
        "creationCallStack": [],
        "unreachableTime": 174,
        "unreachableSite": "end of program",
        "staleness": 0,
        "lastUseTime": 174,
        "lastUseSite": "removed from DOM",
        "shallowSize": 1,
        "type": "DOM"
      },
      {
        "objectId": 37,
        "creationTime": 76,
        "creationCallStack": [],
        "unreachableTime": 174,
        "unreachableSite": "end of program",
        "staleness": 0,
        "lastUseTime": 174,
        "lastUseSite": "removed from DOM",
        "shallowSize": 1,
        "type": "DOM"
      },
      {
        "objectId": 38,
        "creationTime": 78,
        "creationCallStack": [],
        "unreachableTime": 174,
        "unreachableSite": "end of program",
        "staleness": 0,
        "lastUseTime": 174,
        "lastUseSite": "removed from DOM",
        "shallowSize": 1,
        "type": "DOM"
      },
      {
        "objectId": 39,
        "creationTime": 80,
        "creationCallStack": [],
        "unreachableTime": 174,
        "unreachableSite": "end of program",
        "staleness": 0,
        "lastUseTime": 174,
        "lastUseSite": "removed from DOM",
        "shallowSize": 1,
        "type": "DOM"
      },
      {
        "objectId": 40,
        "creationTime": 82,
        "creationCallStack": [],
        "unreachableTime": 174,
        "unreachableSite": "end of program",
        "staleness": 0,
        "lastUseTime": 174,
        "lastUseSite": "removed from DOM",
        "shallowSize": 1,
        "type": "DOM"
      },
      {
        "objectId": 41,
        "creationTime": 84,
        "creationCallStack": [],
        "unreachableTime": 174,
        "unreachableSite": "end of program",
        "staleness": 0,
        "lastUseTime": 174,
        "lastUseSite": "removed from DOM",
        "shallowSize": 1,
        "type": "DOM"
      },
      {
        "objectId": 42,
        "creationTime": 86,
        "creationCallStack": [],
        "unreachableTime": 174,
        "unreachableSite": "end of program",
        "staleness": 0,
        "lastUseTime": 174,
        "lastUseSite": "removed from DOM",
        "shallowSize": 1,
        "type": "DOM"
      },
      {
        "objectId": 43,
        "creationTime": 88,
        "creationCallStack": [],
        "unreachableTime": 174,
        "unreachableSite": "end of program",
        "staleness": 0,
        "lastUseTime": 174,
        "lastUseSite": "removed from DOM",
        "shallowSize": 1,
        "type": "DOM"
      },
      {
        "objectId": 44,
        "creationTime": 90,
        "creationCallStack": [],
        "unreachableTime": 174,
        "unreachableSite": "end of program",
        "staleness": 0,
        "lastUseTime": 174,
        "lastUseSite": "removed from DOM",
        "shallowSize": 1,
        "type": "DOM"
      },
      {
        "objectId": 45,
        "creationTime": 92,
        "creationCallStack": [],
        "unreachableTime": 174,
        "unreachableSite": "end of program",
        "staleness": 0,
        "lastUseTime": 174,
        "lastUseSite": "removed from DOM",
        "shallowSize": 1,
        "type": "DOM"
      },
      {
        "objectId": 46,
        "creationTime": 94,
        "creationCallStack": [],
        "unreachableTime": 174,
        "unreachableSite": "end of program",
        "staleness": 0,
        "lastUseTime": 174,
        "lastUseSite": "removed from DOM",
        "shallowSize": 1,
        "type": "DOM"
      },
      {
        "objectId": 47,
        "creationTime": 96,
        "creationCallStack": [],
        "unreachableTime": 174,
        "unreachableSite": "end of program",
        "staleness": 0,
        "lastUseTime": 174,
        "lastUseSite": "removed from DOM",
        "shallowSize": 1,
        "type": "DOM"
      },
      {
        "objectId": 48,
        "creationTime": 98,
        "creationCallStack": [],
        "unreachableTime": 174,
        "unreachableSite": "end of program",
        "staleness": 0,
        "lastUseTime": 174,
        "lastUseSite": "removed from DOM",
        "shallowSize": 1,
        "type": "DOM"
      },
      {
        "objectId": 49,
        "creationTime": 100,
        "creationCallStack": [],
        "unreachableTime": 174,
        "unreachableSite": "end of program",
        "staleness": 0,
        "lastUseTime": 174,
        "lastUseSite": "removed from DOM",
        "shallowSize": 1,
        "type": "DOM"
      },
      {
        "objectId": 50,
        "creationTime": 102,
        "creationCallStack": [],
        "unreachableTime": 174,
        "unreachableSite": "end of program",
        "staleness": 0,
        "lastUseTime": 174,
        "lastUseSite": "removed from DOM",
        "shallowSize": 1,
        "type": "DOM"
      },
      {
        "objectId": 51,
        "creationTime": 104,
        "creationCallStack": [],
        "unreachableTime": 174,
        "unreachableSite": "end of program",
        "staleness": 0,
        "lastUseTime": 174,
        "lastUseSite": "removed from DOM",
        "shallowSize": 1,
        "type": "DOM"
      },
      {
        "objectId": 52,
        "creationTime": 106,
        "creationCallStack": [],
        "unreachableTime": 174,
        "unreachableSite": "end of program",
        "staleness": 0,
        "lastUseTime": 174,
        "lastUseSite": "removed from DOM",
        "shallowSize": 1,
        "type": "DOM"
      },
      {
        "objectId": 53,
        "creationTime": 108,
        "creationCallStack": [],
        "unreachableTime": 174,
        "unreachableSite": "end of program",
        "staleness": 0,
        "lastUseTime": 174,
        "lastUseSite": "removed from DOM",
        "shallowSize": 1,
        "type": "DOM"
      },
      {
        "objectId": 54,
        "creationTime": 110,
        "creationCallStack": [],
        "unreachableTime": 174,
        "unreachableSite": "end of program",
        "staleness": 0,
        "lastUseTime": 174,
        "lastUseSite": "removed from DOM",
        "shallowSize": 1,
        "type": "DOM"
      },
      {
        "objectId": 55,
        "creationTime": 112,
        "creationCallStack": [],
        "unreachableTime": 174,
        "unreachableSite": "end of program",
        "staleness": 0,
        "lastUseTime": 174,
        "lastUseSite": "removed from DOM",
        "shallowSize": 1,
        "type": "DOM"
      },
      {
        "objectId": 56,
        "creationTime": 114,
        "creationCallStack": [],
        "unreachableTime": 174,
        "unreachableSite": "end of program",
        "staleness": 0,
        "lastUseTime": 174,
        "lastUseSite": "removed from DOM",
        "shallowSize": 1,
        "type": "DOM"
      },
      {
        "objectId": 57,
        "creationTime": 116,
        "creationCallStack": [],
        "unreachableTime": 174,
        "unreachableSite": "end of program",
        "staleness": 0,
        "lastUseTime": 174,
        "lastUseSite": "removed from DOM",
        "shallowSize": 1,
        "type": "DOM"
      },
      {
        "objectId": 58,
        "creationTime": 118,
        "creationCallStack": [],
        "unreachableTime": 174,
        "unreachableSite": "end of program",
        "staleness": 0,
        "lastUseTime": 174,
        "lastUseSite": "removed from DOM",
        "shallowSize": 1,
        "type": "DOM"
      },
      {
        "objectId": 59,
        "creationTime": 120,
        "creationCallStack": [],
        "unreachableTime": 174,
        "unreachableSite": "end of program",
        "staleness": 0,
        "lastUseTime": 174,
        "lastUseSite": "removed from DOM",
        "shallowSize": 1,
        "type": "DOM"
      },
      {
        "objectId": 60,
        "creationTime": 122,
        "creationCallStack": [],
        "unreachableTime": 174,
        "unreachableSite": "end of program",
        "staleness": 0,
        "lastUseTime": 174,
        "lastUseSite": "removed from DOM",
        "shallowSize": 1,
        "type": "DOM"
      },
      {
        "objectId": 61,
        "creationTime": 124,
        "creationCallStack": [],
        "unreachableTime": 174,
        "unreachableSite": "end of program",
        "staleness": 0,
        "lastUseTime": 174,
        "lastUseSite": "removed from DOM",
        "shallowSize": 1,
        "type": "DOM"
      },
      {
        "objectId": 62,
        "creationTime": 126,
        "creationCallStack": [],
        "unreachableTime": 174,
        "unreachableSite": "end of program",
        "staleness": 0,
        "lastUseTime": 174,
        "lastUseSite": "removed from DOM",
        "shallowSize": 1,
        "type": "DOM"
      },
      {
        "objectId": 63,
        "creationTime": 128,
        "creationCallStack": [],
        "unreachableTime": 174,
        "unreachableSite": "end of program",
        "staleness": 0,
        "lastUseTime": 174,
        "lastUseSite": "removed from DOM",
        "shallowSize": 1,
        "type": "DOM"
      },
      {
        "objectId": 64,
        "creationTime": 130,
        "creationCallStack": [],
        "unreachableTime": 174,
        "unreachableSite": "end of program",
        "staleness": 0,
        "lastUseTime": 174,
        "lastUseSite": "removed from DOM",
        "shallowSize": 1,
        "type": "DOM"
      },
      {
        "objectId": 65,
        "creationTime": 132,
        "creationCallStack": [],
        "unreachableTime": 174,
        "unreachableSite": "end of program",
        "staleness": 0,
        "lastUseTime": 174,
        "lastUseSite": "removed from DOM",
        "shallowSize": 1,
        "type": "DOM"
      },
      {
        "objectId": 66,
        "creationTime": 134,
        "creationCallStack": [],
        "unreachableTime": 174,
        "unreachableSite": "end of program",
        "staleness": 0,
        "lastUseTime": 174,
        "lastUseSite": "removed from DOM",
        "shallowSize": 1,
        "type": "DOM"
      },
      {
        "objectId": 67,
        "creationTime": 136,
        "creationCallStack": [],
        "unreachableTime": 174,
        "unreachableSite": "end of program",
        "staleness": 0,
        "lastUseTime": 174,
        "lastUseSite": "removed from DOM",
        "shallowSize": 1,
        "type": "DOM"
      },
      {
        "objectId": 68,
        "creationTime": 138,
        "creationCallStack": [],
        "unreachableTime": 174,
        "unreachableSite": "end of program",
        "staleness": 0,
        "lastUseTime": 174,
        "lastUseSite": "removed from DOM",
        "shallowSize": 1,
        "type": "DOM"
      },
      {
        "objectId": 69,
        "creationTime": 140,
        "creationCallStack": [],
        "unreachableTime": 174,
        "unreachableSite": "end of program",
        "staleness": 0,
        "lastUseTime": 174,
        "lastUseSite": "removed from DOM",
        "shallowSize": 1,
        "type": "DOM"
      },
      {
        "objectId": 70,
        "creationTime": 142,
        "creationCallStack": [],
        "unreachableTime": 174,
        "unreachableSite": "end of program",
        "staleness": 0,
        "lastUseTime": 174,
        "lastUseSite": "removed from DOM",
        "shallowSize": 1,
        "type": "DOM"
      },
      {
        "objectId": 71,
        "creationTime": 144,
        "creationCallStack": [],
        "unreachableTime": 174,
        "unreachableSite": "end of program",
        "staleness": 0,
        "lastUseTime": 174,
        "lastUseSite": "removed from DOM",
        "shallowSize": 1,
        "type": "DOM"
      },
      {
        "objectId": 72,
        "creationTime": 146,
        "creationCallStack": [],
        "unreachableTime": 174,
        "unreachableSite": "end of program",
        "staleness": 0,
        "lastUseTime": 174,
        "lastUseSite": "removed from DOM",
        "shallowSize": 1,
        "type": "DOM"
      },
      {
        "objectId": 73,
        "creationTime": 148,
        "creationCallStack": [],
        "unreachableTime": 174,
        "unreachableSite": "end of program",
        "staleness": 0,
        "lastUseTime": 174,
        "lastUseSite": "removed from DOM",
        "shallowSize": 1,
        "type": "DOM"
      },
      {
        "objectId": 74,
        "creationTime": 150,
        "creationCallStack": [],
        "unreachableTime": 174,
        "unreachableSite": "end of program",
        "staleness": 0,
        "lastUseTime": 174,
        "lastUseSite": "removed from DOM",
        "shallowSize": 1,
        "type": "DOM"
      },
      {
        "objectId": 75,
        "creationTime": 152,
        "creationCallStack": [],
        "unreachableTime": 174,
        "unreachableSite": "end of program",
        "staleness": 0,
        "lastUseTime": 174,
        "lastUseSite": "removed from DOM",
        "shallowSize": 2,
        "type": "DOM"
      },
      {
        "objectId": 76,
        "creationTime": 154,
        "creationCallStack": [],
        "unreachableTime": 174,
        "unreachableSite": "end of program",
        "staleness": 0,
        "lastUseTime": 174,
        "lastUseSite": "removed from DOM",
        "shallowSize": 1,
        "type": "DOM"
      },
      {
        "objectId": 77,
        "creationTime": 156,
        "creationCallStack": [],
        "unreachableTime": 174,
        "unreachableSite": "end of program",
        "staleness": 0,
        "lastUseTime": 174,
        "lastUseSite": "removed from DOM",
        "shallowSize": 1,
        "type": "DOM"
      },
      {
        "objectId": 78,
        "creationTime": 158,
        "creationCallStack": [],
        "unreachableTime": 174,
        "unreachableSite": "end of program",
        "staleness": 0,
        "lastUseTime": 174,
        "lastUseSite": "removed from DOM",
        "shallowSize": 1,
        "type": "DOM"
      },
      {
        "objectId": 79,
        "creationTime": 160,
        "creationCallStack": [],
        "unreachableTime": 174,
        "unreachableSite": "end of program",
        "staleness": 0,
        "lastUseTime": 174,
        "lastUseSite": "removed from DOM",
        "shallowSize": 1,
        "type": "DOM"
      },
      {
        "objectId": 80,
        "creationTime": 162,
        "creationCallStack": [],
        "unreachableTime": 174,
        "unreachableSite": "end of program",
        "staleness": 0,
        "lastUseTime": 174,
        "lastUseSite": "removed from DOM",
        "shallowSize": 1,
        "type": "DOM"
      },
      {
        "objectId": 81,
        "creationTime": 164,
        "creationCallStack": [],
        "unreachableTime": 174,
        "unreachableSite": "end of program",
        "staleness": 0,
        "lastUseTime": 174,
        "lastUseSite": "removed from DOM",
        "shallowSize": 1,
        "type": "DOM"
      },
      {
        "objectId": 82,
        "creationTime": 166,
        "creationCallStack": [],
        "unreachableTime": 174,
        "unreachableSite": "end of program",
        "staleness": 0,
        "lastUseTime": 174,
        "lastUseSite": "removed from DOM",
        "shallowSize": 4,
        "type": "DOM"
      },
      {
        "objectId": 83,
        "creationTime": 168,
        "creationCallStack": [],
        "unreachableTime": 174,
        "unreachableSite": "end of program",
        "staleness": 0,
        "lastUseTime": 174,
        "lastUseSite": "removed from DOM",
        "shallowSize": 1,
        "type": "DOM"
      },
      {
        "objectId": 84,
        "creationTime": 170,
        "creationCallStack": [],
        "unreachableTime": 174,
        "unreachableSite": "end of program",
        "staleness": 0,
        "lastUseTime": 174,
        "lastUseSite": "removed from DOM",
        "shallowSize": 1,
        "type": "DOM"
      },
      {
        "objectId": 85,
        "creationTime": 172,
        "creationCallStack": [],
        "unreachableTime": 174,
        "unreachableSite": "end of program",
        "staleness": 0,
        "lastUseTime": 174,
        "lastUseSite": "removed from DOM",
        "shallowSize": 1,
        "type": "DOM"
      }
    ]
  }
}