Id: 2     Alloc: code_orig_.js:16:2:22:2                  Time: 15         Loc: code_orig_.js:16:1:22:11
Id: 3     Alloc: code_orig_.js:16:2:22:2                  Time: 15         Loc: code_orig_.js:16:1:22:11
Id: 4     Alloc: code_orig_.js:17:18:21:6                 Time: 13         Loc: code_orig_.js:17:18:21:8
Id: 5     Alloc: code_orig_.js:17:18:21:6                 Time: 13         Loc: code_orig_.js:17:18:21:8
Id: 6     Alloc: code_orig_.js:18:22:20:10                Time: 12         Loc: code_orig_.js:17:18:21:6
Id: 7     Alloc: code_orig_.js:18:22:20:10                Time: 12         Loc: code_orig_.js:17:18:21:6
Id: 8     Alloc: initial DOM                              Time: 82         Loc: end of program
Id: 9     Alloc: initial DOM                              Time: 82         Loc: end of program
Id: 10    Alloc: initial DOM                              Time: 82         Loc: end of program
Id: 11    Alloc: initial DOM                              Time: 82         Loc: end of program
Id: 12    Alloc: initial DOM                              Time: 82         Loc: end of program
Id: 13    Alloc: initial DOM                              Time: 82         Loc: end of program
Id: 14    Alloc: initial DOM                              Time: 82         Loc: end of program
Id: 15    Alloc: initial DOM                              Time: 82         Loc: end of program
Id: 16    Alloc: initial DOM                              Time: 82         Loc: end of program
Id: 17    Alloc: initial DOM                              Time: 82         Loc: end of program
Id: 18    Alloc: initial DOM                              Time: 82         Loc: end of program
Id: 19    Alloc: initial DOM                              Time: 82         Loc: end of program
Id: 20    Alloc: initial DOM                              Time: 82         Loc: end of program
Id: 21    Alloc: initial DOM                              Time: 82         Loc: end of program
Id: 22    Alloc: initial DOM                              Time: 82         Loc: end of program
Id: 23    Alloc: initial DOM                              Time: 82         Loc: end of program
Id: 24    Alloc: initial DOM                              Time: 82         Loc: end of program
Id: 25    Alloc: initial DOM                              Time: 82         Loc: end of program
Id: 26    Alloc: initial DOM                              Time: 82         Loc: end of program
Id: 27    Alloc: initial DOM                              Time: 82         Loc: end of program
Id: 28    Alloc: initial DOM                              Time: 82         Loc: end of program
Id: 29    Alloc: initial DOM                              Time: 82         Loc: end of program
Id: 30    Alloc: initial DOM                              Time: 82         Loc: end of program
Id: 31    Alloc: initial DOM                              Time: 82         Loc: end of program
Id: 32    Alloc: initial DOM                              Time: 82         Loc: end of program
Id: 33    Alloc: initial DOM                              Time: 82         Loc: end of program
Id: 34    Alloc: initial DOM                              Time: 82         Loc: end of program
Id: 35    Alloc: initial DOM                              Time: 82         Loc: end of program
Id: 36    Alloc: initial DOM                              Time: 82         Loc: end of program
Id: 37    Alloc: initial DOM                              Time: 82         Loc: end of program
Id: 38    Alloc: initial DOM                              Time: 82         Loc: end of program