{
  "functionTrace": [
    [
      0,
      5,
      1,
      249
    ],
    [
      0,
      11,
      1,
      185
    ],
    [
      1,
      23,
      1,
      353
    ],
    [
      1,
      25,
      1,
      369
    ],
    [
      0,
      192,
      1,
      129
    ],
    [
      1,
      195,
      1,
      337
    ]
  ],
  "objectInfo": {
    "code_orig_.js:19:2:34:2": [
      {
        "objectId": 2,
        "creationTime": 4,
        "creationCallStack": [],
        "unreachableTime": 26,
        "unreachableSite": "code_orig_.js:19:1:34:6",
        "staleness": 1,
        "lastUseTime": 25,
        "lastUseSite": {
          "sourceFileId": 1,
          "iid": 289
        },
        "shallowSize": 2,
        "type": "FUNCTION"
      },
      {
        "objectId": 3,
        "creationTime": 4,
        "creationCallStack": [],
        "unreachableTime": 26,
        "unreachableSite": "code_orig_.js:19:1:34:6",
        "staleness": 22,
        "lastUseTime": "never used",
        "lastUseSite": "never used",
        "shallowSize": 1,
        "type": "PROTOTYPE"
      }
    ],
    "code_orig_.js:21:13:32:6": [
      {
        "objectId": 4,
        "creationTime": 8,
        "creationCallStack": [
          {
            "sourceFileId": 1,
            "iid": 289
          }
        ],
        "unreachableTime": 25,
        "unreachableSite": "code_orig_.js:19:2:34:2",
        "staleness": 2,
        "lastUseTime": 23,
        "lastUseSite": {
          "sourceFileId": 1,
          "iid": 233
        },
        "shallowSize": 3,
        "type": "FUNCTION"
      },
      {
        "objectId": 5,
        "creationTime": 8,
        "creationCallStack": [
          {
            "sourceFileId": 1,
            "iid": 289
          }
        ],
        "unreachableTime": 25,
        "unreachableSite": "code_orig_.js:19:2:34:2",
        "staleness": 17,
        "lastUseTime": "never used",
        "lastUseSite": "never used",
        "shallowSize": 1,
        "type": "PROTOTYPE"
      }
    ],
    "code_orig_.js:22:19:22:39": [
      {
        "objectId": 6,
        "creationTime": 13,
        "creationCallStack": [
          {
            "sourceFileId": 1,
            "iid": 233
          },
          {
            "sourceFileId": 1,
            "iid": 289
          }
        ],
        "unreachableTime": 195,
        "unreachableSite": "code_orig_.js:25:20:30:10",
        "staleness": 2,
        "lastUseTime": 193,
        "lastUseSite": {
          "sourceFileId": 1,
          "iid": 105
        },
        "shallowSize": 1,
        "type": "OBJECT"
      }
    ],
    "code_orig_.js:25:20:30:10": [
      {
        "objectId": 7,
        "creationTime": 16,
        "creationCallStack": [
          {
            "sourceFileId": 1,
            "iid": 233
          },
          {
            "sourceFileId": 1,
            "iid": 289
          }
        ],
        "unreachableTime": 196,
        "unreachableSite": "code_orig_.js:25:20:30:10",
        "staleness": 4,
        "lastUseTime": 192,
        "lastUseSite": {
          "sourceFileId": 1,
          "iid": 129
        },
        "shallowSize": 3,
        "type": "FUNCTION"
      },
      {
        "objectId": 8,
        "creationTime": 16,
        "creationCallStack": [
          {
            "sourceFileId": 1,
            "iid": 233
          },
          {
            "sourceFileId": 1,
            "iid": 289
          }
        ],
        "unreachableTime": 196,
        "unreachableSite": "code_orig_.js:25:20:30:10",
        "staleness": 180,
        "lastUseTime": "never used",
        "lastUseSite": "never used",
        "shallowSize": 1,
        "type": "PROTOTYPE"
      }
    ],
    "code_orig_.js:31:9:31:42": [
      {
        "objectId": 9,
        "creationTime": 20,
        "creationCallStack": [
          {
            "sourceFileId": 1,
            "iid": 233
          },
          {
            "sourceFileId": 1,
            "iid": 289
          }
        ],
        "unreachableTime": 23,
        "unreachableSite": "code_orig_.js:21:13:32:6",
        "staleness": 3,
        "lastUseTime": "never used",
        "lastUseSite": "never used",
        "shallowSize": 1,
        "type": "OBJECT"
      }
    ],
    "initial DOM": [
      {
        "objectId": 10,
        "creationTime": 28,
        "creationCallStack": [],
        "unreachableTime": 197,
        "unreachableSite": "end of program",
        "staleness": 169,
        "lastUseTime": "never used",
        "lastUseSite": "never used",
        "shallowSize": 2,
        "type": "DOM"
      },
      {
        "objectId": 11,
        "creationTime": 30,
        "creationCallStack": [],
        "unreachableTime": 197,
        "unreachableSite": "end of program",
        "staleness": 0,
        "lastUseTime": 197,
        "lastUseSite": {
          "sourceFileId": 0,
          "iid": 0
        },
        "shallowSize": 3,
        "type": "DOM"
      },
      {
        "objectId": 12,
        "creationTime": 33,
        "creationCallStack": [],
        "unreachableTime": 197,
        "unreachableSite": "end of program",
        "staleness": 0,
        "lastUseTime": 197,
        "lastUseSite": {
          "sourceFileId": 0,
          "iid": 0
        },
        "shallowSize": 76,
        "type": "DOM"
      },
      {
        "objectId": 13,
        "creationTime": 35,
        "creationCallStack": [],
        "unreachableTime": 197,
        "unreachableSite": "end of program",
        "staleness": 0,
        "lastUseTime": 197,
        "lastUseSite": {
          "sourceFileId": 0,
          "iid": 0
        },
        "shallowSize": 1,
        "type": "DOM"
      },
      {
        "objectId": 14,
        "creationTime": 37,
        "creationCallStack": [],
        "unreachableTime": 197,
        "unreachableSite": "end of program",
        "staleness": 0,
        "lastUseTime": 197,
        "lastUseSite": {
          "sourceFileId": 0,
          "iid": 0
        },
        "shallowSize": 1,
        "type": "DOM"
      },
      {
        "objectId": 15,
        "creationTime": 39,
        "creationCallStack": [],
        "unreachableTime": 197,
        "unreachableSite": "end of program",
        "staleness": 0,
        "lastUseTime": 197,
        "lastUseSite": {
          "sourceFileId": 0,
          "iid": 0
        },
        "shallowSize": 1,
        "type": "DOM"
      },
      {
        "objectId": 16,
        "creationTime": 41,
        "creationCallStack": [],
        "unreachableTime": 197,
        "unreachableSite": "end of program",
        "staleness": 0,
        "lastUseTime": 197,
        "lastUseSite": {
          "sourceFileId": 0,
          "iid": 0
        },
        "shallowSize": 1,
        "type": "DOM"
      },
      {
        "objectId": 17,
        "creationTime": 43,
        "creationCallStack": [],
        "unreachableTime": 197,
        "unreachableSite": "end of program",
        "staleness": 0,
        "lastUseTime": 197,
        "lastUseSite": {
          "sourceFileId": 0,
          "iid": 0
        },
        "shallowSize": 1,
        "type": "DOM"
      },
      {
        "objectId": 18,
        "creationTime": 45,
        "creationCallStack": [],
        "unreachableTime": 197,
        "unreachableSite": "end of program",
        "staleness": 0,
        "lastUseTime": 197,
        "lastUseSite": {
          "sourceFileId": 0,
          "iid": 0
        },
        "shallowSize": 1,
        "type": "DOM"
      },
      {
        "objectId": 19,
        "creationTime": 47,
        "creationCallStack": [],
        "unreachableTime": 197,
        "unreachableSite": "end of program",
        "staleness": 0,
        "lastUseTime": 197,
        "lastUseSite": {
          "sourceFileId": 0,
          "iid": 0
        },
        "shallowSize": 1,
        "type": "DOM"
      },
      {
        "objectId": 20,
        "creationTime": 49,
        "creationCallStack": [],
        "unreachableTime": 197,
        "unreachableSite": "end of program",
        "staleness": 0,
        "lastUseTime": 197,
        "lastUseSite": {
          "sourceFileId": 0,
          "iid": 0
        },
        "shallowSize": 1,
        "type": "DOM"
      },
      {
        "objectId": 21,
        "creationTime": 51,
        "creationCallStack": [],
        "unreachableTime": 197,
        "unreachableSite": "end of program",
        "staleness": 0,
        "lastUseTime": 197,
        "lastUseSite": {
          "sourceFileId": 0,
          "iid": 0
        },
        "shallowSize": 1,
        "type": "DOM"
      },
      {
        "objectId": 22,
        "creationTime": 53,
        "creationCallStack": [],
        "unreachableTime": 197,
        "unreachableSite": "end of program",
        "staleness": 0,
        "lastUseTime": 197,
        "lastUseSite": {
          "sourceFileId": 0,
          "iid": 0
        },
        "shallowSize": 1,
        "type": "DOM"
      },
      {
        "objectId": 23,
        "creationTime": 55,
        "creationCallStack": [],
        "unreachableTime": 197,
        "unreachableSite": "end of program",
        "staleness": 0,
        "lastUseTime": 197,
        "lastUseSite": {
          "sourceFileId": 0,
          "iid": 0
        },
        "shallowSize": 1,
        "type": "DOM"
      },
      {
        "objectId": 24,
        "creationTime": 57,
        "creationCallStack": [],
        "unreachableTime": 197,
        "unreachableSite": "end of program",
        "staleness": 0,
        "lastUseTime": 197,
        "lastUseSite": {
          "sourceFileId": 0,
          "iid": 0
        },
        "shallowSize": 1,
        "type": "DOM"
      },
      {
        "objectId": 25,
        "creationTime": 59,
        "creationCallStack": [],
        "unreachableTime": 197,
        "unreachableSite": "end of program",
        "staleness": 0,
        "lastUseTime": 197,
        "lastUseSite": {
          "sourceFileId": 0,
          "iid": 0
        },
        "shallowSize": 1,
        "type": "DOM"
      },
      {
        "objectId": 26,
        "creationTime": 61,
        "creationCallStack": [],
        "unreachableTime": 197,
        "unreachableSite": "end of program",
        "staleness": 0,
        "lastUseTime": 197,
        "lastUseSite": {
          "sourceFileId": 0,
          "iid": 0
        },
        "shallowSize": 1,
        "type": "DOM"
      },
      {
        "objectId": 27,
        "creationTime": 63,
        "creationCallStack": [],
        "unreachableTime": 197,
        "unreachableSite": "end of program",
        "staleness": 0,
        "lastUseTime": 197,
        "lastUseSite": {
          "sourceFileId": 0,
          "iid": 0
        },
        "shallowSize": 1,
        "type": "DOM"
      },
      {
        "objectId": 28,
        "creationTime": 65,
        "creationCallStack": [],
        "unreachableTime": 197,
        "unreachableSite": "end of program",
        "staleness": 0,
        "lastUseTime": 197,
        "lastUseSite": {
          "sourceFileId": 0,
          "iid": 0
        },
        "shallowSize": 1,
        "type": "DOM"
      },
      {
        "objectId": 29,
        "creationTime": 67,
        "creationCallStack": [],
        "unreachableTime": 197,
        "unreachableSite": "end of program",
        "staleness": 0,
        "lastUseTime": 197,
        "lastUseSite": {
          "sourceFileId": 0,
          "iid": 0
        },
        "shallowSize": 1,
        "type": "DOM"
      },
      {
        "objectId": 30,
        "creationTime": 69,
        "creationCallStack": [],
        "unreachableTime": 197,
        "unreachableSite": "end of program",
        "staleness": 0,
        "lastUseTime": 197,
        "lastUseSite": {
          "sourceFileId": 0,
          "iid": 0
        },
        "shallowSize": 1,
        "type": "DOM"
      },
      {
        "objectId": 31,
        "creationTime": 71,
        "creationCallStack": [],
        "unreachableTime": 197,
        "unreachableSite": "end of program",
        "staleness": 0,
        "lastUseTime": 197,
        "lastUseSite": {
          "sourceFileId": 0,
          "iid": 0
        },
        "shallowSize": 1,
        "type": "DOM"
      },
      {
        "objectId": 32,
        "creationTime": 73,
        "creationCallStack": [],
        "unreachableTime": 197,
        "unreachableSite": "end of program",
        "staleness": 0,
        "lastUseTime": 197,
        "lastUseSite": {
          "sourceFileId": 0,
          "iid": 0
        },
        "shallowSize": 1,
        "type": "DOM"
      },
      {
        "objectId": 33,
        "creationTime": 75,
        "creationCallStack": [],
        "unreachableTime": 197,
        "unreachableSite": "end of program",
        "staleness": 0,
        "lastUseTime": 197,
        "lastUseSite": {
          "sourceFileId": 0,
          "iid": 0
        },
        "shallowSize": 1,
        "type": "DOM"
      },
      {
        "objectId": 34,
        "creationTime": 77,
        "creationCallStack": [],
        "unreachableTime": 197,
        "unreachableSite": "end of program",
        "staleness": 0,
        "lastUseTime": 197,
        "lastUseSite": {
          "sourceFileId": 0,
          "iid": 0
        },
        "shallowSize": 1,
        "type": "DOM"
      },
      {
        "objectId": 35,
        "creationTime": 79,
        "creationCallStack": [],
        "unreachableTime": 197,
        "unreachableSite": "end of program",
        "staleness": 0,
        "lastUseTime": 197,
        "lastUseSite": {
          "sourceFileId": 0,
          "iid": 0
        },
        "shallowSize": 1,
        "type": "DOM"
      },
      {
        "objectId": 36,
        "creationTime": 81,
        "creationCallStack": [],
        "unreachableTime": 197,
        "unreachableSite": "end of program",
        "staleness": 0,
        "lastUseTime": 197,
        "lastUseSite": {
          "sourceFileId": 0,
          "iid": 0
        },
        "shallowSize": 1,
        "type": "DOM"
      },
      {
        "objectId": 37,
        "creationTime": 83,
        "creationCallStack": [],
        "unreachableTime": 197,
        "unreachableSite": "end of program",
        "staleness": 0,
        "lastUseTime": 197,
        "lastUseSite": {
          "sourceFileId": 0,
          "iid": 0
        },
        "shallowSize": 1,
        "type": "DOM"
      },
      {
        "objectId": 38,
        "creationTime": 85,
        "creationCallStack": [],
        "unreachableTime": 197,
        "unreachableSite": "end of program",
        "staleness": 0,
        "lastUseTime": 197,
        "lastUseSite": {
          "sourceFileId": 0,
          "iid": 0
        },
        "shallowSize": 1,
        "type": "DOM"
      },
      {
        "objectId": 39,
        "creationTime": 87,
        "creationCallStack": [],
        "unreachableTime": 197,
        "unreachableSite": "end of program",
        "staleness": 0,
        "lastUseTime": 197,
        "lastUseSite": {
          "sourceFileId": 0,
          "iid": 0
        },
        "shallowSize": 1,
        "type": "DOM"
      },
      {
        "objectId": 40,
        "creationTime": 89,
        "creationCallStack": [],
        "unreachableTime": 197,
        "unreachableSite": "end of program",
        "staleness": 0,
        "lastUseTime": 197,
        "lastUseSite": {
          "sourceFileId": 0,
          "iid": 0
        },
        "shallowSize": 1,
        "type": "DOM"
      },
      {
        "objectId": 41,
        "creationTime": 91,
        "creationCallStack": [],
        "unreachableTime": 197,
        "unreachableSite": "end of program",
        "staleness": 0,
        "lastUseTime": 197,
        "lastUseSite": {
          "sourceFileId": 0,
          "iid": 0
        },
        "shallowSize": 1,
        "type": "DOM"
      },
      {
        "objectId": 42,
        "creationTime": 93,
        "creationCallStack": [],
        "unreachableTime": 197,
        "unreachableSite": "end of program",
        "staleness": 0,
        "lastUseTime": 197,
        "lastUseSite": {
          "sourceFileId": 0,
          "iid": 0
        },
        "shallowSize": 1,
        "type": "DOM"
      },
      {
        "objectId": 43,
        "creationTime": 95,
        "creationCallStack": [],
        "unreachableTime": 197,
        "unreachableSite": "end of program",
        "staleness": 0,
        "lastUseTime": 197,
        "lastUseSite": {
          "sourceFileId": 0,
          "iid": 0
        },
        "shallowSize": 1,
        "type": "DOM"
      },
      {
        "objectId": 44,
        "creationTime": 97,
        "creationCallStack": [],
        "unreachableTime": 197,
        "unreachableSite": "end of program",
        "staleness": 0,
        "lastUseTime": 197,
        "lastUseSite": {
          "sourceFileId": 0,
          "iid": 0
        },
        "shallowSize": 1,
        "type": "DOM"
      },
      {
        "objectId": 45,
        "creationTime": 99,
        "creationCallStack": [],
        "unreachableTime": 197,
        "unreachableSite": "end of program",
        "staleness": 0,
        "lastUseTime": 197,
        "lastUseSite": {
          "sourceFileId": 0,
          "iid": 0
        },
        "shallowSize": 1,
        "type": "DOM"
      },
      {
        "objectId": 46,
        "creationTime": 101,
        "creationCallStack": [],
        "unreachableTime": 197,
        "unreachableSite": "end of program",
        "staleness": 0,
        "lastUseTime": 197,
        "lastUseSite": {
          "sourceFileId": 0,
          "iid": 0
        },
        "shallowSize": 1,
        "type": "DOM"
      },
      {
        "objectId": 47,
        "creationTime": 103,
        "creationCallStack": [],
        "unreachableTime": 197,
        "unreachableSite": "end of program",
        "staleness": 0,
        "lastUseTime": 197,
        "lastUseSite": {
          "sourceFileId": 0,
          "iid": 0
        },
        "shallowSize": 1,
        "type": "DOM"
      },
      {
        "objectId": 48,
        "creationTime": 105,
        "creationCallStack": [],
        "unreachableTime": 197,
        "unreachableSite": "end of program",
        "staleness": 0,
        "lastUseTime": 197,
        "lastUseSite": {
          "sourceFileId": 0,
          "iid": 0
        },
        "shallowSize": 1,
        "type": "DOM"
      },
      {
        "objectId": 49,
        "creationTime": 107,
        "creationCallStack": [],
        "unreachableTime": 197,
        "unreachableSite": "end of program",
        "staleness": 0,
        "lastUseTime": 197,
        "lastUseSite": {
          "sourceFileId": 0,
          "iid": 0
        },
        "shallowSize": 1,
        "type": "DOM"
      },
      {
        "objectId": 50,
        "creationTime": 109,
        "creationCallStack": [],
        "unreachableTime": 197,
        "unreachableSite": "end of program",
        "staleness": 0,
        "lastUseTime": 197,
        "lastUseSite": {
          "sourceFileId": 0,
          "iid": 0
        },
        "shallowSize": 1,
        "type": "DOM"
      },
      {
        "objectId": 51,
        "creationTime": 111,
        "creationCallStack": [],
        "unreachableTime": 197,
        "unreachableSite": "end of program",
        "staleness": 0,
        "lastUseTime": 197,
        "lastUseSite": {
          "sourceFileId": 0,
          "iid": 0
        },
        "shallowSize": 1,
        "type": "DOM"
      },
      {
        "objectId": 52,
        "creationTime": 113,
        "creationCallStack": [],
        "unreachableTime": 197,
        "unreachableSite": "end of program",
        "staleness": 0,
        "lastUseTime": 197,
        "lastUseSite": {
          "sourceFileId": 0,
          "iid": 0
        },
        "shallowSize": 1,
        "type": "DOM"
      },
      {
        "objectId": 53,
        "creationTime": 115,
        "creationCallStack": [],
        "unreachableTime": 197,
        "unreachableSite": "end of program",
        "staleness": 0,
        "lastUseTime": 197,
        "lastUseSite": {
          "sourceFileId": 0,
          "iid": 0
        },
        "shallowSize": 1,
        "type": "DOM"
      },
      {
        "objectId": 54,
        "creationTime": 117,
        "creationCallStack": [],
        "unreachableTime": 197,
        "unreachableSite": "end of program",
        "staleness": 0,
        "lastUseTime": 197,
        "lastUseSite": {
          "sourceFileId": 0,
          "iid": 0
        },
        "shallowSize": 1,
        "type": "DOM"
      },
      {
        "objectId": 55,
        "creationTime": 119,
        "creationCallStack": [],
        "unreachableTime": 197,
        "unreachableSite": "end of program",
        "staleness": 0,
        "lastUseTime": 197,
        "lastUseSite": {
          "sourceFileId": 0,
          "iid": 0
        },
        "shallowSize": 1,
        "type": "DOM"
      },
      {
        "objectId": 56,
        "creationTime": 121,
        "creationCallStack": [],
        "unreachableTime": 197,
        "unreachableSite": "end of program",
        "staleness": 0,
        "lastUseTime": 197,
        "lastUseSite": {
          "sourceFileId": 0,
          "iid": 0
        },
        "shallowSize": 1,
        "type": "DOM"
      },
      {
        "objectId": 57,
        "creationTime": 123,
        "creationCallStack": [],
        "unreachableTime": 197,
        "unreachableSite": "end of program",
        "staleness": 0,
        "lastUseTime": 197,
        "lastUseSite": {
          "sourceFileId": 0,
          "iid": 0
        },
        "shallowSize": 1,
        "type": "DOM"
      },
      {
        "objectId": 58,
        "creationTime": 125,
        "creationCallStack": [],
        "unreachableTime": 197,
        "unreachableSite": "end of program",
        "staleness": 0,
        "lastUseTime": 197,
        "lastUseSite": {
          "sourceFileId": 0,
          "iid": 0
        },
        "shallowSize": 1,
        "type": "DOM"
      },
      {
        "objectId": 59,
        "creationTime": 127,
        "creationCallStack": [],
        "unreachableTime": 197,
        "unreachableSite": "end of program",
        "staleness": 0,
        "lastUseTime": 197,
        "lastUseSite": {
          "sourceFileId": 0,
          "iid": 0
        },
        "shallowSize": 1,
        "type": "DOM"
      },
      {
        "objectId": 60,
        "creationTime": 129,
        "creationCallStack": [],
        "unreachableTime": 197,
        "unreachableSite": "end of program",
        "staleness": 0,
        "lastUseTime": 197,
        "lastUseSite": {
          "sourceFileId": 0,
          "iid": 0
        },
        "shallowSize": 1,
        "type": "DOM"
      },
      {
        "objectId": 61,
        "creationTime": 131,
        "creationCallStack": [],
        "unreachableTime": 197,
        "unreachableSite": "end of program",
        "staleness": 0,
        "lastUseTime": 197,
        "lastUseSite": {
          "sourceFileId": 0,
          "iid": 0
        },
        "shallowSize": 1,
        "type": "DOM"
      },
      {
        "objectId": 62,
        "creationTime": 133,
        "creationCallStack": [],
        "unreachableTime": 197,
        "unreachableSite": "end of program",
        "staleness": 0,
        "lastUseTime": 197,
        "lastUseSite": {
          "sourceFileId": 0,
          "iid": 0
        },
        "shallowSize": 1,
        "type": "DOM"
      },
      {
        "objectId": 63,
        "creationTime": 135,
        "creationCallStack": [],
        "unreachableTime": 197,
        "unreachableSite": "end of program",
        "staleness": 0,
        "lastUseTime": 197,
        "lastUseSite": {
          "sourceFileId": 0,
          "iid": 0
        },
        "shallowSize": 1,
        "type": "DOM"
      },
      {
        "objectId": 64,
        "creationTime": 137,
        "creationCallStack": [],
        "unreachableTime": 197,
        "unreachableSite": "end of program",
        "staleness": 0,
        "lastUseTime": 197,
        "lastUseSite": {
          "sourceFileId": 0,
          "iid": 0
        },
        "shallowSize": 1,
        "type": "DOM"
      },
      {
        "objectId": 65,
        "creationTime": 139,
        "creationCallStack": [],
        "unreachableTime": 197,
        "unreachableSite": "end of program",
        "staleness": 0,
        "lastUseTime": 197,
        "lastUseSite": {
          "sourceFileId": 0,
          "iid": 0
        },
        "shallowSize": 1,
        "type": "DOM"
      },
      {
        "objectId": 66,
        "creationTime": 141,
        "creationCallStack": [],
        "unreachableTime": 197,
        "unreachableSite": "end of program",
        "staleness": 0,
        "lastUseTime": 197,
        "lastUseSite": {
          "sourceFileId": 0,
          "iid": 0
        },
        "shallowSize": 1,
        "type": "DOM"
      },
      {
        "objectId": 67,
        "creationTime": 143,
        "creationCallStack": [],
        "unreachableTime": 197,
        "unreachableSite": "end of program",
        "staleness": 0,
        "lastUseTime": 197,
        "lastUseSite": {
          "sourceFileId": 0,
          "iid": 0
        },
        "shallowSize": 1,
        "type": "DOM"
      },
      {
        "objectId": 68,
        "creationTime": 145,
        "creationCallStack": [],
        "unreachableTime": 197,
        "unreachableSite": "end of program",
        "staleness": 0,
        "lastUseTime": 197,
        "lastUseSite": {
          "sourceFileId": 0,
          "iid": 0
        },
        "shallowSize": 1,
        "type": "DOM"
      },
      {
        "objectId": 69,
        "creationTime": 147,
        "creationCallStack": [],
        "unreachableTime": 197,
        "unreachableSite": "end of program",
        "staleness": 0,
        "lastUseTime": 197,
        "lastUseSite": {
          "sourceFileId": 0,
          "iid": 0
        },
        "shallowSize": 1,
        "type": "DOM"
      },
      {
        "objectId": 70,
        "creationTime": 149,
        "creationCallStack": [],
        "unreachableTime": 197,
        "unreachableSite": "end of program",
        "staleness": 0,
        "lastUseTime": 197,
        "lastUseSite": {
          "sourceFileId": 0,
          "iid": 0
        },
        "shallowSize": 1,
        "type": "DOM"
      },
      {
        "objectId": 71,
        "creationTime": 151,
        "creationCallStack": [],
        "unreachableTime": 197,
        "unreachableSite": "end of program",
        "staleness": 0,
        "lastUseTime": 197,
        "lastUseSite": {
          "sourceFileId": 0,
          "iid": 0
        },
        "shallowSize": 1,
        "type": "DOM"
      },
      {
        "objectId": 72,
        "creationTime": 153,
        "creationCallStack": [],
        "unreachableTime": 197,
        "unreachableSite": "end of program",
        "staleness": 0,
        "lastUseTime": 197,
        "lastUseSite": {
          "sourceFileId": 0,
          "iid": 0
        },
        "shallowSize": 1,
        "type": "DOM"
      },
      {
        "objectId": 73,
        "creationTime": 155,
        "creationCallStack": [],
        "unreachableTime": 197,
        "unreachableSite": "end of program",
        "staleness": 0,
        "lastUseTime": 197,
        "lastUseSite": {
          "sourceFileId": 0,
          "iid": 0
        },
        "shallowSize": 1,
        "type": "DOM"
      },
      {
        "objectId": 74,
        "creationTime": 157,
        "creationCallStack": [],
        "unreachableTime": 197,
        "unreachableSite": "end of program",
        "staleness": 0,
        "lastUseTime": 197,
        "lastUseSite": {
          "sourceFileId": 0,
          "iid": 0
        },
        "shallowSize": 1,
        "type": "DOM"
      },
      {
        "objectId": 75,
        "creationTime": 159,
        "creationCallStack": [],
        "unreachableTime": 197,
        "unreachableSite": "end of program",
        "staleness": 0,
        "lastUseTime": 197,
        "lastUseSite": {
          "sourceFileId": 0,
          "iid": 0
        },
        "shallowSize": 1,
        "type": "DOM"
      },
      {
        "objectId": 76,
        "creationTime": 161,
        "creationCallStack": [],
        "unreachableTime": 197,
        "unreachableSite": "end of program",
        "staleness": 0,
        "lastUseTime": 197,
        "lastUseSite": {
          "sourceFileId": 0,
          "iid": 0
        },
        "shallowSize": 1,
        "type": "DOM"
      },
      {
        "objectId": 77,
        "creationTime": 163,
        "creationCallStack": [],
        "unreachableTime": 197,
        "unreachableSite": "end of program",
        "staleness": 0,
        "lastUseTime": 197,
        "lastUseSite": {
          "sourceFileId": 0,
          "iid": 0
        },
        "shallowSize": 1,
        "type": "DOM"
      },
      {
        "objectId": 78,
        "creationTime": 165,
        "creationCallStack": [],
        "unreachableTime": 197,
        "unreachableSite": "end of program",
        "staleness": 0,
        "lastUseTime": 197,
        "lastUseSite": {
          "sourceFileId": 0,
          "iid": 0
        },
        "shallowSize": 1,
        "type": "DOM"
      },
      {
        "objectId": 79,
        "creationTime": 167,
        "creationCallStack": [],
        "unreachableTime": 197,
        "unreachableSite": "end of program",
        "staleness": 0,
        "lastUseTime": 197,
        "lastUseSite": {
          "sourceFileId": 0,
          "iid": 0
        },
        "shallowSize": 1,
        "type": "DOM"
      },
      {
        "objectId": 80,
        "creationTime": 169,
        "creationCallStack": [],
        "unreachableTime": 197,
        "unreachableSite": "end of program",
        "staleness": 0,
        "lastUseTime": 197,
        "lastUseSite": {
          "sourceFileId": 0,
          "iid": 0
        },
        "shallowSize": 1,
        "type": "DOM"
      },
      {
        "objectId": 81,
        "creationTime": 171,
        "creationCallStack": [],
        "unreachableTime": 197,
        "unreachableSite": "end of program",
        "staleness": 0,
        "lastUseTime": 197,
        "lastUseSite": {
          "sourceFileId": 0,
          "iid": 0
        },
        "shallowSize": 1,
        "type": "DOM"
      },
      {
        "objectId": 82,
        "creationTime": 173,
        "creationCallStack": [],
        "unreachableTime": 197,
        "unreachableSite": "end of program",
        "staleness": 0,
        "lastUseTime": 197,
        "lastUseSite": {
          "sourceFileId": 0,
          "iid": 0
        },
        "shallowSize": 1,
        "type": "DOM"
      },
      {
        "objectId": 83,
        "creationTime": 175,
        "creationCallStack": [],
        "unreachableTime": 197,
        "unreachableSite": "end of program",
        "staleness": 0,
        "lastUseTime": 197,
        "lastUseSite": {
          "sourceFileId": 0,
          "iid": 0
        },
        "shallowSize": 2,
        "type": "DOM"
      },
      {
        "objectId": 84,
        "creationTime": 177,
        "creationCallStack": [],
        "unreachableTime": 197,
        "unreachableSite": "end of program",
        "staleness": 0,
        "lastUseTime": 197,
        "lastUseSite": {
          "sourceFileId": 0,
          "iid": 0
        },
        "shallowSize": 1,
        "type": "DOM"
      },
      {
        "objectId": 85,
        "creationTime": 179,
        "creationCallStack": [],
        "unreachableTime": 197,
        "unreachableSite": "end of program",
        "staleness": 0,
        "lastUseTime": 197,
        "lastUseSite": {
          "sourceFileId": 0,
          "iid": 0
        },
        "shallowSize": 1,
        "type": "DOM"
      },
      {
        "objectId": 86,
        "creationTime": 181,
        "creationCallStack": [],
        "unreachableTime": 197,
        "unreachableSite": "end of program",
        "staleness": 0,
        "lastUseTime": 197,
        "lastUseSite": {
          "sourceFileId": 0,
          "iid": 0
        },
        "shallowSize": 1,
        "type": "DOM"
      },
      {
        "objectId": 87,
        "creationTime": 183,
        "creationCallStack": [],
        "unreachableTime": 197,
        "unreachableSite": "end of program",
        "staleness": 0,
        "lastUseTime": 197,
        "lastUseSite": {
          "sourceFileId": 0,
          "iid": 0
        },
        "shallowSize": 1,
        "type": "DOM"
      },
      {
        "objectId": 88,
        "creationTime": 185,
        "creationCallStack": [],
        "unreachableTime": 197,
        "unreachableSite": "end of program",
        "staleness": 0,
        "lastUseTime": 197,
        "lastUseSite": {
          "sourceFileId": 0,
          "iid": 0
        },
        "shallowSize": 1,
        "type": "DOM"
      },
      {
        "objectId": 89,
        "creationTime": 187,
        "creationCallStack": [],
        "unreachableTime": 197,
        "unreachableSite": "end of program",
        "staleness": 0,
        "lastUseTime": 197,
        "lastUseSite": {
          "sourceFileId": 0,
          "iid": 0
        },
        "shallowSize": 2,
        "type": "DOM"
      },
      {
        "objectId": 90,
        "creationTime": 189,
        "creationCallStack": [],
        "unreachableTime": 197,
        "unreachableSite": "end of program",
        "staleness": 0,
        "lastUseTime": 197,
        "lastUseSite": {
          "sourceFileId": 0,
          "iid": 0
        },
        "shallowSize": 1,
        "type": "DOM"
      }
    ]
  }
}