no escaping from site test/testdata/testAllocSiteStats2.js:19:13:19:21
no escaping from site test/testdata/testAllocSiteStats2.js:27:13:27:21
no escaping from site test/testdata/testAllocSiteStats2.js:36:18:36:26