testRefCount7.js:21:1:21:13 : RC(testRefCount7.js:20:9:20:11) = 1
testRefCount7.js:23:1:23:13 : RC(testRefCount7.js:20:9:20:11) = 2
testRefCount7.js:25:1:25:13 : RC(testRefCount7.js:20:9:20:11) = 1
Id: 2     Alloc: testRefCount7.js:16:1:16:24              Time: 37         Loc: end of program
Id: 3     Alloc: testRefCount7.js:16:1:16:24              Time: 37         Loc: end of program
Id: 4     Alloc: testRefCount7.js:17:1:19:2               Time: 37         Loc: end of program
Id: 5     Alloc: testRefCount7.js:17:1:19:2               Time: 37         Loc: end of program
Id: 6     Alloc: testRefCount7.js:20:9:20:11              Time: 37         Loc: end of program
Id: 7     Alloc: testRefCount7.js:22:9:22:17              Time: 32         Loc: testRefCount7.js:24:1:24:9