Id: 2     Alloc: testRefCount40.js:16:2:53:2              Time: 51         Loc: end of program
Id: 3     Alloc: testRefCount40.js:16:2:53:2              Time: 51         Loc: end of program
Id: 4     Alloc: testRefCount40.js:17:18:52:10            Time: 48         Loc: testRefCount40.js:16:2:53:2
Id: 5     Alloc: testRefCount40.js:17:18:52:10            Time: 48         Loc: testRefCount40.js:16:2:53:2
Id: 6     Alloc: testRefCount40.js:18:26:19:18            Time: 47         Loc: testRefCount40.js:17:18:52:10
Id: 7     Alloc: testRefCount40.js:18:26:19:18            Time: 25         Loc: testRefCount40.js:20:13:27:15
Id: 8     Alloc: testRefCount40.js:19:27:19:47            Time: 47         Loc: testRefCount40.js:17:18:52:10
Id: 9     Alloc: testRefCount40.js:21:22:22:18            Time: 47         Loc: testRefCount40.js:17:18:52:10
Id: 10    Alloc: testRefCount40.js:21:22:22:18            Time: 47         Loc: testRefCount40.js:17:18:52:10
Id: 11    Alloc: testRefCount40.js:23:22:24:18            Time: 47         Loc: testRefCount40.js:17:18:52:10
Id: 12    Alloc: testRefCount40.js:23:22:24:18            Time: 47         Loc: testRefCount40.js:17:18:52:10
Id: 13    Alloc: testRefCount40.js:26:23:26:25            Time: 25         Loc: testRefCount40.js:20:13:27:15
Id: 14    Alloc: testRefCount40.js:20:32:27:14            Time: 47         Loc: testRefCount40.js:17:18:52:10
Id: 15    Alloc: testRefCount40.js:20:32:27:14            Time: 47         Loc: testRefCount40.js:17:18:52:10
Id: 16    Alloc: testRefCount40.js:29:29:30:18            Time: 47         Loc: testRefCount40.js:17:18:52:10
Id: 17    Alloc: testRefCount40.js:29:29:30:18            Time: 47         Loc: testRefCount40.js:17:18:52:10
Id: 18    Alloc: testRefCount40.js:31:28:32:18            Time: 47         Loc: testRefCount40.js:17:18:52:10
Id: 19    Alloc: testRefCount40.js:31:28:32:18            Time: 47         Loc: testRefCount40.js:17:18:52:10
Id: 20    Alloc: testRefCount40.js:33:27:34:18            Time: 47         Loc: testRefCount40.js:17:18:52:10
Id: 21    Alloc: testRefCount40.js:33:27:34:18            Time: 47         Loc: testRefCount40.js:17:18:52:10
Id: 22    Alloc: testRefCount40.js:35:23:36:18            Time: 47         Loc: testRefCount40.js:17:18:52:10
Id: 23    Alloc: testRefCount40.js:35:23:36:18            Time: 47         Loc: testRefCount40.js:17:18:52:10
Id: 24    Alloc: testRefCount40.js:37:23:38:18            Time: 47         Loc: testRefCount40.js:17:18:52:10
Id: 25    Alloc: testRefCount40.js:37:23:38:18            Time: 47         Loc: testRefCount40.js:17:18:52:10
Id: 26    Alloc: testRefCount40.js:39:28:41:18            Time: 47         Loc: testRefCount40.js:17:18:52:10
Id: 27    Alloc: testRefCount40.js:39:28:41:18            Time: 47         Loc: testRefCount40.js:17:18:52:10
Id: 28    Alloc: testRefCount40.js:42:26:43:18            Time: 47         Loc: testRefCount40.js:17:18:52:10
Id: 29    Alloc: testRefCount40.js:42:26:43:18            Time: 47         Loc: testRefCount40.js:17:18:52:10
Id: 30    Alloc: testRefCount40.js:44:24:45:18            Time: 47         Loc: testRefCount40.js:17:18:52:10
Id: 31    Alloc: testRefCount40.js:44:24:45:18            Time: 47         Loc: testRefCount40.js:17:18:52:10
Id: 32    Alloc: testRefCount40.js:46:23:47:18            Time: 47         Loc: testRefCount40.js:17:18:52:10
Id: 33    Alloc: testRefCount40.js:46:23:47:18            Time: 47         Loc: testRefCount40.js:17:18:52:10
Id: 34    Alloc: testRefCount40.js:48:22:50:18            Time: 47         Loc: testRefCount40.js:17:18:52:10
Id: 35    Alloc: testRefCount40.js:48:22:50:18            Time: 47         Loc: testRefCount40.js:17:18:52:10
Id: 36    Alloc: testRefCount40.js:28:27:51:14            Time: 47         Loc: testRefCount40.js:17:18:52:10