testRefCount8.js:21:1:21:14 : RC(testRefCount8.js:17:10:17:30) = 1
testRefCount8.js:23:1:23:14 : RC(testRefCount8.js:17:10:17:30) = 1
Id: 2     Alloc: testRefCount8.js:16:1:16:24              Time: 26         Loc: end of program
Id: 3     Alloc: testRefCount8.js:16:1:16:24              Time: 26         Loc: end of program
Id: 4     Alloc: testRefCount8.js:18:1:20:2               Time: 26         Loc: end of program
Id: 5     Alloc: testRefCount8.js:18:1:20:2               Time: 26         Loc: end of program
Id: 6     Alloc: testRefCount8.js:17:10:17:30             Time: 26         Loc: end of program
Id: 7     Alloc: testRefCount8.js:19:12:19:26             Time: 21         Loc: testRefCount8.js:22:9:22:20