[23,0]
[1,-1,1]
[23,1]
[19,177,1,"lifetime-analysis/test/traces/htmlTest9/code_orig_.js"]
[22,9,16,1,16,24]
[22,17,16,1,16,24]
[22,25,19,9,19,28]
[22,33,19,9,19,29]
[22,41,20,9,20,52]
[22,43,20,9,20,35]
[22,49,20,9,20,53]
[22,57,21,9,21,28]
[22,65,21,9,21,29]
[22,73,18,20,22,6]
[22,81,18,20,22,6]
[22,89,18,20,22,6]
[22,97,18,20,22,6]
[22,105,18,20,22,6]
[22,113,23,5,23,46]
[22,115,23,5,23,28]
[22,121,23,5,23,47]
[22,129,17,1,24,3]
[22,137,17,1,24,3]
[22,145,17,1,24,3]
[22,153,17,1,24,3]
[22,161,17,1,24,5]
[22,169,17,1,24,6]
[22,177,16,1,24,6]
[22,185,16,1,16,24]
[22,193,16,1,24,6]
[22,201,16,1,16,24]
[22,209,16,1,16,24]
[22,217,18,20,22,6]
[22,225,18,20,22,6]
[22,233,17,1,24,3]
[22,241,17,1,24,3]
[22,249,16,1,24,6]
[22,257,16,1,24,6]
[21,9,["J$"]]
[21,73,["J$","readyFun","jalangiRC","window","undefined"]]
[21,129,["J$","window","undefined","jalangiRC"]]
[2,185,9,2]
[0,193,"jalangiRC",2]
[2,153,129,4]
[18,161,4,129]
[0,145,"readyFun",0]
[2,89,73,6]
[4,97,"readyFun",6]
[8,105]
[15,113,1,"~event~load",6]
[8,121]
[7,241]
[8,169]
[20,257]
[23,0]
[12,-2,8]
[4,-2,"document",8]
[12,-2,9]
[3,-2,8,"documentElement",9]
[17,9]
[12,-2,10]
[13,9,10]
[12,-2,11]
[13,10,11]
[12,-2,12]
[13,10,12]
[12,-2,13]
[13,10,13]
[12,-2,14]
[13,10,14]
[12,-2,15]
[13,10,15]
[12,-2,16]
[13,10,16]
[12,-2,17]
[13,10,17]
[12,-2,18]
[13,10,18]
[12,-2,19]
[13,10,19]
[12,-2,20]
[13,10,20]
[12,-2,21]
[13,10,21]
[12,-2,22]
[13,10,22]
[12,-2,23]
[13,10,23]
[12,-2,24]
[13,10,24]
[12,-2,25]
[13,10,25]
[12,-2,26]
[13,10,26]
[12,-2,27]
[13,10,27]
[12,-2,28]
[13,10,28]
[12,-2,29]
[13,10,29]
[12,-2,30]
[13,10,30]
[12,-2,31]
[13,10,31]
[12,-2,32]
[13,10,32]
[12,-2,33]
[13,10,33]
[12,-2,34]
[13,10,34]
[12,-2,35]
[13,10,35]
[12,-2,36]
[13,10,36]
[12,-2,37]
[13,10,37]
[12,-2,38]
[13,10,38]
[12,-2,39]
[13,10,39]
[12,-2,40]
[13,10,40]
[12,-2,41]
[13,10,41]
[12,-2,42]
[13,10,42]
[12,-2,43]
[13,10,43]
[12,-2,44]
[13,10,44]
[12,-2,45]
[13,10,45]
[12,-2,46]
[13,10,46]
[12,-2,47]
[13,10,47]
[12,-2,48]
[13,10,48]
[12,-2,49]
[13,10,49]
[12,-2,50]
[13,10,50]
[12,-2,51]
[13,10,51]
[12,-2,52]
[13,10,52]
[12,-2,53]
[13,10,53]
[12,-2,54]
[13,10,54]
[12,-2,55]
[13,10,55]
[12,-2,56]
[13,10,56]
[12,-2,57]
[13,10,57]
[12,-2,58]
[13,10,58]
[12,-2,59]
[13,10,59]
[12,-2,60]
[13,10,60]
[12,-2,61]
[13,10,61]
[12,-2,62]
[13,10,62]
[12,-2,63]
[13,10,63]
[12,-2,64]
[13,10,64]
[12,-2,65]
[13,10,65]
[12,-2,66]
[13,10,66]
[12,-2,67]
[13,10,67]
[12,-2,68]
[13,10,68]
[12,-2,69]
[13,10,69]
[12,-2,70]
[13,69,70]
[12,-2,71]
[13,10,71]
[12,-2,72]
[13,10,72]
[12,-2,73]
[13,10,73]
[12,-2,74]
[13,10,74]
[12,-2,75]
[13,9,75]
[12,-2,76]
[13,9,76]
[12,-2,77]
[13,76,77]
[12,-2,78]
[13,76,78]
[12,-2,79]
[13,76,79]
[8,-1]
[23,1]
[6,73,6]
[10,25,6]
[18,25,2,9]
[7,209]
[8,33]
[16,41,1,"~event~load",6]
[8,49]
[10,57,6]
[18,57,2,9]
[7,209]
[8,65]
[7,225]
[23,0]
[5,1,164,43]
[5,2,170,57]
[5,4,12,161]
[5,6,161,73]
