[23,0]
[1,-1,1]
[23,1]
[19,177,1,"lifetime-analysis/test/traces/htmlTest6/checknode_orig_.js"]
[22,9,16,1,16,24]
[22,17,16,1,16,24]
[22,25,20,19,20,54]
[22,27,20,19,20,42]
[22,33,20,19,20,54]
[22,41,20,19,20,54]
[22,49,21,9,21,23]
[22,57,21,9,21,24]
[22,65,19,15,22,6]
[22,73,19,15,22,6]
[22,81,19,15,22,6]
[22,89,19,15,22,6]
[22,97,19,15,22,6]
[22,105,19,15,22,6]
[22,113,24,5,24,22]
[22,121,24,5,24,23]
[22,129,18,1,25,3]
[22,137,18,1,25,3]
[22,145,18,1,25,3]
[22,153,18,1,25,3]
[22,161,18,1,25,5]
[22,169,18,1,25,6]
[22,177,16,1,25,6]
[22,185,16,1,16,24]
[22,193,16,1,25,6]
[22,201,16,1,16,24]
[22,209,16,1,16,24]
[22,217,19,15,22,6]
[22,225,19,15,22,6]
[22,233,18,1,25,3]
[22,241,18,1,25,3]
[22,249,16,1,25,6]
[22,257,16,1,25,6]
[21,9,["J$"]]
[21,65,["J$","document","undefined","jalangiRC"]]
[21,129,["J$","setTimeout","undefined","document","jalangiRC"]]
[2,185,9,2]
[0,193,"jalangiRC",2]
[2,153,129,4]
[18,161,4,129]
[0,145,"foo",0]
[2,89,65,6]
[4,97,"foo",6]
[8,105]
[4,113,"~timer~global~1",6]
[8,121]
[7,241]
[8,169]
[20,257]
[23,0]
[12,-2,8]
[4,-2,"document",8]
[12,-2,9]
[3,-2,8,"documentElement",9]
[17,9]
[12,-2,10]
[13,9,10]
[12,-2,11]
[13,10,11]
[12,-2,12]
[13,10,12]
[12,-2,13]
[13,10,13]
[12,-2,14]
[13,10,14]
[12,-2,15]
[13,10,15]
[12,-2,16]
[13,10,16]
[12,-2,17]
[13,10,17]
[12,-2,18]
[13,10,18]
[12,-2,19]
[13,10,19]
[12,-2,20]
[13,10,20]
[12,-2,21]
[13,10,21]
[12,-2,22]
[13,10,22]
[12,-2,23]
[13,10,23]
[12,-2,24]
[13,10,24]
[12,-2,25]
[13,10,25]
[12,-2,26]
[13,10,26]
[12,-2,27]
[13,10,27]
[12,-2,28]
[13,10,28]
[12,-2,29]
[13,10,29]
[12,-2,30]
[13,10,30]
[12,-2,31]
[13,10,31]
[12,-2,32]
[13,10,32]
[12,-2,33]
[13,10,33]
[12,-2,34]
[13,10,34]
[12,-2,35]
[13,10,35]
[12,-2,36]
[13,10,36]
[12,-2,37]
[13,10,37]
[12,-2,38]
[13,10,38]
[12,-2,39]
[13,10,39]
[12,-2,40]
[13,10,40]
[12,-2,41]
[13,10,41]
[12,-2,42]
[13,10,42]
[12,-2,43]
[13,10,43]
[12,-2,44]
[13,10,44]
[12,-2,45]
[13,10,45]
[12,-2,46]
[13,10,46]
[12,-2,47]
[13,10,47]
[12,-2,48]
[13,10,48]
[12,-2,49]
[13,10,49]
[12,-2,50]
[13,10,50]
[12,-2,51]
[13,10,51]
[12,-2,52]
[13,51,52]
[12,-2,53]
[13,10,53]
[12,-2,54]
[13,10,54]
[12,-2,55]
[13,10,55]
[12,-2,56]
[13,10,56]
[12,-2,57]
[13,9,57]
[12,-2,58]
[13,9,58]
[12,-2,59]
[13,58,59]
[12,-2,60]
[13,58,60]
[12,-2,61]
[13,60,61]
[12,-2,62]
[13,60,62]
[12,-2,63]
[13,62,63]
[12,-2,64]
[13,60,64]
[12,-2,65]
[13,60,65]
[12,-2,66]
[13,65,66]
[12,-2,67]
[13,60,67]
[12,-2,68]
[13,60,68]
[12,-2,69]
[13,68,69]
[12,-2,70]
[13,60,70]
[12,-2,71]
[13,58,71]
[12,-2,72]
[13,58,72]
[12,-2,73]
[13,58,73]
[8,-1]
[23,1]
[6,65,6]
[0,81,"div",0]
[4,33,"div",60]
[8,41]
[10,49,60]
[18,49,2,9]
[7,209]
[8,57]
[7,225]
[23,0]
[4,65,"~timer~global~1",0]
[8,65]
[5,2,155,49]
[5,4,12,161]
[5,6,149,65]
[5,8,150,27]
