[23,0]
[1,-1,1]
[23,1]
[19,161,1,"test/testdata/testRefCount17.js"]
[22,9,19,1,19,24]
[22,17,19,1,19,24]
[22,25,20,9,20,14]
[22,33,20,9,20,14]
[22,41,20,9,20,14]
[22,49,21,9,21,14]
[22,57,21,9,21,14]
[22,65,21,9,21,14]
[22,73,22,9,22,20]
[22,75,22,9,22,17]
[22,81,22,9,22,20]
[22,89,22,9,22,20]
[22,97,23,9,23,17]
[22,105,23,9,23,17]
[22,113,23,9,23,17]
[22,121,24,1,24,13]
[22,129,24,1,24,13]
[22,137,25,13,25,16]
[22,145,25,1,25,17]
[22,147,25,1,25,12]
[22,153,25,1,25,18]
[22,161,19,1,25,18]
[22,169,19,1,19,24]
[22,177,19,1,25,18]
[22,185,19,1,25,18]
[22,193,19,1,25,18]
[22,201,19,1,25,18]
[22,209,19,1,25,18]
[22,217,19,1,19,24]
[22,225,19,1,19,24]
[22,233,19,1,25,18]
[22,241,19,1,25,18]
[21,9,["J$"]]
[2,169,9,2]
[0,177,"jalangiRC",2]
[0,185,"a",0]
[0,193,"b",0]
[0,201,"c",0]
[0,209,"x",0]
[1,25,4]
[4,33,"a",4]
[8,41]
[1,49,5]
[4,57,"b",5]
[8,65]
[1,73,6]
[4,81,"c",6]
[8,89]
[1,97,7]
[3,97,7,"f",6]
[4,105,"x",7]
[8,113]
[10,121,7]
[18,121,2,9]
[7,225]
[8,129]
[20,241]
[23,0]
[5,2,23,121]
[5,4,12,75]
[5,7,23,137]
