[23,0]
[1,-1,1]
[23,1]
[19,25,1,"test/testdata/testRefCount52.js"]
[22,9,16,6,16,55]
[22,17,16,1,16,57]
[22,25,1,1,16,57]
[22,33,1,1,16,57]
[22,41,1,1,16,57]
[23,2]
[19,69,2,"eval"]
[22,13,1,17,1,31]
[22,15,1,17,1,28]
[22,21,1,17,1,32]
[22,29,1,1,1,34]
[22,37,1,1,1,34]
[22,45,1,1,1,34]
[22,53,1,35,1,45]
[22,61,1,35,1,46]
[22,69,1,1,1,46]
[22,77,1,1,1,34]
[22,85,1,1,1,46]
[22,93,1,1,1,34]
[22,101,1,1,1,34]
[22,109,1,1,1,46]
[22,117,1,1,1,46]
[2,77,29,2]
[0,85,"u",2]
[18,53,2,29,2]
[0,45,"s",0]
[8,"2:21"]
[7,101]
[8,"2:61"]
[20,117]
[23,1]
[8,"1:17"]
[20,41]
[23,0]
[5,2,8,"2:53"]
[24]
