[23,0]
[1,-1,1]
[23,1]
[19,145,1,"test/testdata/testAllocSiteStats3.js"]
[22,9,18,18,18,26]
[22,17,18,13,18,27]
[22,25,18,13,18,27]
[22,33,18,13,18,27]
[22,41,19,12,19,15]
[22,49,19,12,19,17]
[22,57,19,12,19,17]
[22,65,19,5,19,18]
[22,73,17,1,20,2]
[22,81,17,1,20,2]
[22,89,17,1,20,2]
[22,97,22,14,22,15]
[22,105,22,14,22,15]
[22,121,23,17,23,26]
[22,129,23,5,23,27]
[22,131,23,5,23,16]
[22,137,23,5,23,28]
[22,145,17,1,24,2]
[22,153,17,1,20,2]
[22,161,17,1,24,2]
[22,169,17,1,24,2]
[22,177,17,1,20,2]
[22,185,17,1,20,2]
[22,193,22,1,24,2]
[22,201,22,1,24,2]
[22,209,17,1,24,2]
[22,217,17,1,24,2]
[21,73,["J$"]]
[2,153,73,2]
[0,161,"doAlloc",2]
[0,169,"i",0]
[8,"1:105"]
[18,121,2,73,1]
[0,89,"x",0]
[1,9,4]
[1,17,5]
[3,17,5,"f",4]
[4,25,"x",5]
[8,"1:33"]
[7,185]
[8,"1:137"]
[18,121,2,73,1]
[0,89,"x",0]
[1,9,6]
[1,17,7]
[3,17,7,"f",6]
[4,25,"x",7]
[8,"1:33"]
[7,185]
[8,"1:137"]
[18,121,2,73,1]
[0,89,"x",0]
[1,9,8]
[1,17,9]
[3,17,9,"f",8]
[4,25,"x",9]
[8,"1:33"]
[7,185]
[8,"1:137"]
[18,121,2,73,1]
[0,89,"x",0]
[1,9,10]
[1,17,11]
[3,17,11,"f",10]
[4,25,"x",11]
[8,"1:33"]
[7,185]
[8,"1:137"]
[18,121,2,73,1]
[0,89,"x",0]
[1,9,12]
[1,17,13]
[3,17,13,"f",12]
[4,25,"x",13]
[8,"1:33"]
[7,185]
[8,"1:137"]
[18,121,2,73,1]
[0,89,"x",0]
[1,9,14]
[1,17,15]
[3,17,15,"f",14]
[4,25,"x",15]
[8,"1:33"]
[7,185]
[8,"1:137"]
[18,121,2,73,1]
[0,89,"x",0]
[1,9,16]
[1,17,17]
[3,17,17,"f",16]
[4,25,"x",17]
[8,"1:33"]
[7,185]
[8,"1:137"]
[18,121,2,73,1]
[0,89,"x",0]
[1,9,18]
[1,17,19]
[3,17,19,"f",18]
[4,25,"x",19]
[8,"1:33"]
[7,185]
[8,"1:137"]
[18,121,2,73,1]
[0,89,"x",0]
[1,9,20]
[1,17,21]
[3,17,21,"f",20]
[4,25,"x",21]
[8,"1:33"]
[7,185]
[8,"1:137"]
[18,121,2,73,1]
[0,89,"x",0]
[1,9,22]
[1,17,23]
[3,17,23,"f",22]
[4,25,"x",23]
[8,"1:33"]
[7,185]
[8,"1:137"]
[18,121,2,73,1]
[0,89,"x",0]
[1,9,24]
[1,17,25]
[3,17,25,"f",24]
[4,25,"x",25]
[8,"1:33"]
[7,185]
[8,"1:137"]
[18,121,2,73,1]
[0,89,"x",0]
[1,9,26]
[1,17,27]
[3,17,27,"f",26]
[4,25,"x",27]
[8,"1:33"]
[7,185]
[8,"1:137"]
[18,121,2,73,1]
[0,89,"x",0]
[1,9,28]
[1,17,29]
[3,17,29,"f",28]
[4,25,"x",29]
[8,"1:33"]
[7,185]
[8,"1:137"]
[18,121,2,73,1]
[0,89,"x",0]
[1,9,30]
[1,17,31]
[3,17,31,"f",30]
[4,25,"x",31]
[8,"1:33"]
[7,185]
[8,"1:137"]
[18,121,2,73,1]
[0,89,"x",0]
[1,9,32]
[1,17,33]
[3,17,33,"f",32]
[4,25,"x",33]
[8,"1:33"]
[7,185]
[8,"1:137"]
[18,121,2,73,1]
[0,89,"x",0]
[1,9,34]
[1,17,35]
[3,17,35,"f",34]
[4,25,"x",35]
[8,"1:33"]
[7,185]
[8,"1:137"]
[18,121,2,73,1]
[0,89,"x",0]
[1,9,36]
[1,17,37]
[3,17,37,"f",36]
[4,25,"x",37]
[8,"1:33"]
[7,185]
[8,"1:137"]
[18,121,2,73,1]
[0,89,"x",0]
[1,9,38]
[1,17,39]
[3,17,39,"f",38]
[4,25,"x",39]
[8,"1:33"]
[7,185]
[8,"1:137"]
[18,121,2,73,1]
[0,89,"x",0]
[1,9,40]
[1,17,41]
[3,17,41,"f",40]
[4,25,"x",41]
[8,"1:33"]
[7,185]
[8,"1:137"]
[18,121,2,73,1]
[0,89,"x",0]
[1,9,42]
[1,17,43]
[3,17,43,"f",42]
[4,25,"x",43]
[8,"1:33"]
[7,185]
[8,"1:137"]
[18,121,2,73,1]
[0,89,"x",0]
[1,9,44]
[1,17,45]
[3,17,45,"f",44]
[4,25,"x",45]
[8,"1:33"]
[7,185]
[8,"1:137"]
[18,121,2,73,1]
[0,89,"x",0]
[1,9,46]
[1,17,47]
[3,17,47,"f",46]
[4,25,"x",47]
[8,"1:33"]
[7,185]
[8,"1:137"]
[18,121,2,73,1]
[0,89,"x",0]
[1,9,48]
[1,17,49]
[3,17,49,"f",48]
[4,25,"x",49]
[8,"1:33"]
[7,185]
[8,"1:137"]
[18,121,2,73,1]
[0,89,"x",0]
[1,9,50]
[1,17,51]
[3,17,51,"f",50]
[4,25,"x",51]
[8,"1:33"]
[7,185]
[8,"1:137"]
[18,121,2,73,1]
[0,89,"x",0]
[1,9,52]
[1,17,53]
[3,17,53,"f",52]
[4,25,"x",53]
[8,"1:33"]
[7,185]
[8,"1:137"]
[18,121,2,73,1]
[0,89,"x",0]
[1,9,54]
[1,17,55]
[3,17,55,"f",54]
[4,25,"x",55]
[8,"1:33"]
[7,185]
[8,"1:137"]
[18,121,2,73,1]
[0,89,"x",0]
[1,9,56]
[1,17,57]
[3,17,57,"f",56]
[4,25,"x",57]
[8,"1:33"]
[7,185]
[8,"1:137"]
[18,121,2,73,1]
[0,89,"x",0]
[1,9,58]
[1,17,59]
[3,17,59,"f",58]
[4,25,"x",59]
[8,"1:33"]
[7,185]
[8,"1:137"]
[18,121,2,73,1]
[0,89,"x",0]
[1,9,60]
[1,17,61]
[3,17,61,"f",60]
[4,25,"x",61]
[8,"1:33"]
[7,185]
[8,"1:137"]
[18,121,2,73,1]
[0,89,"x",0]
[1,9,62]
[1,17,63]
[3,17,63,"f",62]
[4,25,"x",63]
[8,"1:33"]
[7,185]
[8,"1:137"]
[18,121,2,73,1]
[0,89,"x",0]
[1,9,64]
[1,17,65]
[3,17,65,"f",64]
[4,25,"x",65]
[8,"1:33"]
[7,185]
[8,"1:137"]
[18,121,2,73,1]
[0,89,"x",0]
[1,9,66]
[1,17,67]
[3,17,67,"f",66]
[4,25,"x",67]
[8,"1:33"]
[7,185]
[8,"1:137"]
[18,121,2,73,1]
[0,89,"x",0]
[1,9,68]
[1,17,69]
[3,17,69,"f",68]
[4,25,"x",69]
[8,"1:33"]
[7,185]
[8,"1:137"]
[18,121,2,73,1]
[0,89,"x",0]
[1,9,70]
[1,17,71]
[3,17,71,"f",70]
[4,25,"x",71]
[8,"1:33"]
[7,185]
[8,"1:137"]
[18,121,2,73,1]
[0,89,"x",0]
[1,9,72]
[1,17,73]
[3,17,73,"f",72]
[4,25,"x",73]
[8,"1:33"]
[7,185]
[8,"1:137"]
[18,121,2,73,1]
[0,89,"x",0]
[1,9,74]
[1,17,75]
[3,17,75,"f",74]
[4,25,"x",75]
[8,"1:33"]
[7,185]
[8,"1:137"]
[18,121,2,73,1]
[0,89,"x",0]
[1,9,76]
[1,17,77]
[3,17,77,"f",76]
[4,25,"x",77]
[8,"1:33"]
[7,185]
[8,"1:137"]
[18,121,2,73,1]
[0,89,"x",0]
[1,9,78]
[1,17,79]
[3,17,79,"f",78]
[4,25,"x",79]
[8,"1:33"]
[7,185]
[8,"1:137"]
[18,121,2,73,1]
[0,89,"x",0]
[1,9,80]
[1,17,81]
[3,17,81,"f",80]
[4,25,"x",81]
[8,"1:33"]
[7,185]
[8,"1:137"]
[18,121,2,73,1]
[0,89,"x",0]
[1,9,82]
[1,17,83]
[3,17,83,"f",82]
[4,25,"x",83]
[8,"1:33"]
[7,185]
[8,"1:137"]
[18,121,2,73,1]
[0,89,"x",0]
[1,9,84]
[1,17,85]
[3,17,85,"f",84]
[4,25,"x",85]
[8,"1:33"]
[7,185]
[8,"1:137"]
[18,121,2,73,1]
[0,89,"x",0]
[1,9,86]
[1,17,87]
[3,17,87,"f",86]
[4,25,"x",87]
[8,"1:33"]
[7,185]
[8,"1:137"]
[18,121,2,73,1]
[0,89,"x",0]
[1,9,88]
[1,17,89]
[3,17,89,"f",88]
[4,25,"x",89]
[8,"1:33"]
[7,185]
[8,"1:137"]
[18,121,2,73,1]
[0,89,"x",0]
[1,9,90]
[1,17,91]
[3,17,91,"f",90]
[4,25,"x",91]
[8,"1:33"]
[7,185]
[8,"1:137"]
[18,121,2,73,1]
[0,89,"x",0]
[1,9,92]
[1,17,93]
[3,17,93,"f",92]
[4,25,"x",93]
[8,"1:33"]
[7,185]
[8,"1:137"]
[18,121,2,73,1]
[0,89,"x",0]
[1,9,94]
[1,17,95]
[3,17,95,"f",94]
[4,25,"x",95]
[8,"1:33"]
[7,185]
[8,"1:137"]
[18,121,2,73,1]
[0,89,"x",0]
[1,9,96]
[1,17,97]
[3,17,97,"f",96]
[4,25,"x",97]
[8,"1:33"]
[7,185]
[8,"1:137"]
[18,121,2,73,1]
[0,89,"x",0]
[1,9,98]
[1,17,99]
[3,17,99,"f",98]
[4,25,"x",99]
[8,"1:33"]
[7,185]
[8,"1:137"]
[18,121,2,73,1]
[0,89,"x",0]
[1,9,100]
[1,17,101]
[3,17,101,"f",100]
[4,25,"x",101]
[8,"1:33"]
[7,185]
[8,"1:137"]
[18,121,2,73,1]
[0,89,"x",0]
[1,9,102]
[1,17,103]
[3,17,103,"f",102]
[4,25,"x",103]
[8,"1:33"]
[7,185]
[8,"1:137"]
[18,121,2,73,1]
[0,89,"x",0]
[1,9,104]
[1,17,105]
[3,17,105,"f",104]
[4,25,"x",105]
[8,"1:33"]
[7,185]
[8,"1:137"]
[18,121,2,73,1]
[0,89,"x",0]
[1,9,106]
[1,17,107]
[3,17,107,"f",106]
[4,25,"x",107]
[8,"1:33"]
[7,185]
[8,"1:137"]
[18,121,2,73,1]
[0,89,"x",0]
[1,9,108]
[1,17,109]
[3,17,109,"f",108]
[4,25,"x",109]
[8,"1:33"]
[7,185]
[8,"1:137"]
[18,121,2,73,1]
[0,89,"x",0]
[1,9,110]
[1,17,111]
[3,17,111,"f",110]
[4,25,"x",111]
[8,"1:33"]
[7,185]
[8,"1:137"]
[18,121,2,73,1]
[0,89,"x",0]
[1,9,112]
[1,17,113]
[3,17,113,"f",112]
[4,25,"x",113]
[8,"1:33"]
[7,185]
[8,"1:137"]
[18,121,2,73,1]
[0,89,"x",0]
[1,9,114]
[1,17,115]
[3,17,115,"f",114]
[4,25,"x",115]
[8,"1:33"]
[7,185]
[8,"1:137"]
[18,121,2,73,1]
[0,89,"x",0]
[1,9,116]
[1,17,117]
[3,17,117,"f",116]
[4,25,"x",117]
[8,"1:33"]
[7,185]
[8,"1:137"]
[18,121,2,73,1]
[0,89,"x",0]
[1,9,118]
[1,17,119]
[3,17,119,"f",118]
[4,25,"x",119]
[8,"1:33"]
[7,185]
[8,"1:137"]
[18,121,2,73,1]
[0,89,"x",0]
[1,9,120]
[1,17,121]
[3,17,121,"f",120]
[4,25,"x",121]
[8,"1:33"]
[7,185]
[8,"1:137"]
[18,121,2,73,1]
[0,89,"x",0]
[1,9,122]
[1,17,123]
[3,17,123,"f",122]
[4,25,"x",123]
[8,"1:33"]
[7,185]
[8,"1:137"]
[18,121,2,73,1]
[0,89,"x",0]
[1,9,124]
[1,17,125]
[3,17,125,"f",124]
[4,25,"x",125]
[8,"1:33"]
[7,185]
[8,"1:137"]
[18,121,2,73,1]
[0,89,"x",0]
[1,9,126]
[1,17,127]
[3,17,127,"f",126]
[4,25,"x",127]
[8,"1:33"]
[7,185]
[8,"1:137"]
[18,121,2,73,1]
[0,89,"x",0]
[1,9,128]
[1,17,129]
[3,17,129,"f",128]
[4,25,"x",129]
[8,"1:33"]
[7,185]
[8,"1:137"]
[18,121,2,73,1]
[0,89,"x",0]
[1,9,130]
[1,17,131]
[3,17,131,"f",130]
[4,25,"x",131]
[8,"1:33"]
[7,185]
[8,"1:137"]
[18,121,2,73,1]
[0,89,"x",0]
[1,9,132]
[1,17,133]
[3,17,133,"f",132]
[4,25,"x",133]
[8,"1:33"]
[7,185]
[8,"1:137"]
[18,121,2,73,1]
[0,89,"x",0]
[1,9,134]
[1,17,135]
[3,17,135,"f",134]
[4,25,"x",135]
[8,"1:33"]
[7,185]
[8,"1:137"]
[18,121,2,73,1]
[0,89,"x",0]
[1,9,136]
[1,17,137]
[3,17,137,"f",136]
[4,25,"x",137]
[8,"1:33"]
[7,185]
[8,"1:137"]
[18,121,2,73,1]
[0,89,"x",0]
[1,9,138]
[1,17,139]
[3,17,139,"f",138]
[4,25,"x",139]
[8,"1:33"]
[7,185]
[8,"1:137"]
[18,121,2,73,1]
[0,89,"x",0]
[1,9,140]
[1,17,141]
[3,17,141,"f",140]
[4,25,"x",141]
[8,"1:33"]
[7,185]
[8,"1:137"]
[18,121,2,73,1]
[0,89,"x",0]
[1,9,142]
[1,17,143]
[3,17,143,"f",142]
[4,25,"x",143]
[8,"1:33"]
[7,185]
[8,"1:137"]
[18,121,2,73,1]
[0,89,"x",0]
[1,9,144]
[1,17,145]
[3,17,145,"f",144]
[4,25,"x",145]
[8,"1:33"]
[7,185]
[8,"1:137"]
[18,121,2,73,1]
[0,89,"x",0]
[1,9,146]
[1,17,147]
[3,17,147,"f",146]
[4,25,"x",147]
[8,"1:33"]
[7,185]
[8,"1:137"]
[18,121,2,73,1]
[0,89,"x",0]
[1,9,148]
[1,17,149]
[3,17,149,"f",148]
[4,25,"x",149]
[8,"1:33"]
[7,185]
[8,"1:137"]
[18,121,2,73,1]
[0,89,"x",0]
[1,9,150]
[1,17,151]
[3,17,151,"f",150]
[4,25,"x",151]
[8,"1:33"]
[7,185]
[8,"1:137"]
[18,121,2,73,1]
[0,89,"x",0]
[1,9,152]
[1,17,153]
[3,17,153,"f",152]
[4,25,"x",153]
[8,"1:33"]
[7,185]
[8,"1:137"]
[18,121,2,73,1]
[0,89,"x",0]
[1,9,154]
[1,17,155]
[3,17,155,"f",154]
[4,25,"x",155]
[8,"1:33"]
[7,185]
[8,"1:137"]
[18,121,2,73,1]
[0,89,"x",0]
[1,9,156]
[1,17,157]
[3,17,157,"f",156]
[4,25,"x",157]
[8,"1:33"]
[7,185]
[8,"1:137"]
[18,121,2,73,1]
[0,89,"x",0]
[1,9,158]
[1,17,159]
[3,17,159,"f",158]
[4,25,"x",159]
[8,"1:33"]
[7,185]
[8,"1:137"]
[18,121,2,73,1]
[0,89,"x",0]
[1,9,160]
[1,17,161]
[3,17,161,"f",160]
[4,25,"x",161]
[8,"1:33"]
[7,185]
[8,"1:137"]
[18,121,2,73,1]
[0,89,"x",0]
[1,9,162]
[1,17,163]
[3,17,163,"f",162]
[4,25,"x",163]
[8,"1:33"]
[7,185]
[8,"1:137"]
[18,121,2,73,1]
[0,89,"x",0]
[1,9,164]
[1,17,165]
[3,17,165,"f",164]
[4,25,"x",165]
[8,"1:33"]
[7,185]
[8,"1:137"]
[18,121,2,73,1]
[0,89,"x",0]
[1,9,166]
[1,17,167]
[3,17,167,"f",166]
[4,25,"x",167]
[8,"1:33"]
[7,185]
[8,"1:137"]
[18,121,2,73,1]
[0,89,"x",0]
[1,9,168]
[1,17,169]
[3,17,169,"f",168]
[4,25,"x",169]
[8,"1:33"]
[7,185]
[8,"1:137"]
[18,121,2,73,1]
[0,89,"x",0]
[1,9,170]
[1,17,171]
[3,17,171,"f",170]
[4,25,"x",171]
[8,"1:33"]
[7,185]
[8,"1:137"]
[18,121,2,73,1]
[0,89,"x",0]
[1,9,172]
[1,17,173]
[3,17,173,"f",172]
[4,25,"x",173]
[8,"1:33"]
[7,185]
[8,"1:137"]
[18,121,2,73,1]
[0,89,"x",0]
[1,9,174]
[1,17,175]
[3,17,175,"f",174]
[4,25,"x",175]
[8,"1:33"]
[7,185]
[8,"1:137"]
[18,121,2,73,1]
[0,89,"x",0]
[1,9,176]
[1,17,177]
[3,17,177,"f",176]
[4,25,"x",177]
[8,"1:33"]
[7,185]
[8,"1:137"]
[18,121,2,73,1]
[0,89,"x",0]
[1,9,178]
[1,17,179]
[3,17,179,"f",178]
[4,25,"x",179]
[8,"1:33"]
[7,185]
[8,"1:137"]
[18,121,2,73,1]
[0,89,"x",0]
[1,9,180]
[1,17,181]
[3,17,181,"f",180]
[4,25,"x",181]
[8,"1:33"]
[7,185]
[8,"1:137"]
[18,121,2,73,1]
[0,89,"x",0]
[1,9,182]
[1,17,183]
[3,17,183,"f",182]
[4,25,"x",183]
[8,"1:33"]
[7,185]
[8,"1:137"]
[18,121,2,73,1]
[0,89,"x",0]
[1,9,184]
[1,17,185]
[3,17,185,"f",184]
[4,25,"x",185]
[8,"1:33"]
[7,185]
[8,"1:137"]
[18,121,2,73,1]
[0,89,"x",0]
[1,9,186]
[1,17,187]
[3,17,187,"f",186]
[4,25,"x",187]
[8,"1:33"]
[7,185]
[8,"1:137"]
[18,121,2,73,1]
[0,89,"x",0]
[1,9,188]
[1,17,189]
[3,17,189,"f",188]
[4,25,"x",189]
[8,"1:33"]
[7,185]
[8,"1:137"]
[18,121,2,73,1]
[0,89,"x",0]
[1,9,190]
[1,17,191]
[3,17,191,"f",190]
[4,25,"x",191]
[8,"1:33"]
[7,185]
[8,"1:137"]
[18,121,2,73,1]
[0,89,"x",0]
[1,9,192]
[1,17,193]
[3,17,193,"f",192]
[4,25,"x",193]
[8,"1:33"]
[7,185]
[8,"1:137"]
[18,121,2,73,1]
[0,89,"x",0]
[1,9,194]
[1,17,195]
[3,17,195,"f",194]
[4,25,"x",195]
[8,"1:33"]
[7,185]
[8,"1:137"]
[18,121,2,73,1]
[0,89,"x",0]
[1,9,196]
[1,17,197]
[3,17,197,"f",196]
[4,25,"x",197]
[8,"1:33"]
[7,185]
[8,"1:137"]
[18,121,2,73,1]
[0,89,"x",0]
[1,9,198]
[1,17,199]
[3,17,199,"f",198]
[4,25,"x",199]
[8,"1:33"]
[7,185]
[8,"1:137"]
[18,121,2,73,1]
[0,89,"x",0]
[1,9,200]
[1,17,201]
[3,17,201,"f",200]
[4,25,"x",201]
[8,"1:33"]
[7,185]
[8,"1:137"]
[18,121,2,73,1]
[0,89,"x",0]
[1,9,202]
[1,17,203]
[3,17,203,"f",202]
[4,25,"x",203]
[8,"1:33"]
[7,185]
[8,"1:137"]
[20,217]
[23,0]
[5,2,904,"1:121"]
[5,4,11,"1:49"]
[5,5,11,"1:41"]
[5,6,20,"1:49"]
[5,7,20,"1:41"]
[5,8,29,"1:49"]
[5,9,29,"1:41"]
[5,10,38,"1:49"]
[5,11,38,"1:41"]
[5,12,47,"1:49"]
[5,13,47,"1:41"]
[5,14,56,"1:49"]
[5,15,56,"1:41"]
[5,16,65,"1:49"]
[5,17,65,"1:41"]
[5,18,74,"1:49"]
[5,19,74,"1:41"]
[5,20,83,"1:49"]
[5,21,83,"1:41"]
[5,22,92,"1:49"]
[5,23,92,"1:41"]
[5,24,101,"1:49"]
[5,25,101,"1:41"]
[5,26,110,"1:49"]
[5,27,110,"1:41"]
[5,28,119,"1:49"]
[5,29,119,"1:41"]
[5,30,128,"1:49"]
[5,31,128,"1:41"]
[5,32,137,"1:49"]
[5,33,137,"1:41"]
[5,34,146,"1:49"]
[5,35,146,"1:41"]
[5,36,155,"1:49"]
[5,37,155,"1:41"]
[5,38,164,"1:49"]
[5,39,164,"1:41"]
[5,40,173,"1:49"]
[5,41,173,"1:41"]
[5,42,182,"1:49"]
[5,43,182,"1:41"]
[5,44,191,"1:49"]
[5,45,191,"1:41"]
[5,46,200,"1:49"]
[5,47,200,"1:41"]
[5,48,209,"1:49"]
[5,49,209,"1:41"]
[5,50,218,"1:49"]
[5,51,218,"1:41"]
[5,52,227,"1:49"]
[5,53,227,"1:41"]
[5,54,236,"1:49"]
[5,55,236,"1:41"]
[5,56,245,"1:49"]
[5,57,245,"1:41"]
[5,58,254,"1:49"]
[5,59,254,"1:41"]
[5,60,263,"1:49"]
[5,61,263,"1:41"]
[5,62,272,"1:49"]
[5,63,272,"1:41"]
[5,64,281,"1:49"]
[5,65,281,"1:41"]
[5,66,290,"1:49"]
[5,67,290,"1:41"]
[5,68,299,"1:49"]
[5,69,299,"1:41"]
[5,70,308,"1:49"]
[5,71,308,"1:41"]
[5,72,317,"1:49"]
[5,73,317,"1:41"]
[5,74,326,"1:49"]
[5,75,326,"1:41"]
[5,76,335,"1:49"]
[5,77,335,"1:41"]
[5,78,344,"1:49"]
[5,79,344,"1:41"]
[5,80,353,"1:49"]
[5,81,353,"1:41"]
[5,82,362,"1:49"]
[5,83,362,"1:41"]
[5,84,371,"1:49"]
[5,85,371,"1:41"]
[5,86,380,"1:49"]
[5,87,380,"1:41"]
[5,88,389,"1:49"]
[5,89,389,"1:41"]
[5,90,398,"1:49"]
[5,91,398,"1:41"]
[5,92,407,"1:49"]
[5,93,407,"1:41"]
[5,94,416,"1:49"]
[5,95,416,"1:41"]
[5,96,425,"1:49"]
[5,97,425,"1:41"]
[5,98,434,"1:49"]
[5,99,434,"1:41"]
[5,100,443,"1:49"]
[5,101,443,"1:41"]
[5,102,452,"1:49"]
[5,103,452,"1:41"]
[5,104,461,"1:49"]
[5,105,461,"1:41"]
[5,106,470,"1:49"]
[5,107,470,"1:41"]
[5,108,479,"1:49"]
[5,109,479,"1:41"]
[5,110,488,"1:49"]
[5,111,488,"1:41"]
[5,112,497,"1:49"]
[5,113,497,"1:41"]
[5,114,506,"1:49"]
[5,115,506,"1:41"]
[5,116,515,"1:49"]
[5,117,515,"1:41"]
[5,118,524,"1:49"]
[5,119,524,"1:41"]
[5,120,533,"1:49"]
[5,121,533,"1:41"]
[5,122,542,"1:49"]
[5,123,542,"1:41"]
[5,124,551,"1:49"]
[5,125,551,"1:41"]
[5,126,560,"1:49"]
[5,127,560,"1:41"]
[5,128,569,"1:49"]
[5,129,569,"1:41"]
[5,130,578,"1:49"]
[5,131,578,"1:41"]
[5,132,587,"1:49"]
[5,133,587,"1:41"]
[5,134,596,"1:49"]
[5,135,596,"1:41"]
[5,136,605,"1:49"]
[5,137,605,"1:41"]
[5,138,614,"1:49"]
[5,139,614,"1:41"]
[5,140,623,"1:49"]
[5,141,623,"1:41"]
[5,142,632,"1:49"]
[5,143,632,"1:41"]
[5,144,641,"1:49"]
[5,145,641,"1:41"]
[5,146,650,"1:49"]
[5,147,650,"1:41"]
[5,148,659,"1:49"]
[5,149,659,"1:41"]
[5,150,668,"1:49"]
[5,151,668,"1:41"]
[5,152,677,"1:49"]
[5,153,677,"1:41"]
[5,154,686,"1:49"]
[5,155,686,"1:41"]
[5,156,695,"1:49"]
[5,157,695,"1:41"]
[5,158,704,"1:49"]
[5,159,704,"1:41"]
[5,160,713,"1:49"]
[5,161,713,"1:41"]
[5,162,722,"1:49"]
[5,163,722,"1:41"]
[5,164,731,"1:49"]
[5,165,731,"1:41"]
[5,166,740,"1:49"]
[5,167,740,"1:41"]
[5,168,749,"1:49"]
[5,169,749,"1:41"]
[5,170,758,"1:49"]
[5,171,758,"1:41"]
[5,172,767,"1:49"]
[5,173,767,"1:41"]
[5,174,776,"1:49"]
[5,175,776,"1:41"]
[5,176,785,"1:49"]
[5,177,785,"1:41"]
[5,178,794,"1:49"]
[5,179,794,"1:41"]
[5,180,803,"1:49"]
[5,181,803,"1:41"]
[5,182,812,"1:49"]
[5,183,812,"1:41"]
[5,184,821,"1:49"]
[5,185,821,"1:41"]
[5,186,830,"1:49"]
[5,187,830,"1:41"]
[5,188,839,"1:49"]
[5,189,839,"1:41"]
[5,190,848,"1:49"]
[5,191,848,"1:41"]
[5,192,857,"1:49"]
[5,193,857,"1:41"]
[5,194,866,"1:49"]
[5,195,866,"1:41"]
[5,196,875,"1:49"]
[5,197,875,"1:41"]
[5,198,884,"1:49"]
[5,199,884,"1:41"]
[5,200,893,"1:49"]
[5,201,893,"1:41"]
[5,202,902,"1:49"]
[5,203,902,"1:41"]
[24]
