[23,0]
[1,-1,1]
[23,1]
[19,177,1,"lifetime-analysis/test/traces/testRefCount7_inst/testRefCount7_jalangi_.js"]
[22,9,16,1,16,24]
[22,17,16,1,16,24]
[22,25,18,5,18,15]
[22,33,18,5,18,15]
[22,41,17,1,19,2]
[22,49,17,1,19,2]
[22,57,17,1,19,2]
[22,65,20,9,20,11]
[22,73,20,9,20,11]
[22,81,20,9,20,11]
[22,89,21,1,21,13]
[22,97,21,1,21,13]
[22,105,22,9,22,17]
[22,113,22,9,22,17]
[22,121,22,9,22,17]
[22,129,23,1,23,13]
[22,137,23,1,23,13]
[22,145,24,5,24,9]
[22,153,24,1,24,9]
[22,161,25,1,25,13]
[22,169,25,1,25,13]
[22,177,16,1,25,13]
[22,185,16,1,16,24]
[22,193,16,1,25,13]
[22,201,17,1,19,2]
[22,209,16,1,25,13]
[22,217,16,1,25,13]
[22,225,16,1,25,13]
[22,233,16,1,16,24]
[22,241,16,1,16,24]
[22,249,17,1,19,2]
[22,257,17,1,19,2]
[22,265,16,1,25,13]
[22,273,16,1,25,13]
[21,9,["J$"]]
[21,41,["J$"]]
[2,185,9,2]
[0,193,"jalangiRC",2]
[2,201,41,4]
[0,209,"G",4]
[0,217,"y",0]
[0,225,"t",0]
[1,65,6]
[4,73,"y",6]
[8,81]
[10,89,6]
[18,89,2,9]
[7,241]
[8,97]
[18,105,4,41]
[1,41,7]
[0,41,"this",7]
[0,57,"o",6]
[3,25,7,"x",6]
[8,33]
[11,7]
[7,257]
[9,7,105]
[3,105,7,"__proto__",5]
[4,113,"t",7]
[8,121]
[10,129,6]
[18,129,2,9]
[7,241]
[8,137]
[4,145,"t",0]
[8,153]
[10,161,6]
[18,161,2,9]
[7,241]
[8,169]
[20,273]
[23,0]
[5,2,35,161]
[5,4,24,105]
[5,7,19,25]
