[23,0]
[1,-1,1]
[23,1]
[19,105,1,"test/testdata/testRefCount34.js"]
[22,9,17,1,17,24]
[22,17,17,1,17,24]
[22,25,18,9,18,11]
[22,33,18,9,18,11]
[22,41,18,9,18,11]
[22,49,19,9,19,11]
[22,57,19,9,19,11]
[22,65,19,9,19,11]
[22,73,20,1,20,13]
[22,75,20,1,20,10]
[22,81,20,1,20,14]
[22,89,21,1,21,13]
[22,97,21,1,21,14]
[22,105,17,1,21,14]
[22,113,17,1,17,24]
[22,121,17,1,21,14]
[22,129,17,1,21,14]
[22,137,17,1,21,14]
[22,145,17,1,17,24]
[22,153,17,1,17,24]
[22,161,17,1,21,14]
[22,169,17,1,21,14]
[21,9,["J$"]]
[2,113,9,2]
[0,121,"jalangiRC",2]
[0,129,"x",0]
[0,137,"y",0]
[1,25,4]
[4,33,"x",4]
[8,41]
[1,49,5]
[4,57,"y",5]
[8,65]
[3,73,4,"0",5]
[8,81]
[10,89,5]
[18,89,2,9]
[7,153]
[8,97]
[20,169]
[23,0]
[5,2,16,89]
[5,4,10,75]
