[1,-1,1]
[19,41,"lifetime-analysis/test/traces/testMemTrace2_inst/testMemTrace2_jalangi_.js"]
[0,49,"x",0]
[1,9,2]
[4,17,"x",2]
[8,17]
[20,65]
[5,2,4,33]
