[23,0]
[1,-1,1]
[23,1]
[19,209,1,"test/testdata/testRefCount26.js"]
[22,9,16,1,16,24]
[22,17,16,1,16,24]
[22,25,19,18,19,20]
[22,33,19,18,19,20]
[22,41,19,18,19,20]
[22,49,21,16,21,22]
[22,57,21,9,21,23]
[22,65,20,15,22,6]
[22,73,20,15,22,6]
[22,81,20,15,22,6]
[22,89,20,15,22,6]
[22,97,20,15,22,6]
[22,105,23,5,23,20]
[22,113,23,5,23,21]
[22,121,24,9,24,15]
[22,129,24,5,24,16]
[22,137,18,1,25,3]
[22,145,18,1,25,3]
[22,153,18,1,25,3]
[22,161,18,1,25,3]
[22,169,18,1,25,3]
[22,177,18,1,25,5]
[22,185,18,1,25,6]
[22,193,26,1,26,13]
[22,201,26,1,26,14]
[22,209,16,1,26,14]
[22,217,16,1,16,24]
[22,225,16,1,26,14]
[22,233,16,1,26,14]
[22,241,16,1,16,24]
[22,249,16,1,16,24]
[22,257,20,15,22,6]
[22,265,20,15,22,6]
[22,273,18,1,25,3]
[22,281,18,1,25,3]
[22,289,16,1,26,14]
[22,297,16,1,26,14]
[21,9,["J$"]]
[21,65,["J$","jQuery"]]
[21,137,["J$","$"]]
[2,217,9,2]
[0,225,"jalangiRC",2]
[0,233,"$",0]
[2,169,137,4]
[18,177,4,137,1]
[0,153,"jQuery",0]
[0,161,"foo",0]
[1,25,6]
[4,33,"jQuery",6]
[8,41]
[2,81,65,7]
[4,89,"foo",7]
[8,97]
[3,105,6,"f1",7]
[8,113]
[4,121,"$",6]
[8,129]
[7,281]
[8,185]
[10,193,6]
[18,193,2,9,1]
[7,249]
[8,201]
[20,297]
[23,0]
[5,2,23,"1:193"]
[5,4,19,"1:177"]
[5,6,15,"1:105"]
