[23,0]
[1,-1,1]
[23,1]
[19,177,1,"test/testdata/testRefCount38.js"]
[22,9,16,1,16,24]
[22,17,16,1,16,24]
[22,25,17,9,17,11]
[22,33,17,17,17,19]
[22,41,17,25,17,28]
[22,49,17,34,17,37]
[22,57,17,9,17,11]
[22,65,17,9,17,11]
[22,73,17,17,17,19]
[22,81,17,17,17,19]
[22,89,17,25,17,28]
[22,97,17,25,17,28]
[22,105,17,34,17,37]
[22,113,17,34,17,37]
[22,121,18,9,18,20]
[22,123,18,9,18,17]
[22,129,18,9,18,20]
[22,137,18,9,18,20]
[22,145,19,1,19,13]
[22,153,19,1,19,14]
[22,161,20,1,20,13]
[22,169,20,1,20,14]
[22,177,16,1,20,14]
[22,185,16,1,16,24]
[22,193,16,1,20,14]
[22,201,16,1,20,14]
[22,209,16,1,20,14]
[22,217,16,1,20,14]
[22,225,16,1,20,14]
[22,233,16,1,20,14]
[22,241,16,1,16,24]
[22,249,16,1,16,24]
[22,257,16,1,20,14]
[22,265,16,1,20,14]
[21,9,["J$"]]
[2,185,9,2]
[0,193,"jalangiRC",2]
[0,201,"x",0]
[0,209,"y",0]
[0,217,"a",0]
[0,225,"b",0]
[0,233,"c",0]
[1,25,4]
[4,57,"x",4]
[8,"1:65"]
[1,33,5]
[4,73,"y",5]
[8,"1:81"]
[1,41,6]
[3,41,6,"0",4]
[4,89,"a",6]
[8,"1:97"]
[1,49,7]
[3,49,7,"0",5]
[4,105,"b",7]
[8,"1:113"]
[1,121,8]
[3,121,8,"0",4]
[3,121,8,"1",5]
[4,129,"c",8]
[8,"1:137"]
[10,145,4]
[18,145,2,9,1]
[7,249]
[8,"1:153"]
[10,161,5]
[18,161,2,9,1]
[7,249]
[8,"1:169"]
[20,265]
[23,0]
[5,2,34,"1:161"]
[5,6,21,"1:123"]
[24]
