[23,0]
[1,-1,1]
[23,1]
[19,185,1,"lifetime-analysis/test/traces/testRefCount49_inst/testRefCount49_jalangi_.js"]
[22,9,16,1,16,24]
[22,17,16,1,16,24]
[22,25,18,9,18,14]
[22,33,18,9,18,14]
[22,41,18,9,18,14]
[22,49,21,13,21,17]
[22,57,21,13,21,17]
[22,65,22,10,22,42]
[22,73,22,5,22,44]
[22,81,23,12,23,13]
[22,89,23,5,23,14]
[22,97,20,1,24,2]
[22,105,20,1,24,2]
[22,113,20,1,24,2]
[22,121,20,1,24,2]
[22,129,26,1,26,13]
[22,137,26,1,26,14]
[22,145,27,9,27,14]
[22,153,27,9,27,14]
[22,161,27,9,27,14]
[22,169,28,1,28,13]
[22,177,28,1,28,14]
[22,185,16,1,28,14]
[22,193,16,1,16,24]
[22,201,16,1,28,14]
[22,209,16,1,28,14]
[22,217,20,1,24,2]
[22,225,16,1,28,14]
[22,233,16,1,28,14]
[22,241,16,1,16,24]
[22,249,16,1,16,24]
[22,257,20,1,24,2]
[22,265,20,1,24,2]
[22,273,16,1,28,14]
[22,281,16,1,28,14]
[21,9,["J$"]]
[21,97,"ANY"]
[2,193,9,2]
[0,201,"jalangiRC",2]
[0,209,"x",0]
[2,217,97,4]
[0,225,"f1",4]
[0,233,"z",0]
[1,25,6]
[4,33,"x",6]
[8,41]
[10,129,6]
[18,129,2,9]
[7,249]
[8,137]
[18,145,4,97]
[0,113,"p",6]
[0,121,"y",0]
[8,57]
[23,2]
[19,69,2,"eval"]
[22,13,1,26,1,27]
[22,21,1,19,1,28]
[22,29,1,5,1,30]
[22,37,1,5,1,30]
[22,45,1,5,1,30]
[22,53,1,5,1,30]
[22,61,1,1,1,31]
[22,69,1,1,1,31]
[22,77,1,5,1,30]
[22,85,1,5,1,30]
[22,93,1,1,1,31]
[22,101,1,1,1,31]
[21,9,["J$"]]
[21,97,"ANY"]
[2,45,29,7]
[4,53,"y",7]
[8,61]
[20,101]
[8,73]
[23,1]
[11,7]
[7,265]
[4,153,"z",7]
[8,161]
[10,169,6]
[18,169,2,9]
[7,249]
[8,177]
[20,281]
[23,0]
[5,2,31,169]
[5,4,26,145]
