[23,0]
[1,-1,1]
[23,1]
[19,161,1,"test/testdata/testRefCount41.js"]
[22,9,19,1,19,24]
[22,17,19,1,19,24]
[22,25,20,9,20,11]
[22,33,20,9,20,11]
[22,41,20,9,20,11]
[22,49,21,5,21,6]
[22,57,21,1,21,7]
[22,65,22,39,22,43]
[22,73,22,32,22,43]
[22,81,22,18,22,45]
[22,89,22,18,22,45]
[22,97,22,18,22,45]
[22,105,22,18,22,47]
[22,113,22,18,22,47]
[22,121,22,18,22,47]
[22,129,23,1,23,20]
[22,137,23,1,23,21]
[22,145,24,1,24,13]
[22,153,24,1,24,14]
[22,161,19,1,24,14]
[22,169,19,1,19,24]
[22,177,19,1,24,14]
[22,185,19,1,24,14]
[22,193,19,1,24,14]
[22,201,19,1,19,24]
[22,209,19,1,19,24]
[22,217,22,18,22,45]
[22,225,22,18,22,45]
[22,233,19,1,24,14]
[22,241,19,1,24,14]
[21,9,["J$"]]
[21,81,["J$"]]
[2,169,9,2]
[0,177,"jalangiRC",2]
[0,185,"y",0]
[0,193,"GLOBAL_OBJ",0]
[1,25,4]
[4,33,"y",4]
[8,41]
[4,49,"x",4]
[8,57]
[2,97,81,5]
[18,105,5,81,1]
[8,73]
[11,1]
[7,225]
[4,113,"GLOBAL_OBJ",1]
[8,121]
[3,129,1,"x",0]
[8,137]
[10,145,4]
[18,145,2,9,1]
[7,209]
[8,153]
[20,241]
[23,0]
[5,1,18,"1:129"]
[5,2,22,"1:145"]
[5,5,15,"1:105"]
[24]
