[23,0]
[1,-1,1]
[23,1]
[19,193,1,"lifetime-analysis/test/traces/testRefCount24_inst/testRefCount24_jalangi_.js"]
[22,9,16,1,16,24]
[22,17,16,1,16,24]
[22,25,18,9,18,29]
[22,33,18,9,18,29]
[22,41,18,9,18,29]
[22,49,19,9,19,11]
[22,57,19,9,19,11]
[22,65,19,9,19,11]
[22,73,21,24,21,36]
[22,81,21,24,21,37]
[22,89,21,38,21,51]
[22,97,21,38,21,52]
[22,105,21,10,21,54]
[22,113,21,10,21,54]
[22,121,21,10,21,54]
[22,129,21,10,21,54]
[22,137,20,33,22,2]
[22,145,20,1,22,3]
[22,147,20,1,20,22]
[22,153,20,1,22,4]
[22,161,23,1,23,10]
[22,169,23,1,23,11]
[22,177,24,1,24,13]
[22,185,24,1,24,14]
[22,193,16,1,24,14]
[22,201,16,1,16,24]
[22,209,16,1,24,14]
[22,217,16,1,24,14]
[22,225,16,1,24,14]
[22,233,16,1,16,24]
[22,241,16,1,16,24]
[22,249,21,10,21,54]
[22,257,21,10,21,54]
[22,265,16,1,24,14]
[22,273,16,1,24,14]
[21,9,["J$"]]
[21,105,["J$"]]
[2,201,9,2]
[0,209,"jalangiRC",2]
[0,217,"x",0]
[0,225,"y",0]
[1,25,4]
[4,33,"x",4]
[8,41]
[1,49,5]
[4,57,"y",5]
[8,65]
[2,129,105,6]
[1,137,8]
[3,137,8,"set",6]
[3,145,5,"~set~bar",6]
[8,153]
[6,105,6]
[0,105,"this",5]
[0,121,"p",4]
[3,73,5,"foo",4]
[8,81]
[3,89,5,"fizz",4]
[8,97]
[7,257]
[8,169]
[10,177,4]
[18,177,2,9]
[7,241]
[8,185]
[20,273]
[23,0]
[5,2,28,177]
[5,5,24,161]
[5,6,17,105]
