[23,0]
[1,-1,1]
[23,1]
[19,177,1,"test/testdata/testRefCount44.js"]
[22,9,16,1,16,24]
[22,17,16,1,16,24]
[22,25,19,5,19,22]
[22,33,19,5,19,22]
[22,41,20,13,20,34]
[22,49,20,13,20,34]
[22,57,20,13,20,34]
[22,65,21,5,21,19]
[22,73,21,5,21,20]
[22,81,22,5,22,21]
[22,89,22,5,22,22]
[22,97,23,5,23,19]
[22,105,23,5,23,20]
[22,113,18,1,24,3]
[22,121,18,1,24,3]
[22,129,19,5,19,22]
[22,137,18,1,24,3]
[22,145,18,1,24,3]
[22,153,18,1,24,3]
[22,161,18,1,24,5]
[22,169,18,1,24,6]
[22,177,16,1,24,6]
[22,185,16,1,16,24]
[22,193,16,1,24,6]
[22,201,16,1,16,24]
[22,209,16,1,16,24]
[22,217,19,5,19,22]
[22,225,19,5,19,22]
[22,233,18,1,24,3]
[22,241,18,1,24,3]
[22,249,16,1,24,6]
[22,257,16,1,24,6]
[21,9,["J$"]]
[21,25,["J$"]]
[21,113,["J$","setInterval","undefined","jalangiRC","clearInterval"]]
[2,185,9,2]
[0,193,"jalangiRC",2]
[2,153,113,4]
[18,161,4,113]
[2,129,25,6]
[0,137,"baz",6]
[0,145,"t",0]
[4,41,"~timer~global~1",6]
[1,41,8]
[4,49,"t",8]
[8,57]
[10,65,6]
[18,65,2,9]
[7,209]
[8,73]
[4,81,"~timer~global~1",0]
[8,81]
[10,97,6]
[18,97,2,9]
[7,209]
[8,105]
[7,241]
[8,169]
[20,257]
[23,0]
[5,2,21,97]
[5,4,23,161]
