[23,0]
[1,-1,1]
[23,1]
[19,585,1,"test/testdata/testRefCount40.js"]
[22,9,18,26,19,18]
[22,17,18,26,19,18]
[22,25,18,26,19,18]
[22,33,19,27,19,42]
[22,41,19,27,19,47]
[22,49,18,26,19,18]
[22,57,18,26,19,18]
[22,65,19,27,19,47]
[22,73,19,27,19,47]
[22,81,21,22,22,18]
[22,89,21,22,22,18]
[22,97,21,22,22,18]
[22,105,23,22,24,18]
[22,113,23,22,24,18]
[22,121,23,22,24,18]
[22,129,26,23,26,25]
[22,137,26,23,26,30]
[22,145,20,32,27,14]
[22,153,20,13,27,14]
[22,161,20,13,27,15]
[22,169,29,29,30,18]
[22,177,29,29,30,18]
[22,185,29,29,30,18]
[22,193,31,28,32,18]
[22,201,31,28,32,18]
[22,209,31,28,32,18]
[22,217,33,27,34,18]
[22,225,33,27,34,18]
[22,233,33,27,34,18]
[22,241,35,23,36,18]
[22,249,35,23,36,18]
[22,257,35,23,36,18]
[22,265,37,23,38,18]
[22,273,37,23,38,18]
[22,281,37,23,38,18]
[22,289,40,21,40,32]
[22,291,40,21,40,30]
[22,297,40,21,40,33]
[22,305,39,28,41,18]
[22,313,39,28,41,18]
[22,321,39,28,41,18]
[22,329,42,26,43,18]
[22,337,42,26,43,18]
[22,345,42,26,43,18]
[22,353,44,24,45,18]
[22,361,44,24,45,18]
[22,369,44,24,45,18]
[22,377,46,23,47,18]
[22,385,46,23,47,18]
[22,393,46,23,47,18]
[22,401,49,35,49,41]
[22,409,49,35,49,41]
[22,417,48,22,50,18]
[22,425,48,22,50,18]
[22,433,48,22,50,18]
[22,441,48,22,50,18]
[22,449,28,27,51,14]
[22,457,28,13,51,15]
[22,459,28,13,28,26]
[22,465,28,13,51,16]
[22,473,17,18,52,10]
[22,481,17,18,52,10]
[22,489,17,18,52,10]
[22,497,17,18,52,10]
[22,505,17,18,52,10]
[22,513,17,18,52,12]
[22,521,17,18,52,12]
[22,529,17,18,52,12]
[22,537,16,2,53,2]
[22,545,16,2,53,2]
[22,553,16,2,53,2]
[22,561,16,2,53,2]
[22,569,16,2,53,4]
[22,577,16,1,53,6]
[22,585,1,1,53,6]
[22,593,18,26,19,18]
[22,601,18,26,19,18]
[22,609,21,22,22,18]
[22,617,21,22,22,18]
[22,625,23,22,24,18]
[22,633,23,22,24,18]
[22,641,29,29,30,18]
[22,649,29,29,30,18]
[22,657,31,28,32,18]
[22,665,31,28,32,18]
[22,673,33,27,34,18]
[22,681,33,27,34,18]
[22,689,35,23,36,18]
[22,697,35,23,36,18]
[22,705,37,23,38,18]
[22,713,37,23,38,18]
[22,721,39,28,41,18]
[22,729,39,28,41,18]
[22,737,42,26,43,18]
[22,745,42,26,43,18]
[22,753,44,24,45,18]
[22,761,44,24,45,18]
[22,769,46,23,47,18]
[22,777,46,23,47,18]
[22,785,48,22,50,18]
[22,793,48,22,50,18]
[22,801,17,18,52,10]
[22,809,17,18,52,10]
[22,817,16,2,53,2]
[22,825,16,2,53,2]
[22,833,1,1,53,6]
[22,841,1,1,53,6]
[21,9,["J$"]]
[21,81,["J$"]]
[21,105,["J$"]]
[21,169,["J$"]]
[21,193,["J$"]]
[21,217,["J$"]]
[21,241,["J$"]]
[21,265,["J$"]]
[21,305,["J$","push"]]
[21,329,["J$"]]
[21,353,["J$"]]
[21,377,["J$"]]
[21,417,["J$","jQuery"]]
[21,473,["J$","Array"]]
[21,537,["J$","Array"]]
[2,561,537,2]
[18,569,2,537,1]
[0,553,"jQuery",0]
[2,505,473,4]
[18,513,4,473,1]
[0,489,"jQuery",0]
[0,497,"push",0]
[2,25,9,6]
[4,49,"jQuery",6]
[8,"1:57"]
[1,65,8]
[4,65,"push",8]
[8,"1:73"]
[2,97,81,9]
[2,121,105,11]
[1,129,13]
[1,145,14]
[3,145,14,"map",9]
[3,145,14,"end",11]
[3,145,14,"push",8]
[1,145,15]
[3,145,14,"sort",15]
[3,153,6,"prototype",14]
[8,"1:161"]
[2,185,169,16]
[2,209,193,18]
[2,233,217,20]
[2,257,241,22]
[2,281,265,24]
[2,321,305,26]
[2,345,329,28]
[2,369,353,30]
[2,393,377,32]
[2,441,417,34]
[1,449,36]
[3,449,36,"globalEval",16]
[3,449,36,"camelCase",18]
[3,449,36,"nodeName",20]
[3,449,36,"each",22]
[3,449,36,"trim",24]
[3,449,36,"makeArray",26]
[3,449,36,"inArray",28]
[3,449,36,"merge",30]
[3,449,36,"grep",32]
[3,449,36,"map",34]
[7,809]
[7,825]
[20,841]
[23,0]
[5,6,24,"1:459"]
[5,13,17,"1:137"]
[24]
