[23,0]
[1,-1,1]
[23,1]
[19,281,1,"lifetime-analysis/test/traces/testRefCount36_inst/testRefCount36_jalangi_.js"]
[22,9,16,1,16,24]
[22,17,16,1,16,24]
[22,25,18,9,18,11]
[22,33,18,9,18,11]
[22,41,18,9,18,11]
[22,49,20,9,20,13]
[22,57,20,9,20,13]
[22,65,23,9,23,10]
[22,73,23,5,23,11]
[22,81,22,1,24,2]
[22,89,22,1,24,2]
[22,97,22,1,24,2]
[22,105,26,1,26,5]
[22,113,26,1,26,6]
[22,121,28,1,28,13]
[22,129,28,1,28,14]
[22,137,31,13,31,17]
[22,145,31,13,31,17]
[22,153,33,13,33,14]
[22,161,33,9,33,15]
[22,169,32,5,34,6]
[22,177,32,5,34,6]
[22,185,32,5,34,6]
[22,193,35,5,35,9]
[22,201,35,5,35,10]
[22,209,36,5,36,17]
[22,217,36,5,36,18]
[22,225,30,1,37,2]
[22,233,30,1,37,2]
[22,241,30,1,37,2]
[22,249,32,5,34,6]
[22,257,30,1,37,2]
[22,265,39,1,39,4]
[22,273,39,1,39,5]
[22,281,16,1,39,5]
[22,289,16,1,16,24]
[22,297,16,1,39,5]
[22,305,16,1,39,5]
[22,313,16,1,39,5]
[22,321,22,1,24,2]
[22,329,16,1,39,5]
[22,337,30,1,37,2]
[22,345,16,1,39,5]
[22,353,16,1,16,24]
[22,361,16,1,16,24]
[22,369,22,1,24,2]
[22,377,22,1,24,2]
[22,385,32,5,34,6]
[22,393,32,5,34,6]
[22,401,30,1,37,2]
[22,409,30,1,37,2]
[22,417,16,1,39,5]
[22,425,16,1,39,5]
[21,9,["J$"]]
[21,81,["J$","y"]]
[21,169,["J$","z"]]
[21,225,["J$","x","jalangiRC"]]
[2,289,9,2]
[0,297,"jalangiRC",2]
[0,305,"x",0]
[0,313,"y",0]
[2,321,81,4]
[0,329,"f",4]
[2,337,225,6]
[0,345,"g",6]
[1,25,8]
[4,33,"x",8]
[8,41]
[18,105,4,81]
[0,97,"p",8]
[4,65,"y",8]
[8,73]
[7,377]
[8,113]
[10,121,8]
[18,121,2,9]
[7,361]
[8,129]
[18,265,6,225]
[0,241,"z",0]
[2,249,169,9]
[0,257,"h",9]
[8,145]
[18,193,9,169]
[0,185,"q",8]
[4,153,"z",8]
[8,161]
[7,393]
[8,201]
[10,209,8]
[18,209,2,9]
[7,361]
[8,217]
[7,409]
[8,273]
[20,425]
[23,0]
[5,2,36,209]
[5,4,17,105]
[5,6,38,265]
[5,9,32,193]
