[23,0]
[1,-1,1]
[23,1]
[19,145,1,"test/testdata/testRefCount47.js"]
[22,9,16,1,16,24]
[22,17,16,1,16,24]
[22,25,18,9,18,11]
[22,33,18,9,18,11]
[22,41,18,9,18,11]
[22,49,19,10,19,11]
[22,57,19,10,19,11]
[22,65,20,1,20,13]
[22,73,20,1,20,14]
[22,81,21,9,21,13]
[22,89,21,9,21,13]
[22,97,22,6,22,42]
[22,105,22,1,22,44]
[22,113,23,1,23,4]
[22,121,23,1,23,5]
[22,129,24,1,24,13]
[22,137,24,1,24,14]
[22,145,16,1,24,14]
[22,153,16,1,16,24]
[22,161,16,1,24,14]
[22,169,16,1,24,14]
[22,177,16,1,24,14]
[22,185,16,1,24,14]
[22,193,16,1,16,24]
[22,201,16,1,16,24]
[22,209,16,1,24,14]
[22,217,16,1,24,14]
[21,9,["J$"]]
[2,153,9,2]
[0,161,"jalangiRC",2]
[0,169,"x",0]
[0,177,"x2",0]
[0,185,"y",0]
[1,25,4]
[4,33,"x",4]
[8,41]
[4,49,"x2",4]
[8,57]
[10,65,4]
[18,65,2,9,1]
[7,201]
[8,73]
[23,2]
[19,69,2,"eval"]
[22,13,1,27,1,31]
[22,21,1,22,1,32]
[22,29,1,5,1,34]
[22,37,1,5,1,34]
[22,45,1,5,1,34]
[22,53,1,5,1,34]
[22,61,1,1,1,35]
[22,69,1,1,1,35]
[22,77,1,5,1,34]
[22,85,1,5,1,34]
[22,93,1,1,1,35]
[22,101,1,1,1,35]
[21,9,["J$"]]
[2,45,29,5]
[4,53,"y",5]
[8,61]
[20,101]
[8,105]
[23,1]
[18,113,5,29,2]
[23,2]
[4,13,"x2",0]
[8,21]
[7,85]
[8,121]
[23,1]
[10,129,4]
[18,129,2,9,1]
[7,201]
[8,137]
[20,217]
[23,0]
[5,2,29,"1:129"]
[5,5,25,"1:113"]
[24]
