[1,-1,1]
[19,305,"lifetime-analysis/test/traces/testRefCount28_inst/testRefCount28_jalangi_.js"]
[2,313,9,2]
[0,321,"jalangiRC",2]
[0,329,"jQuery",0]
[2,337,89,4]
[0,345,"createOptions",4]
[2,41,25,6]
[4,49,"jQuery",6]
[8,49]
[2,281,249,8]
[3,289,6,"Callbacks",8]
[8,289]
[18,297,8,249]
[0,249,"this",6]
[0,265,"options",0]
[0,273,"self",0]
[18,113,4,89]
[0,105,"object",0]
[1,57,10]
[4,65,"object",10]
[8,65]
[10,73,10]
[18,73,2,9]
[7,361]
[8,73]
[11,10]
[7,393]
[4,121,"options",10]
[8,121]
[10,129,10]
[18,129,2,9]
[7,361]
[8,129]
[2,225,209,11]
[1,233,13]
[3,233,13,"add",11]
[4,241,"self",13]
[8,241]
[7,457]
[8,297]
[20,473]
[5,2,32,129]
[5,4,27,113]
[5,6,11,299]
[5,8,39,297]
