[23,0]
[1,-1,1]
[23,1]
[19,265,1,"lifetime-analysis/test/traces/htmlTest7/checknode.js"]
[22,9,16,1,16,24]
[22,17,16,1,16,24]
[22,25,22,9,22,23]
[22,33,22,9,22,24]
[22,41,21,15,23,6]
[22,49,21,15,23,6]
[22,57,21,15,23,6]
[22,65,21,15,23,6]
[22,73,21,15,23,6]
[22,81,25,15,25,50]
[22,83,25,15,25,38]
[22,89,25,15,25,50]
[22,97,25,9,25,51]
[22,105,26,9,26,26]
[22,113,26,9,26,43]
[22,115,26,9,26,38]
[22,121,26,9,26,44]
[22,129,27,9,27,26]
[22,137,27,9,27,27]
[22,145,24,15,28,6]
[22,153,24,15,28,6]
[22,161,24,15,28,6]
[22,169,24,15,28,6]
[22,177,24,15,28,6]
[22,185,30,5,30,22]
[22,193,30,5,30,23]
[22,201,18,1,31,3]
[22,209,18,1,31,3]
[22,217,18,1,31,3]
[22,225,18,1,31,3]
[22,233,18,1,31,3]
[22,241,18,1,31,3]
[22,249,18,1,31,5]
[22,257,18,1,31,6]
[22,265,16,1,31,6]
[22,273,16,1,16,24]
[22,281,16,1,31,6]
[22,289,16,1,16,24]
[22,297,16,1,16,24]
[22,305,21,15,23,6]
[22,313,21,15,23,6]
[22,321,24,15,28,6]
[22,329,24,15,28,6]
[22,337,18,1,31,3]
[22,345,18,1,31,3]
[22,353,16,1,31,6]
[22,361,16,1,31,6]
[21,9,["J$"]]
[21,41,["J$","div","jalangiRC"]]
[21,145,["J$","div","document","undefined","bar","setTimeout"]]
[21,201,["J$","setTimeout","undefined","jalangiRC","document"]]
[2,273,9,2]
[0,281,"jalangiRC",2]
[2,241,201,4]
[18,249,4,201]
[0,217,"div",0]
[0,225,"bar",0]
[0,233,"foo",0]
[2,57,41,6]
[4,65,"bar",6]
[8,73]
[2,161,145,8]
[4,169,"foo",8]
[8,177]
[4,185,"~timer~global~1",8]
[8,193]
[7,345]
[8,257]
[20,361]
[23,0]
[12,-2,10]
[4,-2,"document",10]
[12,-2,11]
[3,-2,10,"documentElement",11]
[17,11]
[12,-2,12]
[13,11,12]
[12,-2,13]
[13,12,13]
[12,-2,14]
[13,12,14]
[12,-2,15]
[13,12,15]
[12,-2,16]
[13,12,16]
[12,-2,17]
[13,12,17]
[12,-2,18]
[13,12,18]
[12,-2,19]
[13,12,19]
[12,-2,20]
[13,12,20]
[12,-2,21]
[13,12,21]
[12,-2,22]
[13,12,22]
[12,-2,23]
[13,12,23]
[12,-2,24]
[13,12,24]
[12,-2,25]
[13,12,25]
[12,-2,26]
[13,12,26]
[12,-2,27]
[13,12,27]
[12,-2,28]
[13,12,28]
[12,-2,29]
[13,12,29]
[12,-2,30]
[13,12,30]
[12,-2,31]
[13,12,31]
[12,-2,32]
[13,12,32]
[12,-2,33]
[13,12,33]
[12,-2,34]
[13,12,34]
[12,-2,35]
[13,12,35]
[12,-2,36]
[13,12,36]
[12,-2,37]
[13,12,37]
[12,-2,38]
[13,12,38]
[12,-2,39]
[13,12,39]
[12,-2,40]
[13,12,40]
[12,-2,41]
[13,12,41]
[12,-2,42]
[13,12,42]
[12,-2,43]
[13,12,43]
[12,-2,44]
[13,12,44]
[12,-2,45]
[13,12,45]
[12,-2,46]
[13,12,46]
[12,-2,47]
[13,12,47]
[12,-2,48]
[13,12,48]
[12,-2,49]
[13,12,49]
[12,-2,50]
[13,12,50]
[12,-2,51]
[13,12,51]
[12,-2,52]
[13,12,52]
[12,-2,53]
[13,12,53]
[12,-2,54]
[13,12,54]
[12,-2,55]
[13,12,55]
[12,-2,56]
[13,12,56]
[12,-2,57]
[13,12,57]
[12,-2,58]
[13,12,58]
[12,-2,59]
[13,12,59]
[12,-2,60]
[13,59,60]
[12,-2,61]
[13,12,61]
[12,-2,62]
[13,12,62]
[12,-2,63]
[13,12,63]
[12,-2,64]
[13,12,64]
[12,-2,65]
[13,11,65]
[12,-2,66]
[13,11,66]
[12,-2,67]
[13,66,67]
[12,-2,68]
[13,66,68]
[12,-2,69]
[13,68,69]
[12,-2,70]
[13,68,70]
[12,-2,71]
[13,70,71]
[12,-2,72]
[13,68,72]
[12,-2,73]
[13,68,73]
[12,-2,74]
[13,73,74]
[12,-2,75]
[13,68,75]
[12,-2,76]
[13,68,76]
[12,-2,77]
[13,76,77]
[12,-2,78]
[13,68,78]
[12,-2,79]
[13,66,79]
[12,-2,80]
[13,66,80]
[12,-2,81]
[13,66,81]
[8,-1]
[23,1]
[6,145,8]
[4,89,"div",68]
[8,97]
[4,129,"~timer~global~2",6]
[8,137]
[7,329]
[23,0]
[4,145,"~timer~global~1",0]
[8,145]
[14,66,68]
[8,-1]
[23,1]
[6,41,6]
[10,25,68]
[18,25,2,9]
[7,297]
[8,33]
[7,313]
[23,0]
[4,41,"~timer~global~2",0]
[8,41]
[5,2,179,25]
[5,4,17,249]
[5,6,176,41]
[5,8,166,145]
[5,10,166,83]
[5,66,167,115]
[5,68,167,105]
