[23,0]
[1,-1,1]
[23,1]
[19,49,1,"lifetime-analysis/test/traces/htmlTest18/a_orig_.js"]
[22,9,17,12,17,13]
[22,17,17,5,17,14]
[22,25,16,1,18,2]
[22,33,16,1,18,2]
[22,41,16,1,18,2]
[22,49,1,1,18,2]
[22,57,16,1,18,2]
[22,65,1,1,18,2]
[22,73,16,1,18,2]
[22,81,16,1,18,2]
[22,89,1,1,18,2]
[22,97,1,1,18,2]
[21,25,["J$"]]
[2,57,25,2]
[0,65,"id",2]
[20,97]
[23,2]
[19,241,2,"lifetime-analysis/test/traces/htmlTest18/b_orig_.js"]
[22,9,17,9,17,16]
[22,17,17,9,17,16]
[22,25,17,9,17,16]
[22,33,19,12,19,14]
[22,41,19,9,19,15]
[22,49,19,24,19,26]
[22,57,19,21,19,27]
[22,65,19,36,19,38]
[22,73,19,33,19,39]
[22,81,19,9,19,15]
[22,89,19,9,19,15]
[22,97,19,21,19,27]
[22,105,19,21,19,27]
[22,113,19,33,19,39]
[22,121,19,33,19,39]
[22,129,20,40,20,43]
[22,137,20,33,20,44]
[22,145,20,18,20,46]
[22,153,20,18,20,46]
[22,161,20,18,20,46]
[22,169,20,18,20,46]
[22,177,20,12,20,47]
[22,179,20,12,20,17]
[22,185,20,9,20,48]
[22,193,20,9,20,48]
[22,201,20,9,20,48]
[22,209,21,1,21,15]
[22,211,21,1,21,12]
[22,217,21,1,21,16]
[22,225,22,21,22,25]
[22,233,22,21,22,25]
[22,241,1,1,23,1]
[22,249,1,1,23,1]
[22,257,1,1,23,1]
[22,265,1,1,23,1]
[22,273,1,1,23,1]
[22,281,1,1,23,1]
[22,289,1,1,23,1]
[22,297,20,18,20,46]
[22,305,20,18,20,46]
[22,313,1,1,23,1]
[22,321,1,1,23,1]
[21,145,["J$"]]
[0,249,"x",0]
[0,257,"a",0]
[0,265,"b",0]
[0,273,"c",0]
[0,281,"y",0]
[0,289,"__memTestDone",0]
[1,9,4]
[4,17,"x",4]
[8,"2:25"]
[1,33,5]
[18,41,2,25,1]
[23,1]
[0,41,"x",5]
[8,"1:17"]
[11,5]
[7,81]
[23,2]
[4,81,"a",5]
[8,"2:89"]
[1,49,6]
[18,57,2,25,1]
[23,1]
[0,41,"x",6]
[8,"1:17"]
[11,6]
[7,81]
[23,2]
[4,97,"b",6]
[8,"2:105"]
[1,65,7]
[18,73,2,25,1]
[23,1]
[0,41,"x",7]
[8,"1:17"]
[11,7]
[7,81]
[23,2]
[4,113,"c",7]
[8,"2:121"]
[2,169,145,8]
[6,145,8]
[0,161,"p",0]
[8,"2:137"]
[7,305]
[6,145,8]
[0,161,"p",0]
[8,"2:137"]
[7,305]
[6,145,8]
[0,161,"p",0]
[8,"2:137"]
[7,305]
[18,185,2,25,1]
[23,1]
[23,2]
[1,177,10]
[23,1]
[0,41,"x",10]
[8,"1:17"]
[11,10]
[7,81]
[23,2]
[4,193,"y",10]
[8,"2:201"]
[20,321]
[23,0]
[12,-2,11]
[4,-2,"document",11]
[12,-2,12]
[3,-2,11,"documentElement",12]
[17,12]
[12,-2,13]
[13,12,13]
[12,-2,14]
[13,13,14]
[12,-2,15]
[13,13,15]
[12,-2,16]
[13,13,16]
[12,-2,17]
[13,13,17]
[12,-2,18]
[13,13,18]
[12,-2,19]
[13,13,19]
[12,-2,20]
[13,13,20]
[12,-2,21]
[13,13,21]
[12,-2,22]
[13,13,22]
[12,-2,23]
[13,13,23]
[12,-2,24]
[13,13,24]
[12,-2,25]
[13,24,25]
[12,-2,26]
[13,13,26]
[12,-2,27]
[13,13,27]
[12,-2,28]
[13,13,28]
[12,-2,29]
[13,13,29]
[12,-2,30]
[13,12,30]
[12,-2,31]
[13,12,31]
[12,-2,32]
[13,31,32]
[12,-2,33]
[13,31,33]
[12,-2,34]
[13,31,34]
[12,-2,35]
[13,31,35]
[12,-2,36]
[13,31,36]
[8,"0:-1"]
[5,2,57,"2:185"]
[5,4,37,"2:179"]
[5,8,48,"2:145"]
[24]
