[23,0]
[1,-1,1]
[23,1]
[19,305,1,"lifetime-analysis/test/traces/htmlTest11/code_orig_.js"]
[22,9,17,21,17,26]
[22,17,17,21,17,26]
[22,25,22,19,22,39]
[22,33,22,19,22,39]
[22,41,22,19,22,39]
[22,49,23,9,23,39]
[22,51,23,9,23,17]
[22,57,23,9,23,40]
[22,65,24,9,24,19]
[22,67,24,9,24,17]
[22,73,24,9,24,20]
[22,81,26,13,26,33]
[22,83,26,13,26,24]
[22,89,26,13,26,34]
[22,97,27,17,27,32]
[22,105,27,37,27,46]
[22,113,28,33,28,37]
[22,121,28,17,28,38]
[22,129,25,20,30,10]
[22,137,25,20,30,10]
[22,145,25,20,30,10]
[22,153,25,20,30,10]
[22,161,25,9,30,11]
[22,169,31,9,31,42]
[22,177,31,9,31,43]
[22,185,21,13,32,6]
[22,193,21,13,32,6]
[22,201,21,13,32,6]
[22,209,21,13,32,6]
[22,217,21,13,32,6]
[22,225,21,13,32,6]
[22,233,33,5,33,8]
[22,241,33,5,33,9]
[22,249,19,2,34,2]
[22,257,19,2,34,2]
[22,265,19,2,34,2]
[22,273,19,2,34,2]
[22,281,19,2,34,2]
[22,289,19,1,34,5]
[22,297,19,1,34,6]
[22,305,1,1,34,6]
[22,313,1,1,34,6]
[22,321,27,13,29,14]
[22,329,25,20,30,10]
[22,337,25,20,30,10]
[22,345,21,13,32,6]
[22,353,21,13,32,6]
[22,361,19,2,34,2]
[22,369,19,2,34,2]
[22,377,1,1,34,6]
[22,385,1,1,34,6]
[21,129,["J$","console","__memTestDone"]]
[21,185,["J$","XMLHttpRequest","undefined","callback","console","__memTestDone"]]
[21,249,["J$","XMLHttpRequest","undefined","console","__memTestDone"]]
[0,313,"__memTestDone",0]
[8,"1:17"]
[2,281,249,2]
[18,289,2,249,1]
[0,265,"callback",0]
[0,273,"x",0]
[2,209,185,4]
[4,217,"x",4]
[8,"1:225"]
[18,233,4,185,1]
[0,201,"xhr",0]
[1,25,6]
[4,33,"xhr",6]
[8,"1:41"]
[2,145,129,7]
[4,153,"callback",7]
[8,"1:161"]
[4,169,"~readystatechange~global~1",7]
[1,169,9]
[3,169,6,"onreadystatechange",9]
[8,"1:177"]
[7,353]
[8,"1:241"]
[7,369]
[8,"1:297"]
[20,385]
[23,0]
[12,-2,10]
[4,-2,"document",10]
[12,-2,11]
[3,-2,10,"documentElement",11]
[17,11]
[12,-2,12]
[13,11,12]
[12,-2,13]
[13,12,13]
[12,-2,14]
[13,12,14]
[12,-2,15]
[13,12,15]
[12,-2,16]
[13,12,16]
[12,-2,17]
[13,12,17]
[12,-2,18]
[13,12,18]
[12,-2,19]
[13,12,19]
[12,-2,20]
[13,12,20]
[12,-2,21]
[13,12,21]
[12,-2,22]
[13,12,22]
[12,-2,23]
[13,12,23]
[12,-2,24]
[13,23,24]
[12,-2,25]
[13,12,25]
[12,-2,26]
[13,12,26]
[12,-2,27]
[13,12,27]
[12,-2,28]
[13,12,28]
[12,-2,29]
[13,11,29]
[12,-2,30]
[13,29,30]
[23,1]
[8,"0:-1"]
[6,129,7]
[0,129,"this",6]
[8,"1:89"]
[7,337]
[4,129,"~readystatechange~global~1",0]
[23,0]
[8,"1:129"]
[5,2,25,"1:289"]
[5,4,23,"1:233"]
[5,6,73,"1:105"]
[5,7,72,"1:129"]
[24]
