[1,-1,1]
[19,137,"addnode.js"]
[0,145,"__memTestDone",0]
[2,113,73,2]
[18,121,2,73]
[0,89,"div",0]
[0,97,"para",0]
[0,105,"text",0]
[12,9,4]
[4,17,"div",4]
[8,17]
[12,25,5]
[4,33,"para",5]
[8,33]
[12,41,6]
[4,49,"text",6]
[8,49]
[7,161]
[8,121]
[20,177]
[12,-2,7]
[4,-2,"document",7]
[12,-2,8]
[3,-2,7,"documentElement",8]
[17,8]
[12,-2,9]
[13,8,9]
[12,-2,10]
[13,9,10]
[12,-2,11]
[13,10,11]
[12,-2,12]
[13,9,12]
[12,-2,13]
[13,12,13]
[12,-2,14]
[13,9,14]
[12,-2,15]
[13,14,15]
[12,-2,16]
[13,9,16]
[12,-2,17]
[13,9,17]
[12,-2,18]
[13,9,18]
[12,-2,19]
[13,9,19]
[12,-2,20]
[13,9,20]
[12,-2,21]
[13,9,21]
[12,-2,22]
[13,9,22]
[12,-2,23]
[13,9,23]
[12,-2,24]
[13,9,24]
[12,-2,25]
[13,9,25]
[12,-2,26]
[13,9,26]
[12,-2,27]
[13,9,27]
[12,-2,28]
[13,27,28]
[12,-2,29]
[13,9,29]
[12,-2,30]
[13,9,30]
[12,-2,31]
[13,9,31]
[12,-2,32]
[13,9,32]
[12,-2,33]
[13,8,33]
[12,-2,34]
[13,8,34]
[12,-2,35]
[13,34,35]
[13,34,4]
[12,-2,36]
[13,4,36]
[12,-2,37]
[13,4,37]
[12,-2,38]
[13,37,38]
[12,-2,39]
[13,4,39]
[12,-2,40]
[13,4,40]
[12,-2,41]
[13,40,41]
[12,-2,42]
[13,4,42]
[12,-2,43]
[13,4,43]
[12,-2,44]
[13,43,44]
[12,-2,45]
[13,4,45]
[13,4,5]
[13,5,6]
[12,-2,46]
[13,34,46]
[12,-2,47]
[13,34,47]
[12,-2,48]
[13,34,48]
[8,-1]
[5,2,17,121]
[5,4,15,67]
[5,5,15,59]
